127.0.0.1 - admin [13/Jan/2024:08:08:07 -0600] "PUT /manager/text/deploy?path=%2FGen1-Rutas&update=true HTTP/1.1" 200 81
0:0:0:0:0:0:0:1 - - [13/Jan/2024:08:09:09 -0600] "GET /Gen1-Rutas/camiones/listar HTTP/1.1" 200 9672
0:0:0:0:0:0:0:1 - - [13/Jan/2024:08:09:09 -0600] "GET /favicon.ico HTTP/1.1" 304 -
0:0:0:0:0:0:0:1 - - [13/Jan/2024:08:09:17 -0600] "GET /Gen1-Rutas/camiones/alta HTTP/1.1" 500 4027
127.0.0.1 - admin [13/Jan/2024:08:12:29 -0600] "PUT /manager/text/deploy?path=%2FGen1-Rutas&update=true HTTP/1.1" 200 81
0:0:0:0:0:0:0:1 - - [13/Jan/2024:08:12:35 -0600] "GET /Gen1-Rutas/camiones/alta HTTP/1.1" 500 3851
127.0.0.1 - admin [13/Jan/2024:08:13:55 -0600] "PUT /manager/text/deploy?path=%2FGen1-Rutas&update=true HTTP/1.1" 200 81
0:0:0:0:0:0:0:1 - - [13/Jan/2024:08:14:08 -0600] "GET /Gen1-Rutas/camiones/alta HTTP/1.1" 200 9456
0:0:0:0:0:0:0:1 - - [13/Jan/2024:08:39:59 -0600] "GET /Gen1-Rutas/choferes/alta HTTP/1.1" 200 5926
127.0.0.1 - admin [13/Jan/2024:09:17:41 -0600] "PUT /manager/text/deploy?path=%2FGen1-Rutas&update=true HTTP/1.1" 200 81
0:0:0:0:0:0:0:1 - - [13/Jan/2024:09:17:50 -0600] "GET /Gen1-Rutas/choferes/listar HTTP/1.1" 200 9681
0:0:0:0:0:0:0:1 - - [13/Jan/2024:09:18:00 -0600] "GET /Gen1-Rutas/choferes/detalle?id=21 HTTP/1.1" 200 4621
127.0.0.1 - admin [13/Jan/2024:09:18:33 -0600] "PUT /manager/text/deploy?path=%2FGen1-Rutas&update=true HTTP/1.1" 200 81
0:0:0:0:0:0:0:1 - - [13/Jan/2024:09:18:42 -0600] "GET /Gen1-Rutas/choferes/detalle?id=21 HTTP/1.1" 200 4633
127.0.0.1 - admin [13/Jan/2024:09:22:48 -0600] "PUT /manager/text/deploy?path=%2FGen1-Rutas&update=true HTTP/1.1" 200 81
0:0:0:0:0:0:0:1 - - [13/Jan/2024:09:22:54 -0600] "GET /Gen1-Rutas/choferes/detalle?id=21 HTTP/1.1" 500 3405
127.0.0.1 - admin [13/Jan/2024:09:23:53 -0600] "PUT /manager/text/deploy?path=%2FGen1-Rutas&update=true HTTP/1.1" 200 81
0:0:0:0:0:0:0:1 - - [13/Jan/2024:09:24:00 -0600] "GET /Gen1-Rutas/choferes/detalle?id=21 HTTP/1.1" 200 4716
127.0.0.1 - admin [13/Jan/2024:09:24:18 -0600] "PUT /manager/text/deploy?path=%2FGen1-Rutas&update=true HTTP/1.1" 200 81
0:0:0:0:0:0:0:1 - - [13/Jan/2024:09:24:28 -0600] "GET /Gen1-Rutas/choferes/detalle?id=21 HTTP/1.1" 200 4715
0:0:0:0:0:0:0:1 - - [13/Jan/2024:09:24:30 -0600] "GET /Gen1-Rutas/choferes/listar HTTP/1.1" 200 9681
0:0:0:0:0:0:0:1 - - [13/Jan/2024:09:24:32 -0600] "GET /Gen1-Rutas/choferes/detalle?id=22 HTTP/1.1" 200 4720
0:0:0:0:0:0:0:1 - - [13/Jan/2024:09:24:39 -0600] "GET /Gen1-Rutas/choferes/listar HTTP/1.1" 200 9681
0:0:0:0:0:0:0:1 - - [13/Jan/2024:09:25:27 -0600] "GET /Gen1-Rutas/choferes/detalle?id=21 HTTP/1.1" 200 4715
0:0:0:0:0:0:0:1 - - [13/Jan/2024:09:25:32 -0600] "GET /Gen1-Rutas/choferes/listar HTTP/1.1" 200 9681
0:0:0:0:0:0:0:1 - - [13/Jan/2024:09:25:35 -0600] "GET /Gen1-Rutas/choferes/detalle?id=21 HTTP/1.1" 200 4715
0:0:0:0:0:0:0:1 - - [13/Jan/2024:09:25:39 -0600] "GET /Gen1-Rutas/choferes/listar HTTP/1.1" 200 9681
0:0:0:0:0:0:0:1 - - [13/Jan/2024:09:28:38 -0600] "GET /Gen1-Rutas/choferes/detalle?id=21 HTTP/1.1" 200 4715
127.0.0.1 - admin [13/Jan/2024:09:32:51 -0600] "PUT /manager/text/deploy?path=%2FGen1-Rutas&update=true HTTP/1.1" 200 81
0:0:0:0:0:0:0:1 - - [13/Jan/2024:09:32:57 -0600] "GET /Gen1-Rutas/choferes/detalle?id=21 HTTP/1.1" 500 5893
127.0.0.1 - admin [13/Jan/2024:09:33:57 -0600] "PUT /manager/text/deploy?path=%2FGen1-Rutas&update=true HTTP/1.1" 200 81
0:0:0:0:0:0:0:1 - - [13/Jan/2024:09:34:03 -0600] "GET /Gen1-Rutas/choferes/detalle?id=21 HTTP/1.1" 200 5007
0:0:0:0:0:0:0:1 - - [13/Jan/2024:09:34:05 -0600] "GET /Gen1-Rutas/choferes/listar HTTP/1.1" 200 9681
0:0:0:0:0:0:0:1 - - [13/Jan/2024:09:34:16 -0600] "GET /Gen1-Rutas/choferes/detalle?id=21 HTTP/1.1" 200 5007
0:0:0:0:0:0:0:1 - - [13/Jan/2024:09:34:18 -0600] "GET /Gen1-Rutas/choferes/editar HTTP/1.1" 404 722
0:0:0:0:0:0:0:1 - - [13/Jan/2024:09:34:22 -0600] "GET /Gen1-Rutas/choferes/eliminar HTTP/1.1" 404 724
0:0:0:0:0:0:0:1 - - [13/Jan/2024:09:34:33 -0600] "GET /Gen1-Rutas/choferes/listar HTTP/1.1" 200 9681
0:0:0:0:0:0:0:1 - - [13/Jan/2024:09:34:35 -0600] "GET /Gen1-Rutas/choferes/detalle?id=41 HTTP/1.1" 200 5005
0:0:0:0:0:0:0:1 - - [13/Jan/2024:09:34:52 -0600] "GET /Gen1-Rutas/choferes/listar HTTP/1.1" 200 9681
0:0:0:0:0:0:0:1 - - [13/Jan/2024:09:35:04 -0600] "GET /Gen1-Rutas/choferes/detalle?id=62 HTTP/1.1" 200 5008
0:0:0:0:0:0:0:1 - - [13/Jan/2024:09:35:12 -0600] "GET /Gen1-Rutas/choferes/listar HTTP/1.1" 200 9681
0:0:0:0:0:0:0:1 - - [13/Jan/2024:09:36:38 -0600] "GET /Gen1-Rutas/choferes/detalle?id=66 HTTP/1.1" 200 5015
127.0.0.1 - admin [13/Jan/2024:09:42:28 -0600] "PUT /manager/text/deploy?path=%2FGen1-Rutas&update=true HTTP/1.1" 200 81
0:0:0:0:0:0:0:1 - - [13/Jan/2024:09:42:33 -0600] "GET /Gen1-Rutas/choferes/listar HTTP/1.1" 200 9681
0:0:0:0:0:0:0:1 - - [13/Jan/2024:09:44:06 -0600] "GET /Gen1-Rutas/choferes/eliminar?id=66 HTTP/1.1" 302 -
0:0:0:0:0:0:0:1 - - [13/Jan/2024:09:44:06 -0600] "GET /Gen1-Rutas/choferes/listar HTTP/1.1" 200 8862
0:0:0:0:0:0:0:1 - - [13/Jan/2024:09:44:10 -0600] "GET /Gen1-Rutas/choferes/alta HTTP/1.1" 200 5926
0:0:0:0:0:0:0:1 - - [13/Jan/2024:09:44:44 -0600] "POST /Gen1-Rutas/choferes/alta HTTP/1.1" 302 -
0:0:0:0:0:0:0:1 - - [13/Jan/2024:09:44:44 -0600] "GET /Gen1-Rutas/choferes/listar HTTP/1.1" 200 9686
0:0:0:0:0:0:0:1 - - [13/Jan/2024:09:44:47 -0600] "GET /Gen1-Rutas/choferes/detalle?id=81 HTTP/1.1" 200 5020
0:0:0:0:0:0:0:1 - - [13/Jan/2024:09:44:49 -0600] "GET /Gen1-Rutas/choferes/eliminar HTTP/1.1" 404 694
0:0:0:0:0:0:0:1 - - [13/Jan/2024:09:45:03 -0600] "GET /Gen1-Rutas/choferes/listar HTTP/1.1" 200 9686
127.0.0.1 - admin [13/Jan/2024:09:47:09 -0600] "PUT /manager/text/deploy?path=%2FGen1-Rutas&update=true HTTP/1.1" 200 81
0:0:0:0:0:0:0:1 - - [13/Jan/2024:09:47:16 -0600] "GET /Gen1-Rutas/choferes/detalle?id=81 HTTP/1.1" 200 4936
0:0:0:0:0:0:0:1 - - [13/Jan/2024:09:47:18 -0600] "GET /Gen1-Rutas/choferes/listar HTTP/1.1" 200 9686
0:0:0:0:0:0:0:1 - - [13/Jan/2024:09:47:21 -0600] "GET /Gen1-Rutas/choferes/eliminar?id=81 HTTP/1.1" 302 -
0:0:0:0:0:0:0:1 - - [13/Jan/2024:09:47:22 -0600] "GET /Gen1-Rutas/choferes/listar HTTP/1.1" 200 8862
127.0.0.1 - admin [13/Jan/2024:10:18:51 -0600] "PUT /manager/text/deploy?path=%2FGen1-Rutas&update=true HTTP/1.1" 200 81
127.0.0.1 - admin [13/Jan/2024:10:47:48 -0600] "PUT /manager/text/deploy?path=%2FGen1-Rutas&update=true HTTP/1.1" 200 81
0:0:0:0:0:0:0:1 - - [13/Jan/2024:10:48:18 -0600] "GET /Gen1-Rutas/choferes/listar HTTP/1.1" 200 8862
0:0:0:0:0:0:0:1 - - [13/Jan/2024:10:48:27 -0600] "GET /Gen1-Rutas/choferes/editar?id=41 HTTP/1.1" 500 12492
127.0.0.1 - admin [13/Jan/2024:10:49:27 -0600] "PUT /manager/text/deploy?path=%2FGen1-Rutas&update=true HTTP/1.1" 200 81
0:0:0:0:0:0:0:1 - - [13/Jan/2024:10:49:34 -0600] "GET /Gen1-Rutas/choferes/editar?id=41 HTTP/1.1" 500 11263
127.0.0.1 - admin [13/Jan/2024:10:51:36 -0600] "PUT /manager/text/deploy?path=%2FGen1-Rutas&update=true HTTP/1.1" 200 81
0:0:0:0:0:0:0:1 - - [13/Jan/2024:10:51:43 -0600] "GET /Gen1-Rutas/choferes/editar?id=41 HTTP/1.1" 200 6050
0:0:0:0:0:0:0:1 - - [13/Jan/2024:10:53:00 -0600] "GET /Gen1-Rutas/choferes/listar HTTP/1.1" 200 8862
0:0:0:0:0:0:0:1 - - [13/Jan/2024:10:53:03 -0600] "GET /Gen1-Rutas/choferes/detalle?id=41 HTTP/1.1" 200 4905
0:0:0:0:0:0:0:1 - - [13/Jan/2024:10:53:08 -0600] "GET /Gen1-Rutas/choferes/editar HTTP/1.1" 404 694
0:0:0:0:0:0:0:1 - - [13/Jan/2024:10:53:20 -0600] "GET /Gen1-Rutas/choferes/listar HTTP/1.1" 200 8862
0:0:0:0:0:0:0:1 - - [13/Jan/2024:10:53:26 -0600] "GET /Gen1-Rutas/choferes/editar?id=41 HTTP/1.1" 200 6050
0:0:0:0:0:0:0:1 - - [13/Jan/2024:10:53:49 -0600] "POST /Gen1-Rutas/choferes/editar HTTP/1.1" 500 1667
0:0:0:0:0:0:0:1 - - [13/Jan/2024:10:54:06 -0600] "GET /Gen1-Rutas/choferes/editar?id=41 HTTP/1.1" 200 6050
127.0.0.1 - admin [13/Jan/2024:10:55:44 -0600] "PUT /manager/text/deploy?path=%2FGen1-Rutas&update=true HTTP/1.1" 200 81
0:0:0:0:0:0:0:1 - - [13/Jan/2024:10:55:56 -0600] "GET /Gen1-Rutas/choferes/editar?id=41 HTTP/1.1" 200 6050
127.0.0.1 - admin [13/Jan/2024:10:57:41 -0600] "PUT /manager/text/deploy?path=%2FGen1-Rutas&update=true HTTP/1.1" 200 81
0:0:0:0:0:0:0:1 - - [13/Jan/2024:10:57:47 -0600] "GET /Gen1-Rutas/choferes/editar?id=41 HTTP/1.1" 200 6050
0:0:0:0:0:0:0:1 - - [13/Jan/2024:10:58:25 -0600] "POST /Gen1-Rutas/choferes/editar HTTP/1.1" 500 1703
127.0.0.1 - admin [13/Jan/2024:11:00:13 -0600] "PUT /manager/text/deploy?path=%2FGen1-Rutas&update=true HTTP/1.1" 200 81
0:0:0:0:0:0:0:1 - - [13/Jan/2024:11:00:24 -0600] "POST /Gen1-Rutas/choferes/editar HTTP/1.1" 302 -
0:0:0:0:0:0:0:1 - - [13/Jan/2024:11:00:25 -0600] "GET /Gen1-Rutas/choferes/listar HTTP/1.1" 200 8864
127.0.0.1 - admin [13/Jan/2024:11:05:53 -0600] "PUT /manager/text/deploy?path=%2FGen1-Rutas&update=true HTTP/1.1" 200 81
0:0:0:0:0:0:0:1 - - [13/Jan/2024:11:06:10 -0600] "GET /Gen1-Rutas/choferes/detalle?id=61 HTTP/1.1" 200 4918
0:0:0:0:0:0:0:1 - - [13/Jan/2024:11:06:13 -0600] "GET /Gen1-Rutas/choferes/editar?id=61 HTTP/1.1" 200 6057
0:0:0:0:0:0:0:1 - - [13/Jan/2024:11:06:18 -0600] "POST /Gen1-Rutas/choferes/editar HTTP/1.1" 302 -
0:0:0:0:0:0:0:1 - - [13/Jan/2024:11:06:18 -0600] "GET /Gen1-Rutas/choferes/listar HTTP/1.1" 200 8864
0:0:0:0:0:0:0:1 - - [13/Jan/2024:11:06:23 -0600] "GET /Gen1-Rutas/choferes/alta HTTP/1.1" 200 5926
0:0:0:0:0:0:0:1 - - [13/Jan/2024:11:06:47 -0600] "POST /Gen1-Rutas/choferes/alta HTTP/1.1" 302 -
0:0:0:0:0:0:0:1 - - [13/Jan/2024:11:06:47 -0600] "GET /Gen1-Rutas/choferes/listar HTTP/1.1" 200 9694
127.0.0.1 - admin [13/Jan/2024:11:07:47 -0600] "PUT /manager/text/deploy?path=%2FGen1-Rutas&update=true HTTP/1.1" 200 81
0:0:0:0:0:0:0:1 - - [13/Jan/2024:11:07:54 -0600] "GET /Gen1-Rutas/choferes/detalle?id=101 HTTP/1.1" 200 5035
127.0.0.1 - admin [13/Jan/2024:11:08:27 -0600] "PUT /manager/text/deploy?path=%2FGen1-Rutas&update=true HTTP/1.1" 200 81
0:0:0:0:0:0:0:1 - - [13/Jan/2024:11:08:31 -0600] "GET /Gen1-Rutas/choferes/detalle?id=101 HTTP/1.1" 200 5036
0:0:0:0:0:0:0:1 - - [13/Jan/2024:11:08:33 -0600] "GET /Gen1-Rutas/choferes/eliminar?id=101 HTTP/1.1" 302 -
0:0:0:0:0:0:0:1 - - [13/Jan/2024:11:08:33 -0600] "GET /Gen1-Rutas/choferes/listar HTTP/1.1" 200 8864
127.0.0.1 - admin [13/Jan/2024:11:16:01 -0600] "PUT /manager/text/deploy?path=%2FGen1-Rutas&update=true HTTP/1.1" 200 81
0:0:0:0:0:0:0:1 - - [13/Jan/2024:11:16:07 -0600] "GET /Gen1-Rutas/choferes/editar?id=61 HTTP/1.1" 200 6060
0:0:0:0:0:0:0:1 - - [13/Jan/2024:11:16:10 -0600] "GET /Gen1-Rutas/choferes/listar HTTP/1.1" 200 8864
0:0:0:0:0:0:0:1 - - [13/Jan/2024:11:16:12 -0600] "GET /Gen1-Rutas/choferes/detalle?id=61 HTTP/1.1" 200 5024
0:0:0:0:0:0:0:1 - - [13/Jan/2024:11:16:14 -0600] "GET /Gen1-Rutas/choferes/editar?id=61 HTTP/1.1" 200 6060
0:0:0:0:0:0:0:1 - - [13/Jan/2024:11:16:17 -0600] "POST /Gen1-Rutas/choferes/editar HTTP/1.1" 302 -
0:0:0:0:0:0:0:1 - - [13/Jan/2024:11:16:17 -0600] "GET /Gen1-Rutas/choferes/listar HTTP/1.1" 200 8864
0:0:0:0:0:0:0:1 - - [13/Jan/2024:11:16:19 -0600] "GET /Gen1-Rutas/choferes/detalle?id=61 HTTP/1.1" 200 5027
0:0:0:0:0:0:0:1 - - [13/Jan/2024:11:16:56 -0600] "GET /Gen1-Rutas/choferes/listar HTTP/1.1" 200 8864
0:0:0:0:0:0:0:1 - - [13/Jan/2024:11:27:28 -0600] "GET /Gen1-Rutas/choferes/editar?id=61 HTTP/1.1" 200 6053
0:0:0:0:0:0:0:1 - - [13/Jan/2024:11:27:36 -0600] "POST /Gen1-Rutas/choferes/editar HTTP/1.1" 302 -
0:0:0:0:0:0:0:1 - - [13/Jan/2024:11:27:36 -0600] "GET /Gen1-Rutas/choferes/listar HTTP/1.1" 200 8868
0:0:0:0:0:0:0:1 - - [13/Jan/2024:11:27:39 -0600] "GET /Gen1-Rutas/choferes/detalle?id=61 HTTP/1.1" 200 5028
0:0:0:0:0:0:0:1 - - [13/Jan/2024:11:27:41 -0600] "GET /Gen1-Rutas/choferes/listar HTTP/1.1" 200 8868
0:0:0:0:0:0:0:1 - - [13/Jan/2024:11:35:44 -0600] "GET /Gen1-Rutas/choferes/editar?id=22 HTTP/1.1" 200 6050
0:0:0:0:0:0:0:1 - - [13/Jan/2024:11:36:13 -0600] "POST /Gen1-Rutas/choferes/editar HTTP/1.1" 302 -
0:0:0:0:0:0:0:1 - - [13/Jan/2024:11:36:13 -0600] "GET /Gen1-Rutas/choferes/listar HTTP/1.1" 200 8869
0:0:0:0:0:0:0:1 - - [13/Jan/2024:11:36:17 -0600] "GET /Gen1-Rutas/choferes/detalle?id=22 HTTP/1.1" 200 5022
0:0:0:0:0:0:0:1 - - [13/Jan/2024:11:36:19 -0600] "GET /Gen1-Rutas/choferes/listar HTTP/1.1" 200 8869
0:0:0:0:0:0:0:1 - - [13/Jan/2024:11:36:22 -0600] "GET /Gen1-Rutas/choferes/detalle?id=21 HTTP/1.1" 200 5019
0:0:0:0:0:0:0:1 - - [13/Jan/2024:11:36:25 -0600] "GET /Gen1-Rutas/choferes/editar?id=21 HTTP/1.1" 200 6055
0:0:0:0:0:0:0:1 - - [13/Jan/2024:11:36:41 -0600] "POST /Gen1-Rutas/choferes/editar HTTP/1.1" 302 -
0:0:0:0:0:0:0:1 - - [13/Jan/2024:11:36:41 -0600] "GET /Gen1-Rutas/choferes/listar HTTP/1.1" 200 8869
0:0:0:0:0:0:0:1 - - [13/Jan/2024:11:36:44 -0600] "GET /Gen1-Rutas/choferes/detalle?id=21 HTTP/1.1" 200 5019
0:0:0:0:0:0:0:1 - - [13/Jan/2024:11:36:47 -0600] "GET /Gen1-Rutas/choferes/listar HTTP/1.1" 200 8869
127.0.0.1 - admin [13/Jan/2024:12:08:58 -0600] "PUT /manager/text/deploy?path=%2FGen1-Rutas&update=true HTTP/1.1" 200 81
0:0:0:0:0:0:0:1 - - [13/Jan/2024:12:09:07 -0600] "GET /Gen1-Rutas/camiones/listar HTTP/1.1" 200 9672
0:0:0:0:0:0:0:1 - - [13/Jan/2024:12:09:09 -0600] "GET /Gen1-Rutas/camiones/detalle?id=64 HTTP/1.1" 500 4885
127.0.0.1 - admin [13/Jan/2024:12:11:12 -0600] "PUT /manager/text/deploy?path=%2FGen1-Rutas&update=true HTTP/1.1" 200 81
0:0:0:0:0:0:0:1 - - [13/Jan/2024:12:11:18 -0600] "GET /Gen1-Rutas/camiones/detalle?id=64 HTTP/1.1" 200 5000
0:0:0:0:0:0:0:1 - - [13/Jan/2024:12:11:21 -0600] "GET /Gen1-Rutas/camiones/listar HTTP/1.1" 200 9672
127.0.0.1 - admin [13/Jan/2024:12:18:53 -0600] "PUT /manager/text/deploy?path=%2FGen1-Rutas&update=true HTTP/1.1" 200 81
0:0:0:0:0:0:0:1 - - [13/Jan/2024:12:19:13 -0600] "GET /Gen1-Rutas/camiones/listar HTTP/1.1" 200 9672
0:0:0:0:0:0:0:1 - - [13/Jan/2024:12:19:20 -0600] "GET /Gen1-Rutas/camiones/detalle?id=63 HTTP/1.1" 200 5005
0:0:0:0:0:0:0:1 - - [13/Jan/2024:12:19:23 -0600] "GET /Gen1-Rutas/camiones/eliminar?id=63 HTTP/1.1" 302 -
0:0:0:0:0:0:0:1 - - [13/Jan/2024:12:19:23 -0600] "GET /Gen1-Rutas/camiones/listar HTTP/1.1" 200 8859
0:0:0:0:0:0:0:1 - - [13/Jan/2024:12:19:26 -0600] "GET /Gen1-Rutas/camiones/alta HTTP/1.1" 200 9456
0:0:0:0:0:0:0:1 - - [13/Jan/2024:12:19:50 -0600] "POST /Gen1-Rutas/camiones/alta HTTP/1.1" 302 -
0:0:0:0:0:0:0:1 - - [13/Jan/2024:12:19:50 -0600] "GET /Gen1-Rutas/camiones/listar HTTP/1.1" 200 9674
0:0:0:0:0:0:0:1 - - [13/Jan/2024:12:19:56 -0600] "GET /Gen1-Rutas/camiones/detalle?id=102 HTTP/1.1" 200 5007
0:0:0:0:0:0:0:1 - - [13/Jan/2024:12:20:01 -0600] "GET /Gen1-Rutas/camiones/listar HTTP/1.1" 200 9674
0:0:0:0:0:0:0:1 - - [13/Jan/2024:12:20:09 -0600] "GET /Gen1-Rutas/camiones/eliminar?id=102 HTTP/1.1" 302 -
0:0:0:0:0:0:0:1 - - [13/Jan/2024:12:20:09 -0600] "GET /Gen1-Rutas/camiones/listar HTTP/1.1" 200 8859
0:0:0:0:0:0:0:1 - - [13/Jan/2024:12:20:12 -0600] "GET /Gen1-Rutas/camiones/alta HTTP/1.1" 200 9456
0:0:0:0:0:0:0:1 - - [13/Jan/2024:12:20:38 -0600] "POST /Gen1-Rutas/camiones/alta HTTP/1.1" 302 -
0:0:0:0:0:0:0:1 - - [13/Jan/2024:12:20:38 -0600] "GET /Gen1-Rutas/camiones/listar HTTP/1.1" 200 9677
0:0:0:0:0:0:0:1 - - [13/Jan/2024:12:20:41 -0600] "GET /Gen1-Rutas/camiones/detalle?id=67 HTTP/1.1" 200 5000
0:0:0:0:0:0:0:1 - - [13/Jan/2024:12:20:44 -0600] "GET /Gen1-Rutas/camiones/listar HTTP/1.1" 200 9677
127.0.0.1 - admin [13/Jan/2024:12:44:04 -0600] "PUT /manager/text/deploy?path=%2FGen1-Rutas&update=true HTTP/1.1" 200 81
127.0.0.1 - admin [13/Jan/2024:12:45:24 -0600] "PUT /manager/text/deploy?path=%2FGen1-Rutas&update=true HTTP/1.1" 200 81
0:0:0:0:0:0:0:1 - - [13/Jan/2024:12:45:29 -0600] "GET /Gen1-Rutas/camiones/listar HTTP/1.1" 200 9677
0:0:0:0:0:0:0:1 - - [13/Jan/2024:12:45:35 -0600] "GET /Gen1-Rutas/camiones/detalle?id=67 HTTP/1.1" 200 5000
0:0:0:0:0:0:0:1 - - [13/Jan/2024:12:45:37 -0600] "GET /Gen1-Rutas/camiones/listar HTTP/1.1" 200 9677
0:0:0:0:0:0:0:1 - - [13/Jan/2024:12:45:41 -0600] "GET /Gen1-Rutas/camiones/editar?id=67 HTTP/1.1" 200 5000
0:0:0:0:0:0:0:1 - - [13/Jan/2024:12:45:47 -0600] "GET /Gen1-Rutas/camiones/listar HTTP/1.1" 200 9677
0:0:0:0:0:0:0:1 - - [13/Jan/2024:12:45:51 -0600] "GET /Gen1-Rutas/camiones/editar?id=67 HTTP/1.1" 200 5000
0:0:0:0:0:0:0:1 - - [13/Jan/2024:12:45:53 -0600] "GET /Gen1-Rutas/camiones/listar HTTP/1.1" 200 9677
127.0.0.1 - admin [13/Jan/2024:12:46:49 -0600] "PUT /manager/text/deploy?path=%2FGen1-Rutas&update=true HTTP/1.1" 200 81
0:0:0:0:0:0:0:1 - - [13/Jan/2024:12:46:56 -0600] "GET /Gen1-Rutas/camiones/editar?id=67 HTTP/1.1" 500 5995
127.0.0.1 - admin [13/Jan/2024:12:48:18 -0600] "PUT /manager/text/deploy?path=%2FGen1-Rutas&update=true HTTP/1.1" 200 81
0:0:0:0:0:0:0:1 - - [13/Jan/2024:12:48:26 -0600] "GET /Gen1-Rutas/camiones/editar?id=67 HTTP/1.1" 500 4769
127.0.0.1 - admin [13/Jan/2024:12:50:17 -0600] "PUT /manager/text/deploy?path=%2FGen1-Rutas&update=true HTTP/1.1" 200 81
0:0:0:0:0:0:0:1 - - [13/Jan/2024:12:50:23 -0600] "GET /Gen1-Rutas/camiones/editar?id=67 HTTP/1.1" 500 4717
127.0.0.1 - admin [13/Jan/2024:12:52:49 -0600] "PUT /manager/text/deploy?path=%2FGen1-Rutas&update=true HTTP/1.1" 200 81
0:0:0:0:0:0:0:1 - - [13/Jan/2024:12:52:52 -0600] "GET /Gen1-Rutas/camiones/editar?id=67 HTTP/1.1" 500 4749
127.0.0.1 - admin [13/Jan/2024:13:01:43 -0600] "PUT /manager/text/deploy?path=%2FGen1-Rutas&update=true HTTP/1.1" 200 81
0:0:0:0:0:0:0:1 - - [13/Jan/2024:13:01:48 -0600] "GET /Gen1-Rutas/camiones/editar?id=67 HTTP/1.1" 200 9725
0:0:0:0:0:0:0:1 - - [13/Jan/2024:13:02:03 -0600] "POST /Gen1-Rutas/camiones/editar HTTP/1.1" 302 -
0:0:0:0:0:0:0:1 - - [13/Jan/2024:13:02:03 -0600] "GET /Gen1-Rutas/camiones/listar HTTP/1.1" 200 9677
