0:0:0:0:0:0:0:1 - - [18/Jan/2024:08:06:04 -0600] "GET /Gen1-P3CAMS/propiedades/detalle?id=1 HTTP/1.1" 404 676
127.0.0.1 - admin [18/Jan/2024:08:08:35 -0600] "PUT /manager/text/deploy?path=%2FGen1-P3CAMS&update=true HTTP/1.1" 200 82
0:0:0:0:0:0:0:1 - - [18/Jan/2024:08:08:54 -0600] "GET /Gen1-P3CAMS/propiedades/detalle?id=1 HTTP/1.1" 500 6299
127.0.0.1 - admin [18/Jan/2024:08:11:09 -0600] "PUT /manager/text/deploy?path=%2FGen1-P3CAMS&update=true HTTP/1.1" 200 82
127.0.0.1 - admin [18/Jan/2024:08:13:20 -0600] "PUT /manager/text/deploy?path=%2FGen1-P3CAMS&update=true HTTP/1.1" 200 82
0:0:0:0:0:0:0:1 - - [18/Jan/2024:08:13:57 -0600] "GET /Gen1-P3CAMS/propiedades/detalle?id=1 HTTP/1.1" 200 7942
127.0.0.1 - admin [18/Jan/2024:08:17:46 -0600] "PUT /manager/text/deploy?path=%2FGen1-P3CAMS&update=true HTTP/1.1" 200 82
0:0:0:0:0:0:0:1 - - [18/Jan/2024:08:17:51 -0600] "GET /Gen1-P3CAMS/propiedades/detalle?id=1 HTTP/1.1" 500 6941
127.0.0.1 - admin [18/Jan/2024:08:18:33 -0600] "PUT /manager/text/deploy?path=%2FGen1-P3CAMS&update=true HTTP/1.1" 200 82
0:0:0:0:0:0:0:1 - - [18/Jan/2024:08:18:38 -0600] "GET /Gen1-P3CAMS/propiedades/detalle?id=1 HTTP/1.1" 500 6023
127.0.0.1 - admin [18/Jan/2024:08:20:28 -0600] "PUT /manager/text/deploy?path=%2FGen1-P3CAMS&update=true HTTP/1.1" 200 82
0:0:0:0:0:0:0:1 - - [18/Jan/2024:08:20:34 -0600] "GET /Gen1-P3CAMS/propiedades/detalle?id=1 HTTP/1.1" 500 3733
127.0.0.1 - admin [18/Jan/2024:08:20:50 -0600] "PUT /manager/text/deploy?path=%2FGen1-P3CAMS&update=true HTTP/1.1" 200 82
0:0:0:0:0:0:0:1 - - [18/Jan/2024:08:20:57 -0600] "GET /Gen1-P3CAMS/propiedades/detalle?id=1 HTTP/1.1" 500 3703
127.0.0.1 - admin [18/Jan/2024:08:21:18 -0600] "PUT /manager/text/deploy?path=%2FGen1-P3CAMS&update=true HTTP/1.1" 200 82
0:0:0:0:0:0:0:1 - - [18/Jan/2024:08:21:22 -0600] "GET /Gen1-P3CAMS/propiedades/detalle?id=1 HTTP/1.1" 200 7957
127.0.0.1 - admin [18/Jan/2024:08:22:29 -0600] "PUT /manager/text/deploy?path=%2FGen1-P3CAMS&update=true HTTP/1.1" 200 82
0:0:0:0:0:0:0:1 - - [18/Jan/2024:08:22:43 -0600] "GET /Gen1-P3CAMS/propiedades/detalle?id=1 HTTP/1.1" 500 4783
127.0.0.1 - admin [18/Jan/2024:08:25:35 -0600] "PUT /manager/text/deploy?path=%2FGen1-P3CAMS&update=true HTTP/1.1" 200 82
0:0:0:0:0:0:0:1 - - [18/Jan/2024:08:25:41 -0600] "GET /Gen1-P3CAMS/propiedades/detalle?id=1 HTTP/1.1" 500 3745
127.0.0.1 - admin [18/Jan/2024:08:26:30 -0600] "PUT /manager/text/deploy?path=%2FGen1-P3CAMS&update=true HTTP/1.1" 200 82
0:0:0:0:0:0:0:1 - - [18/Jan/2024:08:26:42 -0600] "GET /Gen1-P3CAMS/propiedades/detalle?id=1 HTTP/1.1" 200 7948
0:0:0:0:0:0:0:1 - - [18/Jan/2024:08:27:44 -0600] "GET /Gen1-P3CAMS/propiedades/listar HTTP/1.1" 200 7465
0:0:0:0:0:0:0:1 - - [18/Jan/2024:08:27:45 -0600] "GET /Gen1-P3CAMS/propiedades/detalle?id=2 HTTP/1.1" 200 7948
0:0:0:0:0:0:0:1 - - [18/Jan/2024:08:27:48 -0600] "GET /Gen1-P3CAMS/propiedades/listar HTTP/1.1" 200 7465
0:0:0:0:0:0:0:1 - - [18/Jan/2024:08:28:37 -0600] "GET /Gen1-P3CAMS/mantenimientos/listar HTTP/1.1" 200 7109
0:0:0:0:0:0:0:1 - - [18/Jan/2024:08:28:41 -0600] "GET /Gen1-P3CAMS/duenios/listar HTTP/1.1" 200 9023
0:0:0:0:0:0:0:1 - - [18/Jan/2024:08:28:43 -0600] "GET /Gen1-P3CAMS/duenios/detalle?id=41 HTTP/1.1" 200 7856
0:0:0:0:0:0:0:1 - - [18/Jan/2024:08:28:45 -0600] "GET /Gen1-P3CAMS/duenios/eliminar?id=41 HTTP/1.1" 302 -
0:0:0:0:0:0:0:1 - - [18/Jan/2024:08:28:45 -0600] "GET /Gen1-P3CAMS/duenios/listar HTTP/1.1" 200 8460
0:0:0:0:0:0:0:1 - - [18/Jan/2024:08:28:48 -0600] "GET /Gen1-P3CAMS/inquilinos/listar HTTP/1.1" 200 7835
0:0:0:0:0:0:0:1 - - [18/Jan/2024:08:28:57 -0600] "GET /Gen1-P3CAMS/inquilinos/alta HTTP/1.1" 200 6664
0:0:0:0:0:0:0:1 - - [18/Jan/2024:08:29:01 -0600] "GET /Gen1-P3CAMS/propiedades/listar HTTP/1.1" 200 7465
0:0:0:0:0:0:0:1 - - [18/Jan/2024:08:29:02 -0600] "GET /Gen1-P3CAMS/propiedades/detalle?id=1 HTTP/1.1" 200 7948
0:0:0:0:0:0:0:1 - - [18/Jan/2024:08:29:08 -0600] "GET /Gen1-P3CAMS/propiedades/listar HTTP/1.1" 200 7465
0:0:0:0:0:0:0:1 - - [18/Jan/2024:08:29:20 -0600] "GET /Gen1-P3CAMS/propiedades/detalle?id=1 HTTP/1.1" 200 7948
0:0:0:0:0:0:0:1 - - [18/Jan/2024:08:29:40 -0600] "GET /Gen1-P3CAMS/duenios/listar HTTP/1.1" 200 8460
0:0:0:0:0:0:0:1 - - [18/Jan/2024:08:29:42 -0600] "GET /Gen1-P3CAMS/duenios/detalle?id=1 HTTP/1.1" 200 7855
0:0:0:0:0:0:0:1 - - [18/Jan/2024:08:29:44 -0600] "GET /Gen1-P3CAMS/inquilinos/listar HTTP/1.1" 200 7835
0:0:0:0:0:0:0:1 - - [18/Jan/2024:08:29:46 -0600] "GET /Gen1-P3CAMS/inquilinos/detalle?id=1 HTTP/1.1" 200 7862
127.0.0.1 - admin [18/Jan/2024:08:30:49 -0600] "PUT /manager/text/deploy?path=%2FGen1-P3CAMS&update=true HTTP/1.1" 200 82
0:0:0:0:0:0:0:1 - - [18/Jan/2024:08:30:53 -0600] "GET /Gen1-P3CAMS/inquilinos/listar HTTP/1.1" 200 7835
0:0:0:0:0:0:0:1 - - [18/Jan/2024:08:30:56 -0600] "GET /Gen1-P3CAMS/inquilinos/detalle?id=1 HTTP/1.1" 200 7862
127.0.0.1 - admin [18/Jan/2024:08:31:56 -0600] "PUT /manager/text/deploy?path=%2FGen1-P3CAMS&update=true HTTP/1.1" 200 82
127.0.0.1 - admin [18/Jan/2024:08:35:58 -0600] "PUT /manager/text/deploy?path=%2FGen1-P3CAMS&update=true HTTP/1.1" 200 82
0:0:0:0:0:0:0:1 - - [18/Jan/2024:08:36:05 -0600] "GET /Gen1-P3CAMS/inquilinos/listar HTTP/1.1" 200 7835
0:0:0:0:0:0:0:1 - - [18/Jan/2024:08:36:07 -0600] "GET /Gen1-P3CAMS/propiedades/listar HTTP/1.1" 200 7465
0:0:0:0:0:0:0:1 - - [18/Jan/2024:08:36:09 -0600] "GET /Gen1-P3CAMS/propiedades/detalle?id=1 HTTP/1.1" 200 7948
0:0:0:0:0:0:0:1 - - [18/Jan/2024:08:36:11 -0600] "GET /Gen1-P3CAMS/propiedades/listar HTTP/1.1" 200 7465
0:0:0:0:0:0:0:1 - - [18/Jan/2024:08:36:23 -0600] "GET /Gen1-P3CAMS/propiedades/alta HTTP/1.1" 404 724
127.0.0.1 - admin [18/Jan/2024:09:13:48 -0600] "PUT /manager/text/deploy?path=%2FGen1-P3CAMS&update=true HTTP/1.1" 200 82
0:0:0:0:0:0:0:1 - - [18/Jan/2024:09:13:59 -0600] "GET /Gen1-P3CAMS/propiedades/alta HTTP/1.1" 500 9361
127.0.0.1 - admin [18/Jan/2024:09:15:08 -0600] "PUT /manager/text/deploy?path=%2FGen1-P3CAMS&update=true HTTP/1.1" 200 82
0:0:0:0:0:0:0:1 - - [18/Jan/2024:09:15:12 -0600] "GET /Gen1-P3CAMS/propiedades/alta HTTP/1.1" 500 9361
127.0.0.1 - admin [18/Jan/2024:09:16:00 -0600] "PUT /manager/text/deploy?path=%2FGen1-P3CAMS&update=true HTTP/1.1" 200 82
0:0:0:0:0:0:0:1 - - [18/Jan/2024:09:16:10 -0600] "GET /Gen1-P3CAMS/propiedades/alta HTTP/1.1" 500 9369
0:0:0:0:0:0:0:1 - - [18/Jan/2024:09:26:56 -0600] "GET /Gen1-P3CAMS/propiedades/alta HTTP/1.1" 500 9369
127.0.0.1 - admin [18/Jan/2024:09:28:54 -0600] "PUT /manager/text/deploy?path=%2FGen1-P3CAMS&update=true HTTP/1.1" 200 82
0:0:0:0:0:0:0:1 - - [18/Jan/2024:09:29:05 -0600] "GET /Gen1-P3CAMS/propiedades/alta HTTP/1.1" 500 9401
0:0:0:0:0:0:0:1 - - [18/Jan/2024:09:29:17 -0600] "GET /Gen1-P3CAMS/propiedades/alta HTTP/1.1" 500 9401
127.0.0.1 - admin [18/Jan/2024:09:35:00 -0600] "PUT /manager/text/deploy?path=%2FGen1-P3CAMS&update=true HTTP/1.1" 200 82
0:0:0:0:0:0:0:1 - - [18/Jan/2024:09:35:51 -0600] "GET /Gen1-P3CAMS/propiedades/alta HTTP/1.1" 500 10551
127.0.0.1 - admin [18/Jan/2024:09:38:23 -0600] "PUT /manager/text/deploy?path=%2FGen1-P3CAMS&update=true HTTP/1.1" 200 82
0:0:0:0:0:0:0:1 - - [18/Jan/2024:09:38:29 -0600] "GET /Gen1-P3CAMS/propiedades/alta HTTP/1.1" 500 10305
127.0.0.1 - admin [18/Jan/2024:09:41:58 -0600] "PUT /manager/text/deploy?path=%2FGen1-P3CAMS&update=true HTTP/1.1" 200 82
0:0:0:0:0:0:0:1 - - [18/Jan/2024:09:42:05 -0600] "GET /Gen1-P3CAMS/propiedades/alta HTTP/1.1" 500 6505
127.0.0.1 - admin [18/Jan/2024:09:42:58 -0600] "PUT /manager/text/deploy?path=%2FGen1-P3CAMS&update=true HTTP/1.1" 200 82
0:0:0:0:0:0:0:1 - - [18/Jan/2024:09:43:03 -0600] "GET /Gen1-P3CAMS/propiedades/alta HTTP/1.1" 500 5903
127.0.0.1 - admin [18/Jan/2024:09:44:49 -0600] "PUT /manager/text/deploy?path=%2FGen1-P3CAMS&update=true HTTP/1.1" 200 82
0:0:0:0:0:0:0:1 - - [18/Jan/2024:09:44:54 -0600] "GET /Gen1-P3CAMS/propiedades/alta HTTP/1.1" 200 7277
127.0.0.1 - admin [18/Jan/2024:09:52:41 -0600] "PUT /manager/text/deploy?path=%2FGen1-P3CAMS&update=true HTTP/1.1" 200 82
0:0:0:0:0:0:0:1 - - [18/Jan/2024:09:53:37 -0600] "GET /Gen1-P3CAMS/propiedades/listar HTTP/1.1" 200 7465
0:0:0:0:0:0:0:1 - - [18/Jan/2024:09:53:40 -0600] "GET /Gen1-P3CAMS/propiedades/detalle?id=1 HTTP/1.1" 200 7948
0:0:0:0:0:0:0:1 - - [18/Jan/2024:09:54:48 -0600] "GET /Gen1-P3CAMS/mantenimientos/listar HTTP/1.1" 200 7109
127.0.0.1 - admin [18/Jan/2024:10:31:18 -0600] "PUT /manager/text/deploy?path=%2FGen1-P3CAMS&update=true HTTP/1.1" 200 82
0:0:0:0:0:0:0:1 - - [18/Jan/2024:10:31:24 -0600] "GET /Gen1-P3CAMS/mantenimientos/listar HTTP/1.1" 200 7100
0:0:0:0:0:0:0:1 - - [18/Jan/2024:10:31:26 -0600] "GET /Gen1-P3CAMS/mantenimientos/listar HTTP/1.1" 200 7100
127.0.0.1 - admin [18/Jan/2024:10:33:11 -0600] "PUT /manager/text/deploy?path=%2FGen1-P3CAMS&update=true HTTP/1.1" 200 82
0:0:0:0:0:0:0:1 - - [18/Jan/2024:10:33:13 -0600] "GET /Gen1-P3CAMS/mantenimientos/listar HTTP/1.1" 200 7140
0:0:0:0:0:0:0:1 - - [18/Jan/2024:10:33:32 -0600] "GET /Gen1-P3CAMS/propiedades/alta HTTP/1.1" 200 7277
127.0.0.1 - admin [18/Jan/2024:10:34:09 -0600] "PUT /manager/text/deploy?path=%2FGen1-P3CAMS&update=true HTTP/1.1" 200 82
0:0:0:0:0:0:0:1 - - [18/Jan/2024:10:34:13 -0600] "GET /Gen1-P3CAMS/propiedades/alta HTTP/1.1" 200 7277
127.0.0.1 - admin [18/Jan/2024:11:01:16 -0600] "PUT /manager/text/deploy?path=%2FGen1-P3CAMS&update=true HTTP/1.1" 200 82
0:0:0:0:0:0:0:1 - - [18/Jan/2024:11:01:20 -0600] "GET /Gen1-P3CAMS/propiedades/alta HTTP/1.1" 500 1606
0:0:0:0:0:0:0:1 - - [18/Jan/2024:11:05:52 -0600] "GET /Gen1-P3CAMS/propiedades/alta HTTP/1.1" 500 1606
127.0.0.1 - admin [18/Jan/2024:11:14:21 -0600] "PUT /manager/text/deploy?path=%2FGen1-P3CAMS&update=true HTTP/1.1" 200 82
0:0:0:0:0:0:0:1 - - [18/Jan/2024:11:14:34 -0600] "GET /Gen1-P3CAMS/propiedades/alta HTTP/1.1" 200 7711
127.0.0.1 - admin [18/Jan/2024:11:16:14 -0600] "PUT /manager/text/deploy?path=%2FGen1-P3CAMS&update=true HTTP/1.1" 200 82
0:0:0:0:0:0:0:1 - - [18/Jan/2024:11:16:20 -0600] "GET /Gen1-P3CAMS/propiedades/alta HTTP/1.1" 200 7764
0:0:0:0:0:0:0:1 - - [18/Jan/2024:11:46:07 -0600] "GET /Gen1-P3CAMS/propiedades/listar HTTP/1.1" 200 7465
0:0:0:0:0:0:0:1 - - [18/Jan/2024:12:00:19 -0600] "GET /Gen1-P3CAMS/propiedades/detalle?id=1 HTTP/1.1" 200 7948
0:0:0:0:0:0:0:1 - - [18/Jan/2024:12:01:15 -0600] "GET /Gen1-P3CAMS/propiedades/listar HTTP/1.1" 200 7465
0:0:0:0:0:0:0:1 - - [18/Jan/2024:12:01:17 -0600] "GET /Gen1-P3CAMS/propiedades/detalle?id=2 HTTP/1.1" 200 7948
127.0.0.1 - admin [18/Jan/2024:12:01:18 -0600] "PUT /manager/text/deploy?path=%2FGen1-P3CAMS&update=true HTTP/1.1" 200 82
0:0:0:0:0:0:0:1 - - [18/Jan/2024:12:01:19 -0600] "GET /Gen1-P3CAMS/propiedades/listar HTTP/1.1" 200 7465
0:0:0:0:0:0:0:1 - - [18/Jan/2024:12:01:21 -0600] "GET /Gen1-P3CAMS/propiedades/detalle?id=1 HTTP/1.1" 200 7953
0:0:0:0:0:0:0:1 - - [18/Jan/2024:12:01:23 -0600] "GET /Gen1-P3CAMS/propiedades/listar HTTP/1.1" 200 7465
0:0:0:0:0:0:0:1 - - [18/Jan/2024:12:01:25 -0600] "GET /Gen1-P3CAMS/propiedades/detalle?id=2 HTTP/1.1" 200 7953
0:0:0:0:0:0:0:1 - - [18/Jan/2024:12:06:19 -0600] "GET /Gen1-P3CAMS/propiedades/listar HTTP/1.1" 200 7465
127.0.0.1 - admin [18/Jan/2024:12:36:46 -0600] "PUT /manager/text/deploy?path=%2FGen1-P3CAMS&update=true HTTP/1.1" 200 82
0:0:0:0:0:0:0:1 - - [18/Jan/2024:12:36:56 -0600] "GET /Gen1-P3CAMS/propiedades/alta HTTP/1.1" 200 7991
0:0:0:0:0:0:0:1 - - [18/Jan/2024:12:55:42 -0600] "POST /Gen1-P3CAMS/duenios/alta HTTP/1.1" 200 7709
0:0:0:0:0:0:0:1 - - [18/Jan/2024:12:55:53 -0600] "GET /Gen1-P3CAMS/propiedades/listar HTTP/1.1" 200 7465
127.0.0.1 - admin [18/Jan/2024:13:00:54 -0600] "PUT /manager/text/deploy?path=%2FGen1-P3CAMS&update=true HTTP/1.1" 200 82
0:0:0:0:0:0:0:1 - - [18/Jan/2024:13:02:06 -0600] "GET /Gen1-P3CAMS/propiedades/alta HTTP/1.1" 200 9652
127.0.0.1 - admin [18/Jan/2024:13:03:31 -0600] "PUT /manager/text/deploy?path=%2FGen1-P3CAMS&update=true HTTP/1.1" 200 82
0:0:0:0:0:0:0:1 - - [18/Jan/2024:13:03:40 -0600] "GET /Gen1-P3CAMS/propiedades/alta HTTP/1.1" 200 9689
127.0.0.1 - admin [18/Jan/2024:13:09:06 -0600] "PUT /manager/text/deploy?path=%2FGen1-P3CAMS&update=true HTTP/1.1" 200 82
0:0:0:0:0:0:0:1 - - [18/Jan/2024:13:09:13 -0600] "GET /Gen1-P3CAMS/propiedades/listar HTTP/1.1" 200 7465
0:0:0:0:0:0:0:1 - - [18/Jan/2024:13:09:16 -0600] "GET /Gen1-P3CAMS/propiedades/alta HTTP/1.1" 200 10020
127.0.0.1 - admin [18/Jan/2024:13:13:32 -0600] "PUT /manager/text/deploy?path=%2FGen1-P3CAMS&update=true HTTP/1.1" 200 82
0:0:0:0:0:0:0:1 - - [18/Jan/2024:13:13:43 -0600] "GET /Gen1-P3CAMS/propiedades/alta HTTP/1.1" 200 10102
0:0:0:0:0:0:0:1 - - [18/Jan/2024:14:02:28 -0600] "POST /Gen1-P3CAMS/duenios/alta HTTP/1.1" 200 7709
0:0:0:0:0:0:0:1 - - [18/Jan/2024:14:03:13 -0600] "GET /Gen1-P3CAMS/propiedades/listar HTTP/1.1" 200 7465
0:0:0:0:0:0:0:1 - - [18/Jan/2024:14:03:39 -0600] "GET /Gen1-P3CAMS/propiedades/alta HTTP/1.1" 404 724
127.0.0.1 - admin [18/Jan/2024:14:03:40 -0600] "PUT /manager/text/deploy?path=%2FGen1-P3CAMS&update=true HTTP/1.1" 200 82
0:0:0:0:0:0:0:1 - - [18/Jan/2024:14:03:48 -0600] "GET /Gen1-P3CAMS/propiedades/detalle?id=1 HTTP/1.1" 200 7953
0:0:0:0:0:0:0:1 - - [18/Jan/2024:14:03:50 -0600] "GET /Gen1-P3CAMS/propiedades/listar HTTP/1.1" 200 7465
0:0:0:0:0:0:0:1 - - [18/Jan/2024:14:03:52 -0600] "GET /Gen1-P3CAMS/propiedades/alta HTTP/1.1" 200 10106
0:0:0:0:0:0:0:1 - - [18/Jan/2024:14:07:44 -0600] "POST /Gen1-P3CAMS/propiedades/alta HTTP/1.1" 200 -
0:0:0:0:0:0:0:1 - - [18/Jan/2024:14:07:57 -0600] "GET /Gen1-P3CAMS/propiedades/alta HTTP/1.1" 200 10106
0:0:0:0:0:0:0:1 - - [18/Jan/2024:14:08:04 -0600] "GET /Gen1-P3CAMS/propiedades/listar HTTP/1.1" 200 7465
127.0.0.1 - admin [18/Jan/2024:14:10:34 -0600] "PUT /manager/text/deploy?path=%2FGen1-P3CAMS&update=true HTTP/1.1" 200 82
0:0:0:0:0:0:0:1 - - [18/Jan/2024:14:15:02 -0600] "GET /Gen1-P3CAMS/propiedades/alta HTTP/1.1" 200 10107
127.0.0.1 - admin [18/Jan/2024:14:20:23 -0600] "PUT /manager/text/deploy?path=%2FGen1-P3CAMS&update=true HTTP/1.1" 200 82
0:0:0:0:0:0:0:1 - - [18/Jan/2024:14:20:36 -0600] "GET /Gen1-P3CAMS/propiedades/alta HTTP/1.1" 200 10109
0:0:0:0:0:0:0:1 - - [18/Jan/2024:14:20:51 -0600] "GET /Gen1-P3CAMS/propiedades/alta HTTP/1.1" 200 10109
127.0.0.1 - admin [18/Jan/2024:14:24:25 -0600] "PUT /manager/text/deploy?path=%2FGen1-P3CAMS&update=true HTTP/1.1" 200 82
0:0:0:0:0:0:0:1 - - [18/Jan/2024:14:24:36 -0600] "GET /Gen1-P3CAMS/propiedades/alta HTTP/1.1" 200 10140
0:0:0:0:0:0:0:1 - - [18/Jan/2024:14:25:02 -0600] "POST /Gen1-P3CAMS/propiedades/alta HTTP/1.1" 200 -
0:0:0:0:0:0:0:1 - - [18/Jan/2024:14:25:29 -0600] "POST /Gen1-P3CAMS/propiedades/alta HTTP/1.1" 200 -
0:0:0:0:0:0:0:1 - - [18/Jan/2024:14:25:29 -0600] "GET /Gen1-P3CAMS/propiedades/alta HTTP/1.1" 200 10140
0:0:0:0:0:0:0:1 - - [18/Jan/2024:14:25:33 -0600] "GET /Gen1-P3CAMS/propiedades/listar HTTP/1.1" 200 7465
0:0:0:0:0:0:0:1 - - [18/Jan/2024:14:31:06 -0600] "GET /Gen1-P3CAMS/propiedades/alta HTTP/1.1" 200 10140
0:0:0:0:0:0:0:1 - - [18/Jan/2024:14:32:02 -0600] "GET /Gen1-Rutas/rutas/alta HTTP/1.1" 200 21197
0:0:0:0:0:0:0:1 - - [18/Jan/2024:14:32:06 -0600] "GET /Gen1-Rutas/choferes/alta HTTP/1.1" 200 5934
0:0:0:0:0:0:0:1 - - [18/Jan/2024:14:32:52 -0600] "POST /Gen1-Rutas/choferes/alta HTTP/1.1" 302 -
0:0:0:0:0:0:0:1 - - [18/Jan/2024:14:32:52 -0600] "GET /Gen1-Rutas/choferes/listar HTTP/1.1" 200 9686
0:0:0:0:0:0:0:1 - - [18/Jan/2024:14:33:00 -0600] "GET /Gen1-Rutas/choferes/detalle?id=121 HTTP/1.1" 500 3615
0:0:0:0:0:0:0:1 - - [18/Jan/2024:14:33:13 -0600] "GET /Gen1-Rutas/choferes/detalle?id=22 HTTP/1.1" 500 3615
0:0:0:0:0:0:0:1 - - [18/Jan/2024:14:33:21 -0600] "GET /Gen1-Rutas/choferes/editar?id=21 HTTP/1.1" 200 6055
0:0:0:0:0:0:0:1 - - [18/Jan/2024:14:33:26 -0600] "GET /Gen1-Rutas/camiones/listar HTTP/1.1" 200 9677
0:0:0:0:0:0:0:1 - - [18/Jan/2024:14:33:28 -0600] "GET /Gen1-Rutas/camiones/detalle?id=21 HTTP/1.1" 200 5101
0:0:0:0:0:0:0:1 - - [18/Jan/2024:14:33:33 -0600] "GET /Gen1-Rutas/camiones/editar?id=21 HTTP/1.1" 200 9729
0:0:0:0:0:0:0:1 - - [18/Jan/2024:14:33:38 -0600] "POST /Gen1-Rutas/camiones/editar HTTP/1.1" 302 -
0:0:0:0:0:0:0:1 - - [18/Jan/2024:14:33:38 -0600] "GET /Gen1-Rutas/camiones/listar HTTP/1.1" 200 9677
0:0:0:0:0:0:0:1 - - [18/Jan/2024:14:33:58 -0600] "GET /Gen1-Rutas/camiones/editar?id=67 HTTP/1.1" 200 9725
0:0:0:0:0:0:0:1 - - [18/Jan/2024:14:34:02 -0600] "POST /Gen1-Rutas/camiones/editar HTTP/1.1" 302 -
0:0:0:0:0:0:0:1 - - [18/Jan/2024:14:34:02 -0600] "GET /Gen1-Rutas/camiones/listar HTTP/1.1" 200 9677
0:0:0:0:0:0:0:1 - - [18/Jan/2024:14:34:05 -0600] "GET /Gen1-Rutas/camiones/editar?id=67 HTTP/1.1" 200 9718
0:0:0:0:0:0:0:1 - - [18/Jan/2024:14:34:12 -0600] "POST /Gen1-Rutas/camiones/editar HTTP/1.1" 302 -
0:0:0:0:0:0:0:1 - - [18/Jan/2024:14:34:12 -0600] "GET /Gen1-Rutas/camiones/listar HTTP/1.1" 200 9677
0:0:0:0:0:0:0:1 - - [18/Jan/2024:14:34:30 -0600] "GET /Gen1-Rutas/camiones/alta HTTP/1.1" 200 9456
0:0:0:0:0:0:0:1 - - [18/Jan/2024:14:34:50 -0600] "POST /Gen1-Rutas/camiones/alta HTTP/1.1" 302 -
0:0:0:0:0:0:0:1 - - [18/Jan/2024:14:34:51 -0600] "GET /Gen1-Rutas/camiones/listar HTTP/1.1" 200 10498
0:0:0:0:0:0:0:1 - - [18/Jan/2024:14:34:57 -0600] "GET /Gen1-Rutas/camiones/detalle?id=122 HTTP/1.1" 200 5111
127.0.0.1 - admin [18/Jan/2024:16:17:33 -0600] "PUT /manager/text/deploy?path=%2FGen1-P3CAMS&update=true HTTP/1.1" 200 82
127.0.0.1 - admin [18/Jan/2024:16:19:32 -0600] "PUT /manager/text/deploy?path=%2FGen1-P3CAMS&update=true HTTP/1.1" 200 82
0:0:0:0:0:0:0:1 - - [18/Jan/2024:16:19:40 -0600] "GET /Gen1-P3CAMS/propiedades/alta HTTP/1.1" 200 10140
0:0:0:0:0:0:0:1 - - [18/Jan/2024:16:20:27 -0600] "POST /Gen1-P3CAMS/propiedades/alta HTTP/1.1" 200 -
0:0:0:0:0:0:0:1 - - [18/Jan/2024:16:20:48 -0600] "GET /Gen1-P3CAMS/propiedades/listar HTTP/1.1" 200 7465
0:0:0:0:0:0:0:1 - - [18/Jan/2024:16:21:05 -0600] "POST /Gen1-P3CAMS/propiedades/alta HTTP/1.1" 200 -
0:0:0:0:0:0:0:1 - - [18/Jan/2024:16:21:08 -0600] "GET /Gen1-P3CAMS/propiedades/alta HTTP/1.1" 200 10140
127.0.0.1 - admin [18/Jan/2024:16:27:29 -0600] "PUT /manager/text/deploy?path=%2FGen1-P3CAMS&update=true HTTP/1.1" 200 82
0:0:0:0:0:0:0:1 - - [18/Jan/2024:16:27:36 -0600] "GET /Gen1-P3CAMS/propiedades/listar HTTP/1.1" 200 7465
0:0:0:0:0:0:0:1 - - [18/Jan/2024:16:27:37 -0600] "GET /Gen1-P3CAMS/propiedades/alta HTTP/1.1" 200 10140
0:0:0:0:0:0:0:1 - - [18/Jan/2024:16:27:54 -0600] "POST /Gen1-P3CAMS/propiedades/alta HTTP/1.1" 302 -
0:0:0:0:0:0:0:1 - - [18/Jan/2024:16:27:55 -0600] "GET /Gen1-P3CAMS/inquilinos/listar HTTP/1.1" 200 7835
0:0:0:0:0:0:0:1 - - [18/Jan/2024:16:28:01 -0600] "GET /Gen1-P3CAMS/propiedades/listar HTTP/1.1" 200 8127
127.0.0.1 - admin [18/Jan/2024:16:28:21 -0600] "PUT /manager/text/deploy?path=%2FGen1-P3CAMS&update=true HTTP/1.1" 200 82
0:0:0:0:0:0:0:1 - - [18/Jan/2024:16:28:26 -0600] "GET /Gen1-P3CAMS/propiedades/detalle?id=21 HTTP/1.1" 200 7971
0:0:0:0:0:0:0:1 - - [18/Jan/2024:16:28:45 -0600] "GET /Gen1-P3CAMS/propiedades/listar HTTP/1.1" 200 8127
0:0:0:0:0:0:0:1 - - [18/Jan/2024:16:28:46 -0600] "GET /Gen1-P3CAMS/contratos/listar HTTP/1.1" 404 724
0:0:0:0:0:0:0:1 - - [18/Jan/2024:16:28:51 -0600] "GET /Gen1-P3CAMS/inquilinos/listar HTTP/1.1" 200 7835
0:0:0:0:0:0:0:1 - - [18/Jan/2024:16:28:53 -0600] "GET /Gen1-P3CAMS/duenios/listar HTTP/1.1" 200 8460
0:0:0:0:0:0:0:1 - - [18/Jan/2024:16:28:55 -0600] "GET /Gen1-P3CAMS/mantenimientos/listar HTTP/1.1" 200 7140
0:0:0:0:0:0:0:1 - - [18/Jan/2024:16:28:57 -0600] "GET /Gen1-P3CAMS/mantenimientos/detalle?id=1 HTTP/1.1" 404 730
127.0.0.1 - admin [18/Jan/2024:17:03:30 -0600] "PUT /manager/text/deploy?path=%2FGen1-P3CAMS&update=true HTTP/1.1" 200 82
127.0.0.1 - admin [18/Jan/2024:17:04:47 -0600] "PUT /manager/text/deploy?path=%2FGen1-P3CAMS&update=true HTTP/1.1" 200 82
0:0:0:0:0:0:0:1 - - [18/Jan/2024:17:04:54 -0600] "GET /Gen1-P3CAMS/mantenimientos/detalle?id=1 HTTP/1.1" 404 680
127.0.0.1 - admin [18/Jan/2024:17:07:34 -0600] "PUT /manager/text/deploy?path=%2FGen1-P3CAMS&update=true HTTP/1.1" 200 82
0:0:0:0:0:0:0:1 - - [18/Jan/2024:17:07:37 -0600] "GET /Gen1-P3CAMS/mantenimientos/detalle?id=1 HTTP/1.1" 500 5899
0:0:0:0:0:0:0:1 - - [18/Jan/2024:17:07:40 -0600] "GET /Gen1-P3CAMS/mantenimientos/detalle?id=1 HTTP/1.1" 500 4385
127.0.0.1 - admin [18/Jan/2024:17:11:02 -0600] "PUT /manager/text/deploy?path=%2FGen1-P3CAMS&update=true HTTP/1.1" 200 82
0:0:0:0:0:0:0:1 - - [18/Jan/2024:17:11:17 -0600] "GET /Gen1-P3CAMS/mantenimientos/detalle?id=1 HTTP/1.1" 500 5903
127.0.0.1 - admin [18/Jan/2024:17:12:19 -0600] "PUT /manager/text/deploy?path=%2FGen1-P3CAMS&update=true HTTP/1.1" 200 82
0:0:0:0:0:0:0:1 - - [18/Jan/2024:17:12:22 -0600] "GET /Gen1-P3CAMS/mantenimientos/detalle?id=1 HTTP/1.1" 500 4651
127.0.0.1 - admin [18/Jan/2024:17:13:04 -0600] "PUT /manager/text/deploy?path=%2FGen1-P3CAMS&update=true HTTP/1.1" 200 82
0:0:0:0:0:0:0:1 - - [18/Jan/2024:17:13:09 -0600] "GET /Gen1-P3CAMS/mantenimientos/detalle?id=1 HTTP/1.1" 500 3595
127.0.0.1 - admin [18/Jan/2024:17:14:01 -0600] "PUT /manager/text/deploy?path=%2FGen1-P3CAMS&update=true HTTP/1.1" 200 82
0:0:0:0:0:0:0:1 - - [18/Jan/2024:17:14:04 -0600] "GET /Gen1-P3CAMS/mantenimientos/detalle?id=1 HTTP/1.1" 200 7714
127.0.0.1 - admin [18/Jan/2024:17:58:00 -0600] "PUT /manager/text/deploy?path=%2FGen1-P3CAMS&update=true HTTP/1.1" 200 82
127.0.0.1 - admin [18/Jan/2024:18:00:23 -0600] "PUT /manager/text/deploy?path=%2FGen1-P3CAMS&update=true HTTP/1.1" 200 82
0:0:0:0:0:0:0:1 - - [18/Jan/2024:18:00:27 -0600] "GET /Gen1-P3CAMS/propiedades/listar HTTP/1.1" 200 8127
0:0:0:0:0:0:0:1 - - [18/Jan/2024:18:00:33 -0600] "GET /Gen1-P3CAMS/propiedades/detalle?id=1 HTTP/1.1" 200 7953
0:0:0:0:0:0:0:1 - - [18/Jan/2024:18:00:38 -0600] "GET /Gen1-P3CAMS/mantenimientos/listar HTTP/1.1" 200 7140
0:0:0:0:0:0:0:1 - - [18/Jan/2024:18:00:39 -0600] "GET /Gen1-P3CAMS/mantenimientos/detalle?id=1 HTTP/1.1" 200 7768
0:0:0:0:0:0:0:1 - - [18/Jan/2024:18:06:53 -0600] "GET /Gen1-P3CAMS/mantenimientos/listar HTTP/1.1" 200 7140
0:0:0:0:0:0:0:1 - - [18/Jan/2024:18:07:27 -0600] "GET /Gen1-P3CAMS/mantenimientos/detalle?id=1 HTTP/1.1" 200 7768
0:0:0:0:0:0:0:1 - - [18/Jan/2024:18:07:32 -0600] "GET /Gen1-P3CAMS/mantenimientos/detalle?id=2 HTTP/1.1" 200 7770
0:0:0:0:0:0:0:1 - - [18/Jan/2024:18:07:42 -0600] "GET /Gen1-P3CAMS/mantenimientos/listar HTTP/1.1" 200 7140
0:0:0:0:0:0:0:1 - - [18/Jan/2024:18:07:45 -0600] "GET /Gen1-P3CAMS/propiedades/listar HTTP/1.1" 200 8127
0:0:0:0:0:0:0:1 - - [18/Jan/2024:18:07:47 -0600] "GET /Gen1-P3CAMS/inquilinos/listar HTTP/1.1" 200 7835
0:0:0:0:0:0:0:1 - - [18/Jan/2024:18:07:48 -0600] "GET /Gen1-P3CAMS/duenios/listar HTTP/1.1" 200 8460
0:0:0:0:0:0:0:1 - - [18/Jan/2024:18:07:50 -0600] "GET /Gen1-P3CAMS/mantenimientos/listar HTTP/1.1" 200 7140
0:0:0:0:0:0:0:1 - - [18/Jan/2024:18:07:51 -0600] "GET /Gen1-P3CAMS/mantenimientos/detalle?id=1 HTTP/1.1" 200 7768
0:0:0:0:0:0:0:1 - - [18/Jan/2024:18:07:54 -0600] "GET /Gen1-P3CAMS/duenios/listar HTTP/1.1" 200 8460
0:0:0:0:0:0:0:1 - - [18/Jan/2024:18:07:56 -0600] "GET /Gen1-P3CAMS/inquilinos/listar HTTP/1.1" 200 7835
0:0:0:0:0:0:0:1 - - [18/Jan/2024:18:07:59 -0600] "GET /Gen1-P3CAMS/propiedades/listar HTTP/1.1" 200 8127
0:0:0:0:0:0:0:1 - - [18/Jan/2024:18:08:02 -0600] "GET /Gen1-P3CAMS/mantenimientos/listar HTTP/1.1" 200 7140
0:0:0:0:0:0:0:1 - - [18/Jan/2024:18:08:04 -0600] "GET /Gen1-P3CAMS/mantenimientos/alta HTTP/1.1" 404 727
0:0:0:0:0:0:0:1 - - [18/Jan/2024:18:08:11 -0600] "GET /Gen1-P3CAMS/mantenimientos/detalle?id=1 HTTP/1.1" 200 7768
127.0.0.1 - admin [18/Jan/2024:18:30:55 -0600] "PUT /manager/text/deploy?path=%2FGen1-P3CAMS&update=true HTTP/1.1" 200 82
0:0:0:0:0:0:0:1 - - [18/Jan/2024:18:31:03 -0600] "GET /Gen1-P3CAMS/mantenimientos/listar HTTP/1.1" 200 7140
0:0:0:0:0:0:0:1 - - [18/Jan/2024:18:31:04 -0600] "GET /Gen1-P3CAMS/mantenimientos/alta HTTP/1.1" 200 7521
127.0.0.1 - admin [18/Jan/2024:20:24:02 -0600] "PUT /manager/text/deploy?path=%2FGen1-P3CAMS&update=true HTTP/1.1" 200 82
0:0:0:0:0:0:0:1 - - [18/Jan/2024:20:24:15 -0600] "GET /Gen1-P3CAMS/mantenimientos/listar HTTP/1.1" 200 7140
0:0:0:0:0:0:0:1 - - [18/Jan/2024:20:24:19 -0600] "GET /Gen1-P3CAMS/mantenimientos/detalle?id=1 HTTP/1.1" 200 7768
0:0:0:0:0:0:0:1 - - [18/Jan/2024:20:24:21 -0600] "GET /Gen1-P3CAMS/mantenimientos/listar HTTP/1.1" 200 7140
0:0:0:0:0:0:0:1 - - [18/Jan/2024:20:24:22 -0600] "GET /Gen1-P3CAMS/mantenimientos/alta HTTP/1.1" 200 7521
0:0:0:0:0:0:0:1 - - [18/Jan/2024:20:24:54 -0600] "POST /Gen1-P3CAMS/mantenimientos/alta HTTP/1.1" 302 -
0:0:0:0:0:0:0:1 - - [18/Jan/2024:20:24:54 -0600] "GET /Gen1-P3CAMS/mantenimientos/listar HTTP/1.1" 200 7660
0:0:0:0:0:0:0:1 - - [18/Jan/2024:20:25:00 -0600] "GET /Gen1-P3CAMS/mantenimientos/detalle?id=21 HTTP/1.1" 200 7833
0:0:0:0:0:0:0:1 - - [18/Jan/2024:20:25:13 -0600] "GET /Gen1-P3CAMS/mantenimientos/eliminar?id=21 HTTP/1.1" 404 731
0:0:0:0:0:0:0:1 - - [18/Jan/2024:20:25:28 -0600] "GET /Gen1-P3CAMS/contratos/listar HTTP/1.1" 404 724
127.0.0.1 - admin [18/Jan/2024:20:32:40 -0600] "PUT /manager/text/deploy?path=%2FGen1-P3CAMS&update=true HTTP/1.1" 200 82
0:0:0:0:0:0:0:1 - - [18/Jan/2024:20:32:43 -0600] "GET /Gen1-P3CAMS/contratos/listar HTTP/1.1" 500 5155
127.0.0.1 - admin [18/Jan/2024:20:33:10 -0600] "PUT /manager/text/deploy?path=%2FGen1-P3CAMS&update=true HTTP/1.1" 200 82
0:0:0:0:0:0:0:1 - - [18/Jan/2024:20:33:13 -0600] "GET /Gen1-P3CAMS/contratos/listar HTTP/1.1" 200 6746
127.0.0.1 - admin [18/Jan/2024:20:52:19 -0600] "PUT /manager/text/deploy?path=%2FGen1-P3CAMS&update=true HTTP/1.1" 200 82
0:0:0:0:0:0:0:1 - - [18/Jan/2024:20:52:24 -0600] "GET /Gen1-P3CAMS/contratos/listar HTTP/1.1" 500 4031
127.0.0.1 - admin [18/Jan/2024:20:54:25 -0600] "PUT /manager/text/deploy?path=%2FGen1-P3CAMS&update=true HTTP/1.1" 200 82
0:0:0:0:0:0:0:1 - - [18/Jan/2024:20:54:33 -0600] "GET /Gen1-P3CAMS/contratos/listar HTTP/1.1" 200 6875
127.0.0.1 - admin [18/Jan/2024:20:54:52 -0600] "PUT /manager/text/deploy?path=%2FGen1-P3CAMS&update=true HTTP/1.1" 200 82
0:0:0:0:0:0:0:1 - - [18/Jan/2024:20:55:00 -0600] "GET /Gen1-P3CAMS/contratos/listar HTTP/1.1" 200 6866
0:0:0:0:0:0:0:1 - - [18/Jan/2024:21:14:08 -0600] "GET /Gen1-P3CAMS/contratos/alta HTTP/1.1" 404 722
127.0.0.1 - admin [18/Jan/2024:21:36:12 -0600] "PUT /manager/text/deploy?path=%2FGen1-P3CAMS&update=true HTTP/1.1" 200 82
127.0.0.1 - admin [18/Jan/2024:21:44:25 -0600] "PUT /manager/text/deploy?path=%2FGen1-P3CAMS&update=true HTTP/1.1" 200 82
0:0:0:0:0:0:0:1 - - [18/Jan/2024:21:44:30 -0600] "GET /Gen1-P3CAMS/contratos/alta HTTP/1.1" 200 8956
0:0:0:0:0:0:0:1 - - [18/Jan/2024:21:45:07 -0600] "POST /Gen1-P3CAMS/contratos/alta HTTP/1.1" 500 1916
0:0:0:0:0:0:0:1 - - [18/Jan/2024:21:47:44 -0600] "POST /Gen1-P3CAMS/contratos/alta HTTP/1.1" 500 1916
127.0.0.1 - admin [18/Jan/2024:21:49:40 -0600] "PUT /manager/text/deploy?path=%2FGen1-P3CAMS&update=true HTTP/1.1" 200 82
0:0:0:0:0:0:0:1 - - [18/Jan/2024:21:49:45 -0600] "POST /Gen1-P3CAMS/contratos/alta HTTP/1.1" 500 1916
0:0:0:0:0:0:0:1 - - [18/Jan/2024:21:49:48 -0600] "GET /Gen1-P3CAMS/contratos/alta HTTP/1.1" 200 8959
0:0:0:0:0:0:0:1 - - [18/Jan/2024:21:50:02 -0600] "POST /Gen1-P3CAMS/contratos/alta HTTP/1.1" 500 1916
127.0.0.1 - admin [18/Jan/2024:21:53:43 -0600] "PUT /manager/text/deploy?path=%2FGen1-P3CAMS&update=true HTTP/1.1" 200 82
0:0:0:0:0:0:0:1 - - [18/Jan/2024:21:53:48 -0600] "GET /Gen1-P3CAMS/inquilinos/listar HTTP/1.1" 200 7835
0:0:0:0:0:0:0:1 - - [18/Jan/2024:21:53:51 -0600] "GET /Gen1-P3CAMS/contratos/listar HTTP/1.1" 200 6846
0:0:0:0:0:0:0:1 - - [18/Jan/2024:21:53:52 -0600] "GET /Gen1-P3CAMS/contratos/alta HTTP/1.1" 200 8959
0:0:0:0:0:0:0:1 - - [18/Jan/2024:21:54:08 -0600] "POST /Gen1-P3CAMS/contratos/alta HTTP/1.1" 500 1916
127.0.0.1 - admin [18/Jan/2024:21:56:28 -0600] "PUT /manager/text/deploy?path=%2FGen1-P3CAMS&update=true HTTP/1.1" 200 82
0:0:0:0:0:0:0:1 - - [18/Jan/2024:21:56:36 -0600] "GET /Gen1-P3CAMS/contratos/alta HTTP/1.1" 200 8959
0:0:0:0:0:0:0:1 - - [18/Jan/2024:21:56:47 -0600] "POST /Gen1-P3CAMS/contratos/alta HTTP/1.1" 500 3933
127.0.0.1 - admin [18/Jan/2024:22:03:45 -0600] "PUT /manager/text/deploy?path=%2FGen1-P3CAMS&update=true HTTP/1.1" 200 82
0:0:0:0:0:0:0:1 - - [18/Jan/2024:22:03:53 -0600] "GET /Gen1-P3CAMS/contratos/alta HTTP/1.1" 200 8959
0:0:0:0:0:0:0:1 - - [18/Jan/2024:22:04:02 -0600] "POST /Gen1-P3CAMS/contratos/alta HTTP/1.1" 302 -
0:0:0:0:0:0:0:1 - - [18/Jan/2024:22:04:02 -0600] "GET /Gen1-P3CAMS/contratos/listar HTTP/1.1" 200 7242
0:0:0:0:0:0:0:1 - - [18/Jan/2024:22:04:35 -0600] "GET /Gen1-P3CAMS/contratos/detalle?id=21 HTTP/1.1" 404 725
0:0:0:0:0:0:0:1 - - [18/Jan/2024:22:04:42 -0600] "GET /Gen1-P3CAMS/mantenimientos/listar HTTP/1.1" 200 7660
0:0:0:0:0:0:0:1 - - [18/Jan/2024:22:04:44 -0600] "GET /Gen1-P3CAMS/mantenimientos/eliminar?id=21 HTTP/1.1" 404 731
127.0.0.1 - admin [18/Jan/2024:22:11:03 -0600] "PUT /manager/text/deploy?path=%2FGen1-P3CAMS&update=true HTTP/1.1" 200 82
127.0.0.1 - admin [18/Jan/2024:22:15:03 -0600] "PUT /manager/text/deploy?path=%2FGen1-P3CAMS&update=true HTTP/1.1" 200 82
127.0.0.1 - admin [18/Jan/2024:22:22:13 -0600] "PUT /manager/text/deploy?path=%2FGen1-P3CAMS&update=true HTTP/1.1" 200 82
0:0:0:0:0:0:0:1 - - [18/Jan/2024:22:22:18 -0600] "GET /Gen1-P3CAMS/contratos/listar HTTP/1.1" 200 7242
0:0:0:0:0:0:0:1 - - [18/Jan/2024:22:22:19 -0600] "GET /Gen1-P3CAMS/contratos/detalle?id=1 HTTP/1.1" 404 675
127.0.0.1 - admin [18/Jan/2024:22:24:10 -0600] "PUT /manager/text/deploy?path=%2FGen1-P3CAMS&update=true HTTP/1.1" 200 82
0:0:0:0:0:0:0:1 - - [18/Jan/2024:22:24:13 -0600] "GET /Gen1-P3CAMS/contratos/detalle?id=1 HTTP/1.1" 200 7465
127.0.0.1 - admin [18/Jan/2024:22:24:45 -0600] "PUT /manager/text/deploy?path=%2FGen1-P3CAMS&update=true HTTP/1.1" 200 82
0:0:0:0:0:0:0:1 - - [18/Jan/2024:22:24:56 -0600] "GET /Gen1-P3CAMS/contratos/detalle?id=1 HTTP/1.1" 200 7471
0:0:0:0:0:0:0:1 - - [18/Jan/2024:22:25:07 -0600] "GET /Gen1-P3CAMS/contratos/listar HTTP/1.1" 200 7242
0:0:0:0:0:0:0:1 - - [18/Jan/2024:22:25:09 -0600] "GET /Gen1-P3CAMS/contratos/detalle?id=21 HTTP/1.1" 200 7473
0:0:0:0:0:0:0:1 - - [18/Jan/2024:22:25:10 -0600] "GET /Gen1-P3CAMS/contratos/listar HTTP/1.1" 200 7242
0:0:0:0:0:0:0:1 - - [18/Jan/2024:22:25:12 -0600] "GET /Gen1-P3CAMS/mantenimientos/listar HTTP/1.1" 200 7660
0:0:0:0:0:0:0:1 - - [18/Jan/2024:22:25:14 -0600] "GET /Gen1-P3CAMS/mantenimientos/detalle?id=21 HTTP/1.1" 200 7833
0:0:0:0:0:0:0:1 - - [18/Jan/2024:22:25:17 -0600] "GET /Gen1-P3CAMS/mantenimientos/listar HTTP/1.1" 200 7660
0:0:0:0:0:0:0:1 - - [18/Jan/2024:22:25:19 -0600] "GET /Gen1-P3CAMS/mantenimientos/eliminar?id=21 HTTP/1.1" 302 -
0:0:0:0:0:0:0:1 - - [18/Jan/2024:22:25:19 -0600] "GET /Gen1-P3CAMS/mantenimientos/listar HTTP/1.1" 200 7140
0:0:0:0:0:0:0:1 - - [18/Jan/2024:22:25:29 -0600] "GET /Gen1-P3CAMS/propiedades/listar HTTP/1.1" 200 8127
0:0:0:0:0:0:0:1 - - [18/Jan/2024:22:25:32 -0600] "GET /Gen1-P3CAMS/propiedades/editar?id=21 HTTP/1.1" 404 726
0:0:0:0:0:0:0:1 - - [18/Jan/2024:22:25:35 -0600] "GET /Gen1-P3CAMS/propiedades/detalle?id=21 HTTP/1.1" 200 7971
0:0:0:0:0:0:0:1 - - [18/Jan/2024:22:37:10 -0600] "GET /Gen1-P3CAMS/duenios/listar HTTP/1.1" 200 8460
0:0:0:0:0:0:0:1 - - [18/Jan/2024:22:37:11 -0600] "GET /Gen1-P3CAMS/duenios/editar?id=1 HTTP/1.1" 200 7724
0:0:0:0:0:0:0:1 - - [18/Jan/2024:22:37:14 -0600] "POST /Gen1-P3CAMS/duenios/editar HTTP/1.1" 302 -
0:0:0:0:0:0:0:1 - - [18/Jan/2024:22:37:14 -0600] "GET /Gen1-P3CAMS/duenios/listar HTTP/1.1" 200 8460
127.0.0.1 - admin [18/Jan/2024:22:57:58 -0600] "PUT /manager/text/deploy?path=%2FGen1-P3CAMS&update=true HTTP/1.1" 200 82
0:0:0:0:0:0:0:1 - - [18/Jan/2024:22:58:05 -0600] "GET /Gen1-P3CAMS/propiedades/listar HTTP/1.1" 200 8127
0:0:0:0:0:0:0:1 - - [18/Jan/2024:22:58:07 -0600] "GET /Gen1-P3CAMS/propiedades/editar?id=1 HTTP/1.1" 500 11261
127.0.0.1 - admin [18/Jan/2024:22:58:39 -0600] "PUT /manager/text/deploy?path=%2FGen1-P3CAMS&update=true HTTP/1.1" 200 82
0:0:0:0:0:0:0:1 - - [18/Jan/2024:22:58:44 -0600] "GET /Gen1-P3CAMS/propiedades/editar?id=21 HTTP/1.1" 500 10093
127.0.0.1 - admin [18/Jan/2024:23:00:06 -0600] "PUT /manager/text/deploy?path=%2FGen1-P3CAMS&update=true HTTP/1.1" 200 82
0:0:0:0:0:0:0:1 - - [18/Jan/2024:23:00:11 -0600] "GET /Gen1-P3CAMS/propiedades/editar?id=21 HTTP/1.1" 500 6137
127.0.0.1 - admin [18/Jan/2024:23:00:47 -0600] "PUT /manager/text/deploy?path=%2FGen1-P3CAMS&update=true HTTP/1.1" 200 82
0:0:0:0:0:0:0:1 - - [18/Jan/2024:23:00:51 -0600] "GET /Gen1-P3CAMS/propiedades/editar?id=21 HTTP/1.1" 200 7821
0:0:0:0:0:0:0:1 - - [18/Jan/2024:23:01:07 -0600] "POST /Gen1-P3CAMS/propiedades/editar HTTP/1.1" 302 -
0:0:0:0:0:0:0:1 - - [18/Jan/2024:23:01:08 -0600] "GET /Gen1-P3CAMS/propiedades/listar HTTP/1.1" 200 8127
0:0:0:0:0:0:0:1 - - [18/Jan/2024:23:01:10 -0600] "GET /Gen1-P3CAMS/propiedades/detalle?id=21 HTTP/1.1" 200 7974
0:0:0:0:0:0:0:1 - - [18/Jan/2024:23:01:12 -0600] "GET /Gen1-P3CAMS/propiedades/listar HTTP/1.1" 200 8127
