127.0.0.1 - admin [17/Jan/2024:08:29:35 -0600] "PUT /manager/text/deploy?path=%2FGen1-Rutas&update=true HTTP/1.1" 200 81
127.0.0.1 - admin [17/Jan/2024:08:30:03 -0600] "PUT /manager/text/deploy?path=%2FGen1-P3CAMS&update=true HTTP/1.1" 200 82
0:0:0:0:0:0:0:1 - - [17/Jan/2024:08:30:08 -0600] "GET /Gen1-Rutas/camiones/alta HTTP/1.1" 200 9456
0:0:0:0:0:0:0:1 - - [17/Jan/2024:08:30:10 -0600] "GET /Gen1-Rutas/camiones/alta HTTP/1.1" 200 9456
0:0:0:0:0:0:0:1 - - [17/Jan/2024:08:30:14 -0600] "GET /Gen1-Rutas/rutas/alta HTTP/1.1" 500 3933
127.0.0.1 - admin [17/Jan/2024:08:31:07 -0600] "PUT /manager/text/deploy?path=%2FGen1-Rutas&update=true HTTP/1.1" 200 81
0:0:0:0:0:0:0:1 - - [17/Jan/2024:08:31:12 -0600] "GET /Gen1-Rutas/rutas/alta HTTP/1.1" 200 18037
0:0:0:0:0:0:0:1 - - [17/Jan/2024:08:34:41 -0600] "POST /Gen1-API/api/direcciones HTTP/1.1" 201 35
0:0:0:0:0:0:0:1 - - [17/Jan/2024:08:38:38 -0600] "POST /Gen1-API/api/direcciones HTTP/1.1" 201 35
0:0:0:0:0:0:0:1 - - [17/Jan/2024:08:39:31 -0600] "GET /Gen1-P3CAMS/inquilinos/listar HTTP/1.1" 200 7828
127.0.0.1 - admin [17/Jan/2024:08:52:12 -0600] "PUT /manager/text/deploy?path=%2FGen1-Rutas&update=true HTTP/1.1" 200 81
0:0:0:0:0:0:0:1 - - [17/Jan/2024:08:52:49 -0600] "POST /Gen1-API/api/direcciones HTTP/1.1" 201 35
0:0:0:0:0:0:0:1 - - [17/Jan/2024:08:52:56 -0600] "GET /Gen1-Rutas/rutas/alta HTTP/1.1" 200 18118
0:0:0:0:0:0:0:1 - - [17/Jan/2024:08:53:16 -0600] "POST /Gen1-API/api/direcciones HTTP/1.1" 201 35
127.0.0.1 - admin [17/Jan/2024:08:54:44 -0600] "PUT /manager/text/deploy?path=%2FGen1-Rutas&update=true HTTP/1.1" 200 81
0:0:0:0:0:0:0:1 - - [17/Jan/2024:08:55:57 -0600] "GET /Gen1-Rutas/rutas/alta HTTP/1.1" 200 18124
0:0:0:0:0:0:0:1 - - [17/Jan/2024:08:56:20 -0600] "POST /Gen1-API/api/direcciones HTTP/1.1" 201 35
127.0.0.1 - admin [17/Jan/2024:08:58:41 -0600] "PUT /manager/text/deploy?path=%2FGen1-Rutas&update=true HTTP/1.1" 200 81
127.0.0.1 - admin [17/Jan/2024:08:58:51 -0600] "PUT /manager/text/deploy?path=%2FGen1-Rutas&update=true HTTP/1.1" 200 81
0:0:0:0:0:0:0:1 - - [17/Jan/2024:08:59:03 -0600] "GET /Gen1-Rutas/rutas/alta HTTP/1.1" 200 18120
0:0:0:0:0:0:0:1 - - [17/Jan/2024:08:59:25 -0600] "POST /Gen1-API/api/direcciones HTTP/1.1" 201 35
127.0.0.1 - admin [17/Jan/2024:09:00:34 -0600] "PUT /manager/text/deploy?path=%2FGen1-API&update=true HTTP/1.1" 200 79
0:0:0:0:0:0:0:1 - - [17/Jan/2024:09:00:55 -0600] "POST /Gen1-API/api/direcciones HTTP/1.1" 201 35
127.0.0.1 - admin [17/Jan/2024:09:06:19 -0600] "PUT /manager/text/deploy?path=%2FGen1-Rutas&update=true HTTP/1.1" 200 81
0:0:0:0:0:0:0:1 - - [17/Jan/2024:09:06:26 -0600] "GET /Gen1-Rutas/rutas/alta HTTP/1.1" 500 6133
127.0.0.1 - admin [17/Jan/2024:09:07:02 -0600] "PUT /manager/text/deploy?path=%2FGen1-Rutas&update=true HTTP/1.1" 200 81
0:0:0:0:0:0:0:1 - - [17/Jan/2024:09:07:11 -0600] "GET /Gen1-Rutas/rutas/alta HTTP/1.1" 500 3689
127.0.0.1 - admin [17/Jan/2024:09:08:21 -0600] "PUT /manager/text/deploy?path=%2FGen1-Rutas&update=true HTTP/1.1" 200 81
0:0:0:0:0:0:0:1 - - [17/Jan/2024:09:08:32 -0600] "GET /Gen1-Rutas/rutas/alta HTTP/1.1" 500 3711
127.0.0.1 - admin [17/Jan/2024:09:10:02 -0600] "PUT /manager/text/deploy?path=%2FGen1-Rutas&update=true HTTP/1.1" 200 81
0:0:0:0:0:0:0:1 - - [17/Jan/2024:09:10:13 -0600] "GET /Gen1-Rutas/rutas/alta HTTP/1.1" 500 4909
127.0.0.1 - admin [17/Jan/2024:09:11:22 -0600] "PUT /manager/text/deploy?path=%2FGen1-Rutas&update=true HTTP/1.1" 200 81
0:0:0:0:0:0:0:1 - - [17/Jan/2024:09:11:24 -0600] "GET /Gen1-Rutas/rutas/alta HTTP/1.1" 500 3711
127.0.0.1 - admin [17/Jan/2024:09:13:39 -0600] "PUT /manager/text/deploy?path=%2FGen1-Rutas&update=true HTTP/1.1" 200 81
0:0:0:0:0:0:0:1 - - [17/Jan/2024:09:13:41 -0600] "GET /Gen1-Rutas/rutas/alta HTTP/1.1" 500 6099
127.0.0.1 - admin [17/Jan/2024:09:18:34 -0600] "PUT /manager/text/deploy?path=%2FGen1-Rutas&update=true HTTP/1.1" 200 81
0:0:0:0:0:0:0:1 - - [17/Jan/2024:09:18:39 -0600] "GET /Gen1-Rutas/rutas/alta HTTP/1.1" 500 4793
127.0.0.1 - admin [17/Jan/2024:09:20:25 -0600] "PUT /manager/text/deploy?path=%2FGen1-Rutas&update=true HTTP/1.1" 200 81
0:0:0:0:0:0:0:1 - - [17/Jan/2024:09:20:31 -0600] "GET /Gen1-Rutas/rutas/alta HTTP/1.1" 500 3645
127.0.0.1 - admin [17/Jan/2024:09:20:52 -0600] "PUT /manager/text/deploy?path=%2FGen1-Rutas&update=true HTTP/1.1" 200 81
0:0:0:0:0:0:0:1 - - [17/Jan/2024:09:20:58 -0600] "GET /Gen1-Rutas/rutas/alta HTTP/1.1" 200 18130
127.0.0.1 - admin [17/Jan/2024:09:22:41 -0600] "PUT /manager/text/deploy?path=%2FGen1-Rutas&update=true HTTP/1.1" 200 81
0:0:0:0:0:0:0:1 - - [17/Jan/2024:09:22:47 -0600] "GET /Gen1-Rutas/rutas/alta HTTP/1.1" 500 3645
127.0.0.1 - admin [17/Jan/2024:09:23:10 -0600] "PUT /manager/text/deploy?path=%2FGen1-Rutas&update=true HTTP/1.1" 200 81
0:0:0:0:0:0:0:1 - - [17/Jan/2024:09:23:15 -0600] "GET /Gen1-Rutas/rutas/alta HTTP/1.1" 200 18134
127.0.0.1 - admin [17/Jan/2024:09:30:46 -0600] "PUT /manager/text/deploy?path=%2FGen1-Rutas&update=true HTTP/1.1" 200 81
127.0.0.1 - admin [17/Jan/2024:09:32:25 -0600] "PUT /manager/text/deploy?path=%2FGen1-Rutas&update=true HTTP/1.1" 200 81
0:0:0:0:0:0:0:1 - - [17/Jan/2024:09:32:30 -0600] "GET /Gen1-Rutas/rutas/alta HTTP/1.1" 200 18430
127.0.0.1 - admin [17/Jan/2024:09:35:33 -0600] "PUT /manager/text/deploy?path=%2FGen1-Rutas&update=true HTTP/1.1" 200 81
0:0:0:0:0:0:0:1 - - [17/Jan/2024:09:35:39 -0600] "GET /Gen1-Rutas/rutas/alta HTTP/1.1" 200 18424
127.0.0.1 - admin [17/Jan/2024:09:35:59 -0600] "PUT /manager/text/deploy?path=%2FGen1-Rutas&update=true HTTP/1.1" 200 81
0:0:0:0:0:0:0:1 - - [17/Jan/2024:09:36:02 -0600] "GET /Gen1-Rutas/rutas/alta HTTP/1.1" 200 18422
0:0:0:0:0:0:0:1 - - [17/Jan/2024:09:36:14 -0600] "GET /Gen1-Rutas/rutas/alta HTTP/1.1" 200 18422
127.0.0.1 - admin [17/Jan/2024:09:41:16 -0600] "PUT /manager/text/deploy?path=%2FGen1-Rutas&update=true HTTP/1.1" 200 81
0:0:0:0:0:0:0:1 - - [17/Jan/2024:09:41:19 -0600] "GET /Gen1-Rutas/rutas/alta HTTP/1.1" 200 18434
127.0.0.1 - admin [17/Jan/2024:09:42:28 -0600] "PUT /manager/text/deploy?path=%2FGen1-Rutas&update=true HTTP/1.1" 200 81
0:0:0:0:0:0:0:1 - - [17/Jan/2024:09:42:36 -0600] "GET /Gen1-Rutas/rutas/alta HTTP/1.1" 200 18434
127.0.0.1 - admin [17/Jan/2024:09:56:22 -0600] "PUT /manager/text/deploy?path=%2FGen1-Rutas&update=true HTTP/1.1" 200 81
0:0:0:0:0:0:0:1 - - [17/Jan/2024:09:56:28 -0600] "GET /Gen1-Rutas/rutas/alta HTTP/1.1" 200 18677
0:0:0:0:0:0:0:1 - - [17/Jan/2024:09:57:04 -0600] "POST /Gen1-API/api/direcciones HTTP/1.1" 201 35
127.0.0.1 - admin [17/Jan/2024:09:59:28 -0600] "PUT /manager/text/deploy?path=%2FGen1-Rutas&update=true HTTP/1.1" 200 81
0:0:0:0:0:0:0:1 - - [17/Jan/2024:09:59:33 -0600] "GET /Gen1-Rutas/rutas/alta HTTP/1.1" 200 18619
0:0:0:0:0:0:0:1 - - [17/Jan/2024:09:59:43 -0600] "GET /Gen1-Rutas/rutas/alta HTTP/1.1" 200 18619
127.0.0.1 - admin [17/Jan/2024:10:10:39 -0600] "PUT /manager/text/deploy?path=%2FGen1-Rutas&update=true HTTP/1.1" 200 81
127.0.0.1 - admin [17/Jan/2024:10:13:27 -0600] "PUT /manager/text/deploy?path=%2FGen1-Rutas&update=true HTTP/1.1" 200 81
0:0:0:0:0:0:0:1 - - [17/Jan/2024:10:13:33 -0600] "GET /Gen1-Rutas/rutas/alta HTTP/1.1" 200 18632
0:0:0:0:0:0:0:1 - - [17/Jan/2024:10:13:50 -0600] "POST /Gen1-API/api/direcciones HTTP/1.1" 201 35
127.0.0.1 - admin [17/Jan/2024:10:14:25 -0600] "PUT /manager/text/deploy?path=%2FGen1-Rutas&update=true HTTP/1.1" 200 81
0:0:0:0:0:0:0:1 - - [17/Jan/2024:10:14:35 -0600] "GET /Gen1-Rutas/rutas/alta HTTP/1.1" 200 18541
127.0.0.1 - admin [17/Jan/2024:10:15:12 -0600] "PUT /manager/text/deploy?path=%2FGen1-Rutas&update=true HTTP/1.1" 200 81
127.0.0.1 - admin [17/Jan/2024:10:15:24 -0600] "PUT /manager/text/deploy?path=%2FGen1-Rutas&update=true HTTP/1.1" 200 81
0:0:0:0:0:0:0:1 - - [17/Jan/2024:10:15:28 -0600] "GET /Gen1-Rutas/rutas/alta HTTP/1.1" 200 18531
127.0.0.1 - admin [17/Jan/2024:10:17:17 -0600] "PUT /manager/text/deploy?path=%2FGen1-Rutas&update=true HTTP/1.1" 200 81
0:0:0:0:0:0:0:1 - - [17/Jan/2024:10:17:43 -0600] "GET /Gen1-Rutas/rutas/alta HTTP/1.1" 200 18534
127.0.0.1 - admin [17/Jan/2024:10:18:38 -0600] "PUT /manager/text/deploy?path=%2FGen1-Rutas&update=true HTTP/1.1" 200 81
0:0:0:0:0:0:0:1 - - [17/Jan/2024:10:18:46 -0600] "GET /Gen1-Rutas/rutas/alta HTTP/1.1" 200 18557
0:0:0:0:0:0:0:1 - - [17/Jan/2024:10:18:58 -0600] "POST /Gen1-API/api/direcciones HTTP/1.1" 201 35
127.0.0.1 - admin [17/Jan/2024:10:19:39 -0600] "PUT /manager/text/deploy?path=%2FGen1-Rutas&update=true HTTP/1.1" 200 81
0:0:0:0:0:0:0:1 - - [17/Jan/2024:10:20:04 -0600] "GET /Gen1-Rutas/rutas/alta HTTP/1.1" 200 18545
0:0:0:0:0:0:0:1 - - [17/Jan/2024:10:20:15 -0600] "POST /Gen1-API/api/direcciones HTTP/1.1" 201 35
0:0:0:0:0:0:0:1 - - [17/Jan/2024:10:20:15 -0600] "GET /Gen1-Rutas/rutas/succes HTTP/1.1" 404 719
127.0.0.1 - admin [17/Jan/2024:10:21:00 -0600] "PUT /manager/text/deploy?path=%2FGen1-Rutas&update=true HTTP/1.1" 200 81
0:0:0:0:0:0:0:1 - - [17/Jan/2024:10:21:06 -0600] "GET /Gen1-Rutas/rutas/alta HTTP/1.1" 200 18640
0:0:0:0:0:0:0:1 - - [17/Jan/2024:10:21:24 -0600] "POST /Gen1-API/api/direcciones HTTP/1.1" 201 35
127.0.0.1 - admin [17/Jan/2024:10:21:40 -0600] "PUT /manager/text/deploy?path=%2FGen1-Rutas&update=true HTTP/1.1" 200 81
0:0:0:0:0:0:0:1 - - [17/Jan/2024:10:21:46 -0600] "GET /Gen1-Rutas/rutas/alta HTTP/1.1" 200 18637
0:0:0:0:0:0:0:1 - - [17/Jan/2024:10:21:57 -0600] "POST /Gen1-API/api/direcciones HTTP/1.1" 201 35
127.0.0.1 - admin [17/Jan/2024:10:31:31 -0600] "PUT /manager/text/deploy?path=%2FGen1-Rutas&update=true HTTP/1.1" 200 81
0:0:0:0:0:0:0:1 - - [17/Jan/2024:10:31:40 -0600] "GET /Gen1-Rutas/rutas/alta HTTP/1.1" 200 18637
127.0.0.1 - admin [17/Jan/2024:10:32:46 -0600] "PUT /manager/text/deploy?path=%2FGen1-Rutas&update=true HTTP/1.1" 200 81
0:0:0:0:0:0:0:1 - - [17/Jan/2024:10:32:50 -0600] "GET /Gen1-Rutas/rutas/alta HTTP/1.1" 200 18636
127.0.0.1 - admin [17/Jan/2024:10:33:07 -0600] "PUT /manager/text/deploy?path=%2FGen1-Rutas&update=true HTTP/1.1" 200 81
127.0.0.1 - admin [17/Jan/2024:10:33:22 -0600] "PUT /manager/text/deploy?path=%2FGen1-Rutas&update=true HTTP/1.1" 200 81
0:0:0:0:0:0:0:1 - - [17/Jan/2024:10:33:37 -0600] "GET /Gen1-Rutas/rutas/alta HTTP/1.1" 200 18643
127.0.0.1 - admin [17/Jan/2024:10:38:35 -0600] "PUT /manager/text/deploy?path=%2FGen1-Rutas&update=true HTTP/1.1" 200 81
0:0:0:0:0:0:0:1 - - [17/Jan/2024:10:38:38 -0600] "GET /Gen1-Rutas/rutas/alta HTTP/1.1" 500 6841
127.0.0.1 - admin [17/Jan/2024:10:39:51 -0600] "PUT /manager/text/deploy?path=%2FGen1-Rutas&update=true HTTP/1.1" 200 81
0:0:0:0:0:0:0:1 - - [17/Jan/2024:10:39:54 -0600] "GET /Gen1-Rutas/rutas/alta HTTP/1.1" 500 3947
127.0.0.1 - admin [17/Jan/2024:10:40:20 -0600] "PUT /manager/text/deploy?path=%2FGen1-Rutas&update=true HTTP/1.1" 200 81
0:0:0:0:0:0:0:1 - - [17/Jan/2024:10:40:24 -0600] "GET /Gen1-Rutas/rutas/alta HTTP/1.1" 500 5381
127.0.0.1 - admin [17/Jan/2024:10:51:05 -0600] "PUT /manager/text/deploy?path=%2FGen1-Rutas&update=true HTTP/1.1" 200 81
0:0:0:0:0:0:0:1 - - [17/Jan/2024:10:51:09 -0600] "GET /Gen1-Rutas/rutas/alta HTTP/1.1" 200 18718
0:0:0:0:0:0:0:1 - - [17/Jan/2024:10:51:25 -0600] "POST /Gen1-API/api/direcciones HTTP/1.1" 201 35
0:0:0:0:0:0:0:1 - - [17/Jan/2024:10:58:06 -0600] "GET /Gen1-Rutas/rutas/alta HTTP/1.1" 200 18718
0:0:0:0:0:0:0:1 - - [17/Jan/2024:10:58:19 -0600] "POST /Gen1-API/api/direcciones HTTP/1.1" 201 35
127.0.0.1 - admin [17/Jan/2024:11:04:36 -0600] "PUT /manager/text/deploy?path=%2FGen1-Rutas&update=true HTTP/1.1" 200 81
127.0.0.1 - admin [17/Jan/2024:11:05:00 -0600] "PUT /manager/text/deploy?path=%2FGen1-Rutas&update=true HTTP/1.1" 200 81
0:0:0:0:0:0:0:1 - - [17/Jan/2024:11:05:03 -0600] "GET /Gen1-Rutas/rutas/alta HTTP/1.1" 500 3747
127.0.0.1 - admin [17/Jan/2024:11:06:01 -0600] "PUT /manager/text/deploy?path=%2FGen1-Rutas&update=true HTTP/1.1" 200 81
0:0:0:0:0:0:0:1 - - [17/Jan/2024:11:06:05 -0600] "GET /Gen1-Rutas/rutas/alta HTTP/1.1" 500 3105
127.0.0.1 - admin [17/Jan/2024:11:10:49 -0600] "PUT /manager/text/deploy?path=%2FGen1-Rutas&update=true HTTP/1.1" 200 81
0:0:0:0:0:0:0:1 - - [17/Jan/2024:11:10:54 -0600] "GET /Gen1-Rutas/rutas/alta HTTP/1.1" 200 19784
127.0.0.1 - admin [17/Jan/2024:11:12:00 -0600] "PUT /manager/text/deploy?path=%2FGen1-Rutas&update=true HTTP/1.1" 200 81
0:0:0:0:0:0:0:1 - - [17/Jan/2024:11:12:05 -0600] "GET /Gen1-Rutas/rutas/alta HTTP/1.1" 200 19775
0:0:0:0:0:0:0:1 - - [17/Jan/2024:11:12:17 -0600] "GET /Gen1-Rutas/rutas/alta HTTP/1.1" 200 19775
127.0.0.1 - admin [17/Jan/2024:11:15:56 -0600] "PUT /manager/text/deploy?path=%2FGen1-Rutas&update=true HTTP/1.1" 200 81
0:0:0:0:0:0:0:1 - - [17/Jan/2024:11:16:01 -0600] "GET /Gen1-Rutas/rutas/alta HTTP/1.1" 200 19782
127.0.0.1 - admin [17/Jan/2024:11:19:21 -0600] "PUT /manager/text/deploy?path=%2FGen1-Rutas&update=true HTTP/1.1" 200 81
0:0:0:0:0:0:0:1 - - [17/Jan/2024:11:19:26 -0600] "GET /Gen1-Rutas/rutas/alta HTTP/1.1" 200 19782
127.0.0.1 - admin [17/Jan/2024:11:24:52 -0600] "PUT /manager/text/deploy?path=%2FGen1-Rutas&update=true HTTP/1.1" 200 81
0:0:0:0:0:0:0:1 - - [17/Jan/2024:11:24:57 -0600] "GET /Gen1-Rutas/rutas/alta HTTP/1.1" 200 19924
127.0.0.1 - admin [17/Jan/2024:11:26:55 -0600] "PUT /manager/text/deploy?path=%2FGen1-Rutas&update=true HTTP/1.1" 200 81
127.0.0.1 - admin [17/Jan/2024:11:27:08 -0600] "PUT /manager/text/deploy?path=%2FGen1-Rutas&update=true HTTP/1.1" 200 81
0:0:0:0:0:0:0:1 - - [17/Jan/2024:11:27:15 -0600] "GET /Gen1-Rutas/rutas/alta HTTP/1.1" 200 21106
0:0:0:0:0:0:0:1 - - [17/Jan/2024:11:28:26 -0600] "GET /Gen1-Rutas/rutas/alta HTTP/1.1" 200 21106
0:0:0:0:0:0:0:1 - - [17/Jan/2024:11:28:28 -0600] "GET /Gen1-Rutas/camiones/listar HTTP/1.1" 200 9677
0:0:0:0:0:0:0:1 - - [17/Jan/2024:11:28:30 -0600] "GET /Gen1-Rutas/rutas/alta HTTP/1.1" 200 21106
127.0.0.1 - admin [17/Jan/2024:11:33:36 -0600] "PUT /manager/text/deploy?path=%2FGen1-Rutas&update=true HTTP/1.1" 200 81
0:0:0:0:0:0:0:1 - - [17/Jan/2024:11:33:40 -0600] "GET /Gen1-Rutas/rutas/alta HTTP/1.1" 200 21106
127.0.0.1 - admin [17/Jan/2024:12:00:10 -0600] "PUT /manager/text/deploy?path=%2FGen1-Rutas&update=true HTTP/1.1" 200 81
0:0:0:0:0:0:0:1 - - [17/Jan/2024:12:00:27 -0600] "GET /Gen1-Rutas/rutas/alta HTTP/1.1" 200 21110
127.0.0.1 - admin [17/Jan/2024:12:01:44 -0600] "PUT /manager/text/deploy?path=%2FGen1-Rutas&update=true HTTP/1.1" 200 81
0:0:0:0:0:0:0:1 - - [17/Jan/2024:12:01:48 -0600] "GET /Gen1-Rutas/rutas/alta HTTP/1.1" 200 19924
0:0:0:0:0:0:0:1 - - [17/Jan/2024:12:02:15 -0600] "POST /Gen1-API/api/direcciones HTTP/1.1" 201 35
127.0.0.1 - admin [17/Jan/2024:12:03:29 -0600] "PUT /manager/text/deploy?path=%2FGen1-Rutas&update=true HTTP/1.1" 200 81
0:0:0:0:0:0:0:1 - - [17/Jan/2024:12:03:33 -0600] "GET /Gen1-Rutas/rutas/alta HTTP/1.1" 200 19983
0:0:0:0:0:0:0:1 - - [17/Jan/2024:12:03:57 -0600] "POST /Gen1-API/api/direcciones HTTP/1.1" 201 35
127.0.0.1 - admin [17/Jan/2024:12:04:41 -0600] "PUT /manager/text/deploy?path=%2FGen1-Rutas&update=true HTTP/1.1" 200 81
0:0:0:0:0:0:0:1 - - [17/Jan/2024:12:04:44 -0600] "GET /Gen1-Rutas/rutas/alta HTTP/1.1" 200 19984
0:0:0:0:0:0:0:1 - - [17/Jan/2024:12:04:53 -0600] "GET /Gen1-Rutas/rutas/alta HTTP/1.1" 200 19984
0:0:0:0:0:0:0:1 - - [17/Jan/2024:12:05:22 -0600] "POST /Gen1-API/api/direcciones HTTP/1.1" 201 35
0:0:0:0:0:0:0:1 - - [17/Jan/2024:12:05:32 -0600] "POST /Gen1-API/api/direcciones HTTP/1.1" 201 35
0:0:0:0:0:0:0:1 - - [17/Jan/2024:12:06:09 -0600] "GET /Gen1-Rutas/rutas/alta HTTP/1.1" 200 19984
0:0:0:0:0:0:0:1 - - [17/Jan/2024:12:06:14 -0600] "GET /Gen1-Rutas/camiones/listar HTTP/1.1" 200 9677
127.0.0.1 - admin [17/Jan/2024:12:37:36 -0600] "PUT /manager/text/deploy?path=%2FGen1-Rutas&update=true HTTP/1.1" 200 81
0:0:0:0:0:0:0:1 - - [17/Jan/2024:12:37:40 -0600] "GET /Gen1-Rutas/rutas/alta HTTP/1.1" 200 19988
0:0:0:0:0:0:0:1 - - [17/Jan/2024:12:38:10 -0600] "POST /Gen1-API/api/direcciones HTTP/1.1" 201 35
0:0:0:0:0:0:0:1 - - [17/Jan/2024:12:38:19 -0600] "POST /Gen1-API/api/direcciones HTTP/1.1" 201 35
127.0.0.1 - admin [17/Jan/2024:12:47:03 -0600] "PUT /manager/text/deploy?path=%2FGen1-Rutas&update=true HTTP/1.1" 200 81
127.0.0.1 - admin [17/Jan/2024:13:10:53 -0600] "PUT /manager/text/deploy?path=%2FGen1-Rutas&update=true HTTP/1.1" 200 81
0:0:0:0:0:0:0:1 - - [17/Jan/2024:13:10:58 -0600] "GET /Gen1-Rutas/rutas/alta HTTP/1.1" 200 21232
0:0:0:0:0:0:0:1 - - [17/Jan/2024:13:11:38 -0600] "POST /Gen1-API/api/direcciones HTTP/1.1" 201 35
127.0.0.1 - admin [17/Jan/2024:13:12:46 -0600] "PUT /manager/text/deploy?path=%2FGen1-Rutas&update=true HTTP/1.1" 200 81
0:0:0:0:0:0:0:1 - - [17/Jan/2024:13:12:49 -0600] "GET /Gen1-Rutas/rutas/alta HTTP/1.1" 200 21179
0:0:0:0:0:0:0:1 - - [17/Jan/2024:13:12:50 -0600] "GET /favicon.ico HTTP/1.1" 304 -
0:0:0:0:0:0:0:1 - - [17/Jan/2024:13:13:24 -0600] "POST /Gen1-API/api/direcciones HTTP/1.1" 201 35
0:0:0:0:0:0:0:1 - - [17/Jan/2024:13:13:33 -0600] "POST /Gen1-API/api/direcciones HTTP/1.1" 201 35
0:0:0:0:0:0:0:1 - - [17/Jan/2024:13:13:37 -0600] "POST /Gen1-Rutas/api/rutas HTTP/1.1" 500 1522
127.0.0.1 - admin [17/Jan/2024:13:20:30 -0600] "PUT /manager/text/deploy?path=%2FGen1-Rutas&update=true HTTP/1.1" 200 81
0:0:0:0:0:0:0:1 - - [17/Jan/2024:13:20:39 -0600] "POST /Gen1-Rutas/api/rutas HTTP/1.1" 500 1522
127.0.0.1 - admin [17/Jan/2024:13:21:18 -0600] "PUT /manager/text/deploy?path=%2FGen1-Rutas&update=true HTTP/1.1" 200 81
0:0:0:0:0:0:0:1 - - [17/Jan/2024:13:21:24 -0600] "GET /Gen1-Rutas/rutas/alta HTTP/1.1" 200 21160
0:0:0:0:0:0:0:1 - - [17/Jan/2024:13:22:04 -0600] "POST /Gen1-API/api/direcciones HTTP/1.1" 201 35
0:0:0:0:0:0:0:1 - - [17/Jan/2024:13:22:14 -0600] "POST /Gen1-API/api/direcciones HTTP/1.1" 201 35
0:0:0:0:0:0:0:1 - - [17/Jan/2024:13:22:26 -0600] "POST /Gen1-Rutas/api/rutas HTTP/1.1" 500 1522
127.0.0.1 - admin [17/Jan/2024:13:29:15 -0600] "PUT /manager/text/deploy?path=%2FGen1-Rutas&update=true HTTP/1.1" 200 81
127.0.0.1 - admin [17/Jan/2024:13:30:53 -0600] "PUT /manager/text/deploy?path=%2FGen1-Rutas&update=true HTTP/1.1" 200 81
0:0:0:0:0:0:0:1 - - [17/Jan/2024:13:30:58 -0600] "GET /Gen1-Rutas/rutas/alta HTTP/1.1" 200 21160
0:0:0:0:0:0:0:1 - - [17/Jan/2024:13:31:23 -0600] "POST /Gen1-Rutas/api/rutas HTTP/1.1" 500 1398
0:0:0:0:0:0:0:1 - - [17/Jan/2024:13:31:49 -0600] "POST /Gen1-API/api/direcciones HTTP/1.1" 201 35
0:0:0:0:0:0:0:1 - - [17/Jan/2024:13:32:02 -0600] "POST /Gen1-API/api/direcciones HTTP/1.1" 201 35
0:0:0:0:0:0:0:1 - - [17/Jan/2024:13:32:05 -0600] "POST /Gen1-Rutas/api/rutas HTTP/1.1" 500 1398
127.0.0.1 - admin [17/Jan/2024:13:35:15 -0600] "PUT /manager/text/deploy?path=%2FGen1-Rutas&update=true HTTP/1.1" 200 81
127.0.0.1 - admin [17/Jan/2024:13:36:29 -0600] "PUT /manager/text/deploy?path=%2FGen1-Rutas&update=true HTTP/1.1" 200 81
0:0:0:0:0:0:0:1 - - [17/Jan/2024:13:36:33 -0600] "GET /Gen1-Rutas/rutas/alta HTTP/1.1" 200 21154
0:0:0:0:0:0:0:1 - - [17/Jan/2024:13:37:09 -0600] "POST /Gen1-API/api/direcciones HTTP/1.1" 201 35
0:0:0:0:0:0:0:1 - - [17/Jan/2024:13:37:19 -0600] "POST /Gen1-API/api/direcciones HTTP/1.1" 201 35
0:0:0:0:0:0:0:1 - - [17/Jan/2024:13:37:24 -0600] "POST /Gen1-Rutas/api/rutas HTTP/1.1" 500 1398
127.0.0.1 - admin [17/Jan/2024:13:39:01 -0600] "PUT /manager/text/deploy?path=%2FGen1-Rutas&update=true HTTP/1.1" 200 81
0:0:0:0:0:0:0:1 - - [17/Jan/2024:13:39:12 -0600] "GET /Gen1-Rutas/rutas/alta HTTP/1.1" 200 21154
0:0:0:0:0:0:0:1 - - [17/Jan/2024:13:39:55 -0600] "POST /Gen1-API/api/direcciones HTTP/1.1" 201 35
0:0:0:0:0:0:0:1 - - [17/Jan/2024:13:40:09 -0600] "POST /Gen1-API/api/direcciones HTTP/1.1" 201 35
0:0:0:0:0:0:0:1 - - [17/Jan/2024:13:40:12 -0600] "POST /Gen1-Rutas/api/rutas HTTP/1.1" 500 1621
127.0.0.1 - admin [17/Jan/2024:13:48:30 -0600] "PUT /manager/text/deploy?path=%2FGen1-Rutas&update=true HTTP/1.1" 200 81
0:0:0:0:0:0:0:1 - - [17/Jan/2024:13:48:54 -0600] "GET /Gen1-Rutas/rutas/alta HTTP/1.1" 200 21229
0:0:0:0:0:0:0:1 - - [17/Jan/2024:13:49:28 -0600] "POST /Gen1-API/api/direcciones HTTP/1.1" 201 35
0:0:0:0:0:0:0:1 - - [17/Jan/2024:13:49:38 -0600] "POST /Gen1-API/api/direcciones HTTP/1.1" 201 35
127.0.0.1 - admin [17/Jan/2024:13:50:40 -0600] "PUT /manager/text/deploy?path=%2FGen1-Rutas&update=true HTTP/1.1" 200 81
0:0:0:0:0:0:0:1 - - [17/Jan/2024:13:50:49 -0600] "POST /Gen1-Rutas/api/rutas HTTP/1.1" 201 35
127.0.0.1 - admin [17/Jan/2024:13:57:39 -0600] "PUT /manager/text/deploy?path=%2FGen1-Rutas&update=true HTTP/1.1" 200 81
0:0:0:0:0:0:0:1 - - [17/Jan/2024:13:57:46 -0600] "GET /Gen1-Rutas/rutas/alta HTTP/1.1" 200 21230
0:0:0:0:0:0:0:1 - - [17/Jan/2024:13:58:30 -0600] "POST /Gen1-API/api/direcciones HTTP/1.1" 201 35
0:0:0:0:0:0:0:1 - - [17/Jan/2024:13:58:40 -0600] "POST /Gen1-API/api/direcciones HTTP/1.1" 201 36
0:0:0:0:0:0:0:1 - - [17/Jan/2024:13:58:44 -0600] "POST /Gen1-Rutas/rutas/alta HTTP/1.1" 201 35
127.0.0.1 - admin [17/Jan/2024:13:59:37 -0600] "PUT /manager/text/deploy?path=%2FGen1-Rutas&update=true HTTP/1.1" 200 81
127.0.0.1 - admin [17/Jan/2024:14:07:33 -0600] "PUT /manager/text/deploy?path=%2FGen1-Rutas&update=true HTTP/1.1" 200 81
0:0:0:0:0:0:0:1 - - [17/Jan/2024:14:07:38 -0600] "GET /Gen1-Rutas/rutas/alta HTTP/1.1" 200 21227
127.0.0.1 - admin [17/Jan/2024:14:09:12 -0600] "PUT /manager/text/deploy?path=%2FGen1-Rutas&update=true HTTP/1.1" 200 81
0:0:0:0:0:0:0:1 - - [17/Jan/2024:14:09:23 -0600] "GET /Gen1-Rutas/rutas/alta HTTP/1.1" 200 21227
127.0.0.1 - admin [17/Jan/2024:14:12:24 -0600] "PUT /manager/text/deploy?path=%2FGen1-Rutas&update=true HTTP/1.1" 200 81
0:0:0:0:0:0:0:1 - - [17/Jan/2024:14:12:35 -0600] "GET /Gen1-Rutas/rutas/alta HTTP/1.1" 200 22817
127.0.0.1 - admin [17/Jan/2024:14:13:14 -0600] "PUT /manager/text/deploy?path=%2FGen1-Rutas&update=true HTTP/1.1" 200 81
0:0:0:0:0:0:0:1 - - [17/Jan/2024:14:13:16 -0600] "GET /Gen1-Rutas/rutas/alta HTTP/1.1" 200 22635
127.0.0.1 - admin [17/Jan/2024:14:14:35 -0600] "PUT /manager/text/deploy?path=%2FGen1-Rutas&update=true HTTP/1.1" 200 81
0:0:0:0:0:0:0:1 - - [17/Jan/2024:14:14:36 -0600] "GET /Gen1-Rutas/rutas/alta HTTP/1.1" 200 21909
127.0.0.1 - admin [17/Jan/2024:14:14:54 -0600] "PUT /manager/text/deploy?path=%2FGen1-Rutas&update=true HTTP/1.1" 200 81
0:0:0:0:0:0:0:1 - - [17/Jan/2024:14:14:57 -0600] "GET /Gen1-Rutas/rutas/alta HTTP/1.1" 200 21855
127.0.0.1 - admin [17/Jan/2024:14:15:25 -0600] "PUT /manager/text/deploy?path=%2FGen1-Rutas&update=true HTTP/1.1" 200 81
0:0:0:0:0:0:0:1 - - [17/Jan/2024:14:15:29 -0600] "GET /Gen1-Rutas/rutas/alta HTTP/1.1" 200 21411
127.0.0.1 - admin [17/Jan/2024:14:16:49 -0600] "PUT /manager/text/deploy?path=%2FGen1-Rutas&update=true HTTP/1.1" 200 81
0:0:0:0:0:0:0:1 - - [17/Jan/2024:14:16:52 -0600] "GET /Gen1-Rutas/rutas/alta HTTP/1.1" 200 21270
127.0.0.1 - admin [17/Jan/2024:14:17:20 -0600] "PUT /manager/text/deploy?path=%2FGen1-Rutas&update=true HTTP/1.1" 200 81
127.0.0.1 - admin [17/Jan/2024:14:22:31 -0600] "PUT /manager/text/deploy?path=%2FGen1-Rutas&update=true HTTP/1.1" 200 81
0:0:0:0:0:0:0:1 - - [17/Jan/2024:14:22:36 -0600] "GET /Gen1-Rutas/rutas/alta HTTP/1.1" 200 21189
0:0:0:0:0:0:0:1 - - [17/Jan/2024:14:23:31 -0600] "GET /Gen1-Rutas/rutas/alta HTTP/1.1" 200 21189
0:0:0:0:0:0:0:1 - - [17/Jan/2024:14:23:35 -0600] "GET /favicon.ico HTTP/1.1" 200 21630
127.0.0.1 - admin [17/Jan/2024:14:32:44 -0600] "PUT /manager/text/deploy?path=%2FGen1-Rutas&update=true HTTP/1.1" 200 81
0:0:0:0:0:0:0:1 - - [17/Jan/2024:14:32:47 -0600] "GET /Gen1-Rutas/rutas/alta HTTP/1.1" 200 21197
0:0:0:0:0:0:0:1 - - [17/Jan/2024:14:55:50 -0600] "POST /Gen1-API/api/direcciones HTTP/1.1" 201 36
0:0:0:0:0:0:0:1 - - [17/Jan/2024:14:55:59 -0600] "POST /Gen1-API/api/direcciones HTTP/1.1" 201 36
0:0:0:0:0:0:0:1 - - [17/Jan/2024:14:56:03 -0600] "POST /Gen1-Rutas/rutas/alta HTTP/1.1" 201 35
0:0:0:0:0:0:0:1 - - [17/Jan/2024:16:52:14 -0600] "GET /Gen1-P3CAMS/contratos/listar HTTP/1.1" 404 724
0:0:0:0:0:0:0:1 - - [17/Jan/2024:16:52:16 -0600] "GET /Gen1-P3CAMS/propiedades/listar HTTP/1.1" 200 7458
0:0:0:0:0:0:0:1 - - [17/Jan/2024:16:52:19 -0600] "GET /Gen1-P3CAMS/inquilinos/listar HTTP/1.1" 200 7828
0:0:0:0:0:0:0:1 - - [17/Jan/2024:16:52:21 -0600] "GET /Gen1-P3CAMS/duenios/listar HTTP/1.1" 200 8453
0:0:0:0:0:0:0:1 - - [17/Jan/2024:16:52:23 -0600] "GET /Gen1-P3CAMS/mantenimientos/listar HTTP/1.1" 404 729
0:0:0:0:0:0:0:1 - - [17/Jan/2024:16:52:28 -0600] "GET /Gen1-P3CAMS/duenios/listar HTTP/1.1" 200 8453
0:0:0:0:0:0:0:1 - - [17/Jan/2024:16:52:32 -0600] "GET /Gen1-P3CAMS/inquilinos/listar HTTP/1.1" 200 7828
0:0:0:0:0:0:0:1 - - [17/Jan/2024:16:52:33 -0600] "GET /Gen1-P3CAMS/inquilinos/alta HTTP/1.1" 200 6657
0:0:0:0:0:0:0:1 - - [17/Jan/2024:16:52:59 -0600] "POST /Gen1-P3CAMS/inquilinos/alta HTTP/1.1" 302 -
0:0:0:0:0:0:0:1 - - [17/Jan/2024:16:52:59 -0600] "GET /Gen1-P3CAMS/inquilinos/listar HTTP/1.1" 200 8419
0:0:0:0:0:0:0:1 - - [17/Jan/2024:16:53:02 -0600] "GET /Gen1-P3CAMS/inquilinos/eliminar?id=41 HTTP/1.1" 302 -
0:0:0:0:0:0:0:1 - - [17/Jan/2024:16:53:02 -0600] "GET /Gen1-P3CAMS/inquilinos/listar HTTP/1.1" 200 7828
0:0:0:0:0:0:0:1 - - [17/Jan/2024:16:53:04 -0600] "GET /Gen1-P3CAMS/inquilinos/detalle?id=21 HTTP/1.1" 200 7859
0:0:0:0:0:0:0:1 - - [17/Jan/2024:16:53:07 -0600] "GET /Gen1-P3CAMS/inquilinos/listar HTTP/1.1" 200 7828
0:0:0:0:0:0:0:1 - - [17/Jan/2024:16:53:12 -0600] "GET /Gen1-P3CAMS/contratos/listar HTTP/1.1" 404 724
0:0:0:0:0:0:0:1 - - [17/Jan/2024:16:53:17 -0600] "GET /Gen1-P3CAMS/inquilinos/listar HTTP/1.1" 200 7828
0:0:0:0:0:0:0:1 - - [17/Jan/2024:16:53:21 -0600] "GET /Gen1-P3CAMS/duenios/listar HTTP/1.1" 200 8453
0:0:0:0:0:0:0:1 - - [17/Jan/2024:16:53:29 -0600] "GET /Gen1-P3CAMS/duenios/alta HTTP/1.1" 200 6618
0:0:0:0:0:0:0:1 - - [17/Jan/2024:16:53:53 -0600] "POST /Gen1-P3CAMS/duenios/alta HTTP/1.1" 302 -
0:0:0:0:0:0:0:1 - - [17/Jan/2024:16:53:53 -0600] "GET /Gen1-P3CAMS/duenios/listar HTTP/1.1" 200 9016
0:0:0:0:0:0:0:1 - - [17/Jan/2024:16:54:02 -0600] "GET /Gen1-P3CAMS/duenios/editar?id=41 HTTP/1.1" 200 7717
0:0:0:0:0:0:0:1 - - [17/Jan/2024:16:54:09 -0600] "POST /Gen1-P3CAMS/duenios/editar HTTP/1.1" 302 -
0:0:0:0:0:0:0:1 - - [17/Jan/2024:16:54:09 -0600] "GET /Gen1-P3CAMS/duenios/listar HTTP/1.1" 200 9016
0:0:0:0:0:0:0:1 - - [17/Jan/2024:16:54:13 -0600] "GET /Gen1-P3CAMS/mantenimientos/alta HTTP/1.1" 404 727
127.0.0.1 - admin [17/Jan/2024:18:18:17 -0600] "PUT /manager/text/deploy?path=%2FGen1-P3CAMS&update=true HTTP/1.1" 200 82
0:0:0:0:0:0:0:1 - - [17/Jan/2024:18:20:48 -0600] "GET /Gen1-P3CAMS/mantenimientos/listar HTTP/1.1" 500 2877
127.0.0.1 - admin [17/Jan/2024:18:21:29 -0600] "PUT /manager/text/deploy?path=%2FGen1-P3CAMS&update=true HTTP/1.1" 200 82
0:0:0:0:0:0:0:1 - - [17/Jan/2024:18:21:32 -0600] "GET /Gen1-P3CAMS/mantenimientos/listar HTTP/1.1" 500 7127
127.0.0.1 - admin [17/Jan/2024:18:21:56 -0600] "PUT /manager/text/deploy?path=%2FGen1-P3CAMS&update=true HTTP/1.1" 200 82
0:0:0:0:0:0:0:1 - - [17/Jan/2024:18:22:11 -0600] "GET /Gen1-P3CAMS/mantenimientos/listar HTTP/1.1" 500 4509
127.0.0.1 - admin [17/Jan/2024:18:22:44 -0600] "PUT /manager/text/deploy?path=%2FGen1-P3CAMS&update=true HTTP/1.1" 200 82
0:0:0:0:0:0:0:1 - - [17/Jan/2024:18:22:45 -0600] "GET /Gen1-P3CAMS/mantenimientos/listar HTTP/1.1" 200 6883
127.0.0.1 - admin [17/Jan/2024:18:23:22 -0600] "PUT /manager/text/deploy?path=%2FGen1-P3CAMS&update=true HTTP/1.1" 200 82
0:0:0:0:0:0:0:1 - - [17/Jan/2024:18:23:26 -0600] "GET /Gen1-P3CAMS/mantenimientos/listar HTTP/1.1" 200 6945
0:0:0:0:0:0:0:1 - - [17/Jan/2024:20:13:28 -0600] "GET /Gen1-P3CAMS/inquilinos/listar HTTP/1.1" 200 7828
127.0.0.1 - admin [17/Jan/2024:20:14:41 -0600] "PUT /manager/text/deploy?path=%2FGen1-P3CAMS&update=true HTTP/1.1" 200 82
0:0:0:0:0:0:0:1 - - [17/Jan/2024:20:35:20 -0600] "GET /Gen1-P3CAMS/mantenimientos/listar HTTP/1.1" 200 6952
0:0:0:0:0:0:0:1 - - [17/Jan/2024:20:35:27 -0600] "GET /Gen1-P3CAMS/inquilinos/listar HTTP/1.1" 200 7835
0:0:0:0:0:0:0:1 - - [17/Jan/2024:20:35:32 -0600] "GET /Gen1-P3CAMS/inquilinos/alta HTTP/1.1" 200 6664
0:0:0:0:0:0:0:1 - - [17/Jan/2024:20:35:38 -0600] "GET /Gen1-P3CAMS/duenios/listar HTTP/1.1" 200 9023
0:0:0:0:0:0:0:1 - - [17/Jan/2024:20:35:46 -0600] "GET /Gen1-P3CAMS/mantenimientos/listar HTTP/1.1" 200 6952
127.0.0.1 - admin [17/Jan/2024:21:17:40 -0600] "PUT /manager/text/deploy?path=%2FGen1-P3CAMS&update=true HTTP/1.1" 200 82
0:0:0:0:0:0:0:1 - - [17/Jan/2024:21:17:45 -0600] "GET /Gen1-P3CAMS/mantenimientos/listar HTTP/1.1" 500 5545
0:0:0:0:0:0:0:1 - - [17/Jan/2024:21:20:17 -0600] "GET /Gen1-P3CAMS/mantenimientos/listar HTTP/1.1" 500 5545
0:0:0:0:0:0:0:1 - - [17/Jan/2024:21:20:17 -0600] "GET /favicon.ico HTTP/1.1" 200 21630
0:0:0:0:0:0:0:1 - - [17/Jan/2024:21:20:17 -0600] "GET /Gen1-Rutas/rutas/alta HTTP/1.1" 200 21197
0:0:0:0:0:0:0:1 - - [17/Jan/2024:21:21:49 -0600] "GET /Gen1-P3CAMS/mantenimientos/listar HTTP/1.1" 500 5545
0:0:0:0:0:0:0:1 - - [17/Jan/2024:21:21:51 -0600] "GET /Gen1-P3CAMS/mantenimientos/listar HTTP/1.1" 500 5545
127.0.0.1 - admin [17/Jan/2024:21:21:56 -0600] "PUT /manager/text/deploy?path=%2FGen1-P3CAMS&update=true HTTP/1.1" 200 82
0:0:0:0:0:0:0:1 - - [17/Jan/2024:21:22:02 -0600] "GET /Gen1-P3CAMS/mantenimientos/listar HTTP/1.1" 200 6952
127.0.0.1 - admin [17/Jan/2024:21:56:25 -0600] "PUT /manager/text/deploy?path=%2FGen1-P3CAMS&update=true HTTP/1.1" 200 82
0:0:0:0:0:0:0:1 - - [17/Jan/2024:21:56:33 -0600] "GET /Gen1-P3CAMS/duenios/listar HTTP/1.1" 200 9023
0:0:0:0:0:0:0:1 - - [17/Jan/2024:21:56:34 -0600] "GET /Gen1-P3CAMS/mantenimientos/listar HTTP/1.1" 500 8725
127.0.0.1 - admin [17/Jan/2024:21:57:46 -0600] "PUT /manager/text/deploy?path=%2FGen1-P3CAMS&update=true HTTP/1.1" 200 82
0:0:0:0:0:0:0:1 - - [17/Jan/2024:21:57:52 -0600] "GET /Gen1-P3CAMS/mantenimientos/listar HTTP/1.1" 500 7981
0:0:0:0:0:0:0:1 - - [17/Jan/2024:21:57:53 -0600] "GET /Gen1-P3CAMS/mantenimientos/listar HTTP/1.1" 500 4416
127.0.0.1 - admin [17/Jan/2024:22:01:17 -0600] "PUT /manager/text/deploy?path=%2FGen1-P3CAMS&update=true HTTP/1.1" 200 82
0:0:0:0:0:0:0:1 - - [17/Jan/2024:22:01:22 -0600] "GET /Gen1-P3CAMS/mantenimientos/listar HTTP/1.1" 500 7981
127.0.0.1 - admin [17/Jan/2024:22:06:05 -0600] "PUT /manager/text/deploy?path=%2FGen1-P3CAMS&update=true HTTP/1.1" 200 82
0:0:0:0:0:0:0:1 - - [17/Jan/2024:22:06:11 -0600] "GET /Gen1-P3CAMS/mantenimientos/listar HTTP/1.1" 500 7851
127.0.0.1 - admin [17/Jan/2024:22:11:44 -0600] "PUT /manager/text/deploy?path=%2FGen1-P3CAMS&update=true HTTP/1.1" 200 82
0:0:0:0:0:0:0:1 - - [17/Jan/2024:22:11:50 -0600] "GET /Gen1-P3CAMS/mantenimientos/listar HTTP/1.1" 200 7078
127.0.0.1 - admin [17/Jan/2024:22:12:16 -0600] "PUT /manager/text/deploy?path=%2FGen1-P3CAMS&update=true HTTP/1.1" 200 82
0:0:0:0:0:0:0:1 - - [17/Jan/2024:22:12:27 -0600] "GET /Gen1-P3CAMS/mantenimientos/listar HTTP/1.1" 200 7109
0:0:0:0:0:0:0:1 - - [17/Jan/2024:22:13:29 -0600] "GET /Gen1-P3CAMS/contratos/listar HTTP/1.1" 404 724
0:0:0:0:0:0:0:1 - - [17/Jan/2024:22:14:24 -0600] "GET /Gen1-P3CAMS/duenios/listar HTTP/1.1" 200 9023
0:0:0:0:0:0:0:1 - - [17/Jan/2024:22:14:26 -0600] "GET /Gen1-P3CAMS/duenios/detalle?id=1 HTTP/1.1" 200 7855
0:0:0:0:0:0:0:1 - - [17/Jan/2024:22:14:29 -0600] "GET /Gen1-P3CAMS/duenios/editar?id=1 HTTP/1.1" 200 7724
0:0:0:0:0:0:0:1 - - [17/Jan/2024:22:14:31 -0600] "POST /Gen1-P3CAMS/duenios/editar HTTP/1.1" 302 -
0:0:0:0:0:0:0:1 - - [17/Jan/2024:22:14:31 -0600] "GET /Gen1-P3CAMS/duenios/listar HTTP/1.1" 200 9023
0:0:0:0:0:0:0:1 - - [17/Jan/2024:22:14:36 -0600] "GET /Gen1-P3CAMS/inquilinos/listar HTTP/1.1" 200 7835
0:0:0:0:0:0:0:1 - - [17/Jan/2024:22:14:38 -0600] "GET /Gen1-P3CAMS/inquilinos/editar?id=1 HTTP/1.1" 200 7791
0:0:0:0:0:0:0:1 - - [17/Jan/2024:22:14:40 -0600] "POST /Gen1-P3CAMS/inquilinos/editar HTTP/1.1" 302 -
0:0:0:0:0:0:0:1 - - [17/Jan/2024:22:14:40 -0600] "GET /Gen1-P3CAMS/inquilinos/listar HTTP/1.1" 200 7835
0:0:0:0:0:0:0:1 - - [17/Jan/2024:22:14:42 -0600] "GET /Gen1-P3CAMS/propiedades/listar HTTP/1.1" 200 7465
0:0:0:0:0:0:0:1 - - [17/Jan/2024:22:15:05 -0600] "GET /Gen1-P3CAMS/propiedades/detalle?id=1 HTTP/1.1" 404 727
127.0.0.1 - admin [17/Jan/2024:22:32:19 -0600] "PUT /manager/text/deploy?path=%2FGen1-P3CAMS&update=true HTTP/1.1" 200 82
0:0:0:0:0:0:0:1 - - [17/Jan/2024:22:36:08 -0600] "GET /Gen1-P3CAMS/propiedades/detalle?id=1 HTTP/1.1" 404 676
0:0:0:0:0:0:0:1 - - [17/Jan/2024:22:36:09 -0600] "GET /Gen1-P3CAMS/propiedades/detalle?id=1 HTTP/1.1" 404 676
0:0:0:0:0:0:0:1 - - [17/Jan/2024:22:36:18 -0600] "GET /Gen1-P3CAMS/propiedades/detalle?id=1 HTTP/1.1" 404 676
0:0:0:0:0:0:0:1 - - [17/Jan/2024:22:36:36 -0600] "GET /Gen1-P3CAMS/propiedades/detalle?id=1 HTTP/1.1" 404 676
127.0.0.1 - admin [17/Jan/2024:22:36:48 -0600] "PUT /manager/text/deploy?path=%2FGen1-P3CAMS&update=true HTTP/1.1" 200 82
127.0.0.1 - admin [17/Jan/2024:22:38:51 -0600] "PUT /manager/text/deploy?path=%2FGen1-P3CAMS&update=true HTTP/1.1" 200 82
0:0:0:0:0:0:0:1 - - [17/Jan/2024:22:38:55 -0600] "GET /Gen1-P3CAMS/propiedades/detalle?id=1 HTTP/1.1" 404 676
0:0:0:0:0:0:0:1 - - [17/Jan/2024:22:39:35 -0600] "GET /Gen1-P3CAMS/propiedades/detalle?id=1 HTTP/1.1" 404 676
127.0.0.1 - admin [17/Jan/2024:22:40:04 -0600] "PUT /manager/text/deploy?path=%2FGen1-P3CAMS&update=true HTTP/1.1" 200 82
0:0:0:0:0:0:0:1 - - [17/Jan/2024:22:40:16 -0600] "GET /Gen1-P3CAMS/propiedades/detalle?id=2 HTTP/1.1" 404 676
0:0:0:0:0:0:0:1 - - [17/Jan/2024:22:41:26 -0600] "GET /Gen1-P3CAMS/propiedades/detalle?id=1 HTTP/1.1" 404 676
127.0.0.1 - admin [17/Jan/2024:22:48:30 -0600] "PUT /manager/text/deploy?path=%2FGen1-P3CAMS&update=true HTTP/1.1" 200 82
0:0:0:0:0:0:0:1 - - [17/Jan/2024:22:48:36 -0600] "GET /Gen1-P3CAMS/propiedades/listar HTTP/1.1" 200 7465
0:0:0:0:0:0:0:1 - - [17/Jan/2024:22:48:40 -0600] "GET /Gen1-P3CAMS/propiedades/detalle?id=1 HTTP/1.1" 404 676
0:0:0:0:0:0:0:1 - - [17/Jan/2024:22:50:00 -0600] "GET /Gen1-P3CAMS/propiedades/alta HTTP/1.1" 404 724
