127.0.0.1 - admin [16/Jan/2024:08:09:23 -0600] "PUT /manager/text/deploy?path=%2FGen1-P3CAMS&update=true HTTP/1.1" 200 82
0:0:0:0:0:0:0:1 - - [16/Jan/2024:08:09:31 -0600] "GET /Gen1-P3CAMS/duenios/listar HTTP/1.1" 200 6427
127.0.0.1 - admin [16/Jan/2024:08:14:39 -0600] "PUT /manager/text/deploy?path=%2FGen1-P3CAMS&update=true HTTP/1.1" 200 82
0:0:0:0:0:0:0:1 - - [16/Jan/2024:08:14:51 -0600] "GET /Gen1-P3CAMS/duenios/listar HTTP/1.1" 200 6517
127.0.0.1 - admin [16/Jan/2024:08:15:38 -0600] "PUT /manager/text/deploy?path=%2FGen1-P3CAMS&update=true HTTP/1.1" 200 82
0:0:0:0:0:0:0:1 - - [16/Jan/2024:08:16:25 -0600] "GET /Gen1-Rutas/rutas/alta HTTP/1.1" 200 14559
127.0.0.1 - admin [16/Jan/2024:08:17:19 -0600] "PUT /manager/text/deploy?path=%2FGen1-P3CAMS&update=true HTTP/1.1" 200 82
0:0:0:0:0:0:0:1 - - [16/Jan/2024:08:17:25 -0600] "GET /Gen1-P3CAMS/duenios/listar HTTP/1.1" 200 6663
127.0.0.1 - admin [16/Jan/2024:08:18:46 -0600] "PUT /manager/text/deploy?path=%2FGen1-P3CAMS&update=true HTTP/1.1" 200 82
0:0:0:0:0:0:0:1 - - [16/Jan/2024:08:18:53 -0600] "GET /Gen1-P3CAMS/duenios/listar HTTP/1.1" 200 6607
127.0.0.1 - admin [16/Jan/2024:08:19:38 -0600] "PUT /manager/text/deploy?path=%2FGen1-P3CAMS&update=true HTTP/1.1" 200 82
0:0:0:0:0:0:0:1 - - [16/Jan/2024:08:19:43 -0600] "GET /Gen1-P3CAMS/duenios/listar HTTP/1.1" 200 6697
0:0:0:0:0:0:0:1 - - [16/Jan/2024:08:20:20 -0600] "GET /Gen1-P3CAMS/duenios/listar HTTP/1.1" 200 6697
127.0.0.1 - admin [16/Jan/2024:08:20:31 -0600] "PUT /manager/text/deploy?path=%2FGen1-P3CAMS&update=true HTTP/1.1" 200 82
0:0:0:0:0:0:0:1 - - [16/Jan/2024:08:20:35 -0600] "GET /Gen1-P3CAMS/duenios/listar HTTP/1.1" 200 6727
0:0:0:0:0:0:0:1 - - [16/Jan/2024:09:35:12 -0600] "GET /Gen1-P3CAMS/duenios/detalle?id=1 HTTP/1.1" 404 723
127.0.0.1 - admin [16/Jan/2024:09:40:12 -0600] "PUT /manager/text/deploy?path=%2FGen1-P3CAMS&update=true HTTP/1.1" 200 82
127.0.0.1 - admin [16/Jan/2024:09:44:37 -0600] "PUT /manager/text/deploy?path=%2FGen1-Rutas&update=true HTTP/1.1" 200 81
0:0:0:0:0:0:0:1 - - [16/Jan/2024:09:45:31 -0600] "GET /Gen1-Rutas/rutas/alta HTTP/1.1" 200 14569
127.0.0.1 - admin [16/Jan/2024:09:48:58 -0600] "PUT /manager/text/deploy?path=%2FGen1-P3CAMS&update=true HTTP/1.1" 200 82
0:0:0:0:0:0:0:1 - - [16/Jan/2024:09:52:23 -0600] "GET /Gen1-P3CAMS/duenios/listar HTTP/1.1" 200 6331
127.0.0.1 - admin [16/Jan/2024:09:58:28 -0600] "PUT /manager/text/deploy?path=%2FGen1-P3CAMS&update=true HTTP/1.1" 200 82
0:0:0:0:0:0:0:1 - - [16/Jan/2024:09:58:33 -0600] "GET /Gen1-P3CAMS/duenios/listar HTTP/1.1" 200 5915
127.0.0.1 - admin [16/Jan/2024:10:00:09 -0600] "PUT /manager/text/deploy?path=%2FGen1-P3CAMS&update=true HTTP/1.1" 200 82
127.0.0.1 - admin [16/Jan/2024:10:34:38 -0600] "PUT /manager/text/deploy?path=%2FGen1-P3CAMS&update=true HTTP/1.1" 200 82
0:0:0:0:0:0:0:1 - - [16/Jan/2024:10:34:47 -0600] "GET /Gen1-P3CAMS/duenios/listar HTTP/1.1" 500 4373
127.0.0.1 - admin [16/Jan/2024:10:35:36 -0600] "PUT /manager/text/deploy?path=%2FGen1-P3CAMS&update=true HTTP/1.1" 200 82
0:0:0:0:0:0:0:1 - - [16/Jan/2024:10:39:25 -0600] "GET /Gen1-P3CAMS/duenios/listar HTTP/1.1" 200 5641
127.0.0.1 - admin [16/Jan/2024:10:41:49 -0600] "PUT /manager/text/deploy?path=%2FGen1-P3CAMS&update=true HTTP/1.1" 200 82
0:0:0:0:0:0:0:1 - - [16/Jan/2024:10:42:40 -0600] "GET /Gen1-P3CAMS/duenios/listar HTTP/1.1" 200 5641
0:0:0:0:0:0:0:1 - - [16/Jan/2024:10:44:04 -0600] "GET /Gen1-P3CAMS/inquilinos/listar HTTP/1.1" 500 4391
0:0:0:0:0:0:0:1 - - [16/Jan/2024:10:44:09 -0600] "GET /Gen1-P3CAMS/inquilinos/listar HTTP/1.1" 500 4391
127.0.0.1 - admin [16/Jan/2024:10:51:51 -0600] "PUT /manager/text/deploy?path=%2FGen1-P3CAMS&update=true HTTP/1.1" 200 82
0:0:0:0:0:0:0:1 - - [16/Jan/2024:10:52:04 -0600] "GET /Gen1-P3CAMS/inquilinos/listar HTTP/1.1" 500 7199
127.0.0.1 - admin [16/Jan/2024:10:54:29 -0600] "PUT /manager/text/deploy?path=%2FGen1-P3CAMS&update=true HTTP/1.1" 200 82
0:0:0:0:0:0:0:1 - - [16/Jan/2024:10:54:37 -0600] "GET /Gen1-P3CAMS/inquilinos/listar HTTP/1.1" 500 7199
127.0.0.1 - admin [16/Jan/2024:11:01:36 -0600] "PUT /manager/text/deploy?path=%2FGen1-P3CAMS&update=true HTTP/1.1" 200 82
0:0:0:0:0:0:0:1 - - [16/Jan/2024:11:01:41 -0600] "GET /Gen1-P3CAMS/inquilinos/listar HTTP/1.1" 500 5699
127.0.0.1 - admin [16/Jan/2024:11:08:13 -0600] "PUT /manager/text/deploy?path=%2FGen1-P3CAMS&update=true HTTP/1.1" 200 82
0:0:0:0:0:0:0:1 - - [16/Jan/2024:11:08:17 -0600] "GET /Gen1-P3CAMS/inquilinos/listar HTTP/1.1" 200 5712
0:0:0:0:0:0:0:1 - - [16/Jan/2024:11:08:17 -0600] "GET /favicon.ico HTTP/1.1" 304 -
127.0.0.1 - admin [16/Jan/2024:11:09:18 -0600] "PUT /manager/text/deploy?path=%2FGen1-P3CAMS&update=true HTTP/1.1" 200 82
0:0:0:0:0:0:0:1 - - [16/Jan/2024:11:09:23 -0600] "GET /Gen1-P3CAMS/inquilinos/listar HTTP/1.1" 200 6152
0:0:0:0:0:0:0:1 - - [16/Jan/2024:11:09:26 -0600] "GET /Gen1-P3CAMS/duenios/listar HTTP/1.1" 200 5641
127.0.0.1 - admin [16/Jan/2024:11:10:28 -0600] "PUT /manager/text/deploy?path=%2FGen1-P3CAMS&update=true HTTP/1.1" 200 82
0:0:0:0:0:0:0:1 - - [16/Jan/2024:11:10:32 -0600] "GET /Gen1-P3CAMS/duenios/listar HTTP/1.1" 200 6009
0:0:0:0:0:0:0:1 - - [16/Jan/2024:11:10:41 -0600] "GET /Gen1-P3CAMS/duenios/listar HTTP/1.1" 200 6009
127.0.0.1 - admin [16/Jan/2024:11:11:43 -0600] "PUT /manager/text/deploy?path=%2FGen1-P3CAMS&update=true HTTP/1.1" 200 82
0:0:0:0:0:0:0:1 - - [16/Jan/2024:11:11:49 -0600] "GET /Gen1-P3CAMS/duenios/listar HTTP/1.1" 200 6065
0:0:0:0:0:0:0:1 - - [16/Jan/2024:11:11:51 -0600] "GET /Gen1-P3CAMS/inquilinos/listar HTTP/1.1" 200 6080
0:0:0:0:0:0:0:1 - - [16/Jan/2024:11:11:54 -0600] "GET /Gen1-P3CAMS/duenios/listar HTTP/1.1" 200 6065
0:0:0:0:0:0:0:1 - - [16/Jan/2024:11:11:56 -0600] "GET /Gen1-P3CAMS/inquilinos/listar HTTP/1.1" 200 6080
127.0.0.1 - admin [16/Jan/2024:11:12:30 -0600] "PUT /manager/text/deploy?path=%2FGen1-P3CAMS&update=true HTTP/1.1" 200 82
127.0.0.1 - admin [16/Jan/2024:11:21:54 -0600] "PUT /manager/text/deploy?path=%2FGen1-API&update=true HTTP/1.1" 200 79
127.0.0.1 - admin [16/Jan/2024:11:49:28 -0600] "PUT /manager/text/deploy?path=%2FGen1-Rutas&update=true HTTP/1.1" 200 81
0:0:0:0:0:0:0:1 - - [16/Jan/2024:11:49:33 -0600] "GET /Gen1-Rutas/rutas/alta HTTP/1.1" 200 15810
127.0.0.1 - admin [16/Jan/2024:11:55:04 -0600] "PUT /manager/text/deploy?path=%2FGen1-Rutas&update=true HTTP/1.1" 200 81
0:0:0:0:0:0:0:1 - - [16/Jan/2024:11:55:09 -0600] "GET /Gen1-Rutas/rutas/alta HTTP/1.1" 200 15807
0:0:0:0:0:0:0:1 - - [16/Jan/2024:11:55:43 -0600] "POST /Gen1-API/api/direcciones HTTP/1.1" 400 63
127.0.0.1 - admin [16/Jan/2024:11:58:10 -0600] "PUT /manager/text/deploy?path=%2FGen1-Rutas&update=true HTTP/1.1" 200 81
0:0:0:0:0:0:0:1 - - [16/Jan/2024:11:58:18 -0600] "GET /Gen1-Rutas/rutas/alta HTTP/1.1" 200 15807
0:0:0:0:0:0:0:1 - - [16/Jan/2024:11:58:40 -0600] "POST /Gen1-API/api/direcciones HTTP/1.1" 201 35
127.0.0.1 - admin [16/Jan/2024:12:09:11 -0600] "PUT /manager/text/deploy?path=%2FGen1-API&update=true HTTP/1.1" 200 79
0:0:0:0:0:0:0:1 - - [16/Jan/2024:12:09:41 -0600] "POST /Gen1-API/api/direcciones HTTP/1.1" 201 35
127.0.0.1 - admin [16/Jan/2024:12:11:39 -0600] "PUT /manager/text/deploy?path=%2FGen1-Rutas&update=true HTTP/1.1" 200 81
0:0:0:0:0:0:0:1 - - [16/Jan/2024:12:11:55 -0600] "POST /Gen1-API/api/direcciones HTTP/1.1" 201 35
0:0:0:0:0:0:0:1 - - [16/Jan/2024:12:12:27 -0600] "GET /Gen1-Rutas/rutas/alta HTTP/1.1" 200 15807
0:0:0:0:0:0:0:1 - - [16/Jan/2024:12:12:49 -0600] "POST /Gen1-API/api/direcciones HTTP/1.1" 201 35
127.0.0.1 - admin [16/Jan/2024:12:13:12 -0600] "PUT /manager/text/deploy?path=%2FGen1-Rutas&update=true HTTP/1.1" 200 81
0:0:0:0:0:0:0:1 - - [16/Jan/2024:12:13:26 -0600] "GET /Gen1-Rutas/rutas/alta HTTP/1.1" 200 15807
0:0:0:0:0:0:0:1 - - [16/Jan/2024:12:13:35 -0600] "POST /Gen1-API/api/direcciones HTTP/1.1" 201 35
127.0.0.1 - admin [16/Jan/2024:12:14:50 -0600] "PUT /manager/text/deploy?path=%2FGen1-Rutas&update=true HTTP/1.1" 200 81
127.0.0.1 - admin [16/Jan/2024:12:20:15 -0600] "PUT /manager/text/deploy?path=%2FGen1-Rutas&update=true HTTP/1.1" 200 81
0:0:0:0:0:0:0:1 - - [16/Jan/2024:12:20:21 -0600] "GET /Gen1-Rutas/rutas/alta HTTP/1.1" 200 15807
0:0:0:0:0:0:0:1 - - [16/Jan/2024:12:20:32 -0600] "POST /Gen1-API/api/direcciones HTTP/1.1" 201 35
127.0.0.1 - admin [16/Jan/2024:12:24:05 -0600] "PUT /manager/text/deploy?path=%2FGen1-API&update=true HTTP/1.1" 200 79
0:0:0:0:0:0:0:1 - - [16/Jan/2024:12:24:23 -0600] "GET /Gen1-Rutas/rutas/alta HTTP/1.1" 200 15807
127.0.0.1 - admin [16/Jan/2024:12:24:25 -0600] "PUT /manager/text/deploy?path=%2FGen1-Rutas&update=true HTTP/1.1" 200 81
0:0:0:0:0:0:0:1 - - [16/Jan/2024:12:24:39 -0600] "POST /Gen1-API/api/direcciones HTTP/1.1" 201 35
0:0:0:0:0:0:0:1 - - [16/Jan/2024:12:27:54 -0600] "GET /Gen1-P3CAMS/inquilinos/listar HTTP/1.1" 200 6104
0:0:0:0:0:0:0:1 - - [16/Jan/2024:12:27:55 -0600] "GET /Gen1-P3CAMS/duenios/listar HTTP/1.1" 200 6065
0:0:0:0:0:0:0:1 - - [16/Jan/2024:12:27:57 -0600] "GET /Gen1-P3CAMS/inquilinos/listar HTTP/1.1" 200 6104
0:0:0:0:0:0:0:1 - - [16/Jan/2024:12:54:55 -0600] "GET /Gen1-P3CAMS/duenios/listar HTTP/1.1" 200 6065
0:0:0:0:0:0:0:1 - - [16/Jan/2024:12:54:56 -0600] "GET /Gen1-P3CAMS/inquilinos/listar HTTP/1.1" 200 6104
127.0.0.1 - admin [16/Jan/2024:13:32:59 -0600] "PUT /manager/text/deploy?path=%2FGen1-P3CAMS&update=true HTTP/1.1" 200 82
0:0:0:0:0:0:0:1 - - [16/Jan/2024:13:33:07 -0600] "GET /Gen1-P3CAMS/duenios/listar HTTP/1.1" 200 6552
0:0:0:0:0:0:0:1 - - [16/Jan/2024:13:33:24 -0600] "GET /Gen1-Rutas/camiones/listar HTTP/1.1" 200 9677
127.0.0.1 - admin [16/Jan/2024:13:37:37 -0600] "PUT /manager/text/deploy?path=%2FGen1-P3CAMS&update=true HTTP/1.1" 200 82
0:0:0:0:0:0:0:1 - - [16/Jan/2024:13:37:44 -0600] "GET /Gen1-P3CAMS/duenios/listar HTTP/1.1" 200 6615
127.0.0.1 - admin [16/Jan/2024:13:39:39 -0600] "PUT /manager/text/deploy?path=%2FGen1-P3CAMS&update=true HTTP/1.1" 200 82
0:0:0:0:0:0:0:1 - - [16/Jan/2024:13:39:47 -0600] "GET /Gen1-P3CAMS/duenios/listar HTTP/1.1" 200 6573
0:0:0:0:0:0:0:1 - - [16/Jan/2024:13:39:59 -0600] "GET /Gen1-P3CAMS/duenios/alta HTTP/1.1" 404 720
127.0.0.1 - admin [16/Jan/2024:13:50:38 -0600] "PUT /manager/text/deploy?path=%2FGen1-P3CAMS&update=true HTTP/1.1" 200 82
0:0:0:0:0:0:0:1 - - [16/Jan/2024:13:59:57 -0600] "GET /Gen1-P3CAMS/duenios/listar HTTP/1.1" 200 6951
127.0.0.1 - admin [16/Jan/2024:14:01:03 -0600] "PUT /manager/text/deploy?path=%2FGen1-P3CAMS&update=true HTTP/1.1" 200 82
0:0:0:0:0:0:0:1 - - [16/Jan/2024:14:01:15 -0600] "GET /Gen1-P3CAMS/duenios/listar HTTP/1.1" 200 6967
127.0.0.1 - admin [16/Jan/2024:14:02:34 -0600] "PUT /manager/text/deploy?path=%2FGen1-P3CAMS&update=true HTTP/1.1" 200 82
0:0:0:0:0:0:0:1 - - [16/Jan/2024:14:02:37 -0600] "GET /Gen1-P3CAMS/duenios/listar HTTP/1.1" 200 6967
127.0.0.1 - admin [16/Jan/2024:14:11:36 -0600] "PUT /manager/text/deploy?path=%2FGen1-P3CAMS&update=true HTTP/1.1" 200 82
0:0:0:0:0:0:0:1 - - [16/Jan/2024:14:11:40 -0600] "GET /Gen1-P3CAMS/duenios/listar HTTP/1.1" 200 6709
0:0:0:0:0:0:0:1 - - [16/Jan/2024:14:11:45 -0600] "GET /Gen1-P3CAMS/inquilinos/listar HTTP/1.1" 200 6732
127.0.0.1 - admin [16/Jan/2024:14:14:43 -0600] "PUT /manager/text/deploy?path=%2FGen1-P3CAMS&update=true HTTP/1.1" 200 82
0:0:0:0:0:0:0:1 - - [16/Jan/2024:14:14:51 -0600] "GET /Gen1-P3CAMS/inquilinos/listar HTTP/1.1" 200 6845
0:0:0:0:0:0:0:1 - - [16/Jan/2024:14:14:54 -0600] "GET /Gen1-P3CAMS/duenios/listar HTTP/1.1" 200 6822
0:0:0:0:0:0:0:1 - - [16/Jan/2024:14:14:57 -0600] "GET /Gen1-P3CAMS/propiedades/listar HTTP/1.1" 500 4631
127.0.0.1 - admin [16/Jan/2024:14:15:28 -0600] "PUT /manager/text/deploy?path=%2FGen1-P3CAMS&update=true HTTP/1.1" 200 82
0:0:0:0:0:0:0:1 - - [16/Jan/2024:14:15:35 -0600] "GET /Gen1-P3CAMS/propiedades/listar HTTP/1.1" 200 6973
0:0:0:0:0:0:0:1 - - [16/Jan/2024:14:15:47 -0600] "GET /Gen1-P3CAMS/inquilinos/listar HTTP/1.1" 200 6845
0:0:0:0:0:0:0:1 - - [16/Jan/2024:14:15:49 -0600] "GET /Gen1-P3CAMS/duenios/listar HTTP/1.1" 200 6822
0:0:0:0:0:0:0:1 - - [16/Jan/2024:14:15:52 -0600] "GET /Gen1-P3CAMS/inquilinos/listar HTTP/1.1" 200 6845
0:0:0:0:0:0:0:1 - - [16/Jan/2024:14:15:54 -0600] "GET /Gen1-P3CAMS/propiedades/listar HTTP/1.1" 200 6973
0:0:0:0:0:0:0:1 - - [16/Jan/2024:14:15:56 -0600] "GET /Gen1-P3CAMS/inquilinos/listar HTTP/1.1" 200 6845
0:0:0:0:0:0:0:1 - - [16/Jan/2024:14:15:59 -0600] "GET /Gen1-P3CAMS/duenios/listar HTTP/1.1" 200 6822
0:0:0:0:0:0:0:1 - - [16/Jan/2024:14:16:01 -0600] "GET /Gen1-P3CAMS/propiedades/listar HTTP/1.1" 200 6973
0:0:0:0:0:0:0:1 - - [16/Jan/2024:14:16:03 -0600] "GET /Gen1-P3CAMS/inquilinos/listar HTTP/1.1" 200 6845
0:0:0:0:0:0:0:1 - - [16/Jan/2024:14:16:04 -0600] "GET /Gen1-P3CAMS/duenios/listar HTTP/1.1" 200 6822
127.0.0.1 - admin [16/Jan/2024:14:35:24 -0600] "PUT /manager/text/deploy?path=%2FGen1-P3CAMS&update=true HTTP/1.1" 200 82
0:0:0:0:0:0:0:1 - - [16/Jan/2024:14:35:37 -0600] "GET /Gen1-P3CAMS/inquilinos/listar HTTP/1.1" 200 6845
0:0:0:0:0:0:0:1 - - [16/Jan/2024:14:35:41 -0600] "GET /Gen1-P3CAMS/duenios/listar HTTP/1.1" 200 9914
127.0.0.1 - admin [16/Jan/2024:14:54:53 -0600] "PUT /manager/text/deploy?path=%2FGen1-P3CAMS&update=true HTTP/1.1" 200 82
0:0:0:0:0:0:0:1 - - [16/Jan/2024:14:54:58 -0600] "GET /Gen1-P3CAMS/duenios/alta HTTP/1.1" 404 680
0:0:0:0:0:0:0:1 - - [16/Jan/2024:14:55:06 -0600] "GET /Gen1-P3CAMS/duenios/alta HTTP/1.1" 404 680
127.0.0.1 - admin [16/Jan/2024:14:55:58 -0600] "PUT /manager/text/deploy?path=%2FGen1-P3CAMS&update=true HTTP/1.1" 200 82
0:0:0:0:0:0:0:1 - - [16/Jan/2024:14:56:05 -0600] "GET /Gen1-P3CAMS/duenios/alta HTTP/1.1" 200 6930
0:0:0:0:0:0:0:1 - - [16/Jan/2024:14:56:23 -0600] "POST /Gen1-P3CAMS/duenios/alta HTTP/1.1" 200 7662
0:0:0:0:0:0:0:1 - - [16/Jan/2024:14:56:31 -0600] "GET /Gen1-P3CAMS/duenios/alta HTTP/1.1" 200 6930
127.0.0.1 - admin [16/Jan/2024:14:58:01 -0600] "PUT /manager/text/deploy?path=%2FGen1-P3CAMS&update=true HTTP/1.1" 200 82
0:0:0:0:0:0:0:1 - - [16/Jan/2024:14:58:12 -0600] "GET /Gen1-P3CAMS/duenios/alta HTTP/1.1" 200 6930
127.0.0.1 - admin [16/Jan/2024:14:59:21 -0600] "PUT /manager/text/deploy?path=%2FGen1-P3CAMS&update=true HTTP/1.1" 200 82
0:0:0:0:0:0:0:1 - - [16/Jan/2024:14:59:25 -0600] "GET /Gen1-P3CAMS/duenios/listar HTTP/1.1" 200 6837
127.0.0.1 - admin [16/Jan/2024:14:59:50 -0600] "PUT /manager/text/deploy?path=%2FGen1-P3CAMS&update=true HTTP/1.1" 200 82
0:0:0:0:0:0:0:1 - - [16/Jan/2024:14:59:54 -0600] "GET /Gen1-P3CAMS/duenios/listar HTTP/1.1" 200 6787
0:0:0:0:0:0:0:1 - - [16/Jan/2024:15:01:08 -0600] "GET /Gen1-P3CAMS/duenios/alta HTTP/1.1" 200 6930
0:0:0:0:0:0:0:1 - - [16/Jan/2024:16:10:37 -0600] "GET /Gen1-Rutas/camiones/alta HTTP/1.1" 200 9456
127.0.0.1 - admin [16/Jan/2024:16:20:25 -0600] "PUT /manager/text/deploy?path=%2FGen1-P3CAMS&update=true HTTP/1.1" 200 82
0:0:0:0:0:0:0:1 - - [16/Jan/2024:16:20:45 -0600] "GET /Gen1-P3CAMS/inquilinos/listar HTTP/1.1" 500 3447
127.0.0.1 - admin [16/Jan/2024:16:21:58 -0600] "PUT /manager/text/deploy?path=%2FGen1-P3CAMS&update=true HTTP/1.1" 200 82
0:0:0:0:0:0:0:1 - - [16/Jan/2024:16:22:09 -0600] "GET /Gen1-P3CAMS/inquilinos/listar HTTP/1.1" 200 6845
0:0:0:0:0:0:0:1 - - [16/Jan/2024:16:22:11 -0600] "GET /Gen1-P3CAMS/duenios/listar HTTP/1.1" 500 3435
127.0.0.1 - admin [16/Jan/2024:16:22:48 -0600] "PUT /manager/text/deploy?path=%2FGen1-P3CAMS&update=true HTTP/1.1" 200 82
0:0:0:0:0:0:0:1 - - [16/Jan/2024:16:22:54 -0600] "GET /Gen1-P3CAMS/duenios/listar HTTP/1.1" 200 4254
127.0.0.1 - admin [16/Jan/2024:16:35:15 -0600] "PUT /manager/text/deploy?path=%2FGen1-P3CAMS&update=true HTTP/1.1" 200 82
0:0:0:0:0:0:0:1 - - [16/Jan/2024:16:35:32 -0600] "GET /Gen1-P3CAMS/duenios/listar HTTP/1.1" 200 4935
127.0.0.1 - admin [16/Jan/2024:16:39:29 -0600] "PUT /manager/text/deploy?path=%2FGen1-P3CAMS&update=true HTTP/1.1" 200 82
0:0:0:0:0:0:0:1 - - [16/Jan/2024:16:39:35 -0600] "GET /Gen1-P3CAMS/duenios/listar HTTP/1.1" 200 4514
127.0.0.1 - admin [16/Jan/2024:16:40:26 -0600] "PUT /manager/text/deploy?path=%2FGen1-P3CAMS&update=true HTTP/1.1" 200 82
0:0:0:0:0:0:0:1 - - [16/Jan/2024:16:40:30 -0600] "GET /Gen1-P3CAMS/duenios/listar HTTP/1.1" 200 4121
127.0.0.1 - admin [16/Jan/2024:16:41:12 -0600] "PUT /manager/text/deploy?path=%2FGen1-P3CAMS&update=true HTTP/1.1" 200 82
0:0:0:0:0:0:0:1 - - [16/Jan/2024:16:41:17 -0600] "GET /Gen1-P3CAMS/duenios/listar HTTP/1.1" 200 3551
127.0.0.1 - admin [16/Jan/2024:16:42:30 -0600] "PUT /manager/text/deploy?path=%2FGen1-P3CAMS&update=true HTTP/1.1" 200 82
0:0:0:0:0:0:0:1 - - [16/Jan/2024:16:42:40 -0600] "GET /Gen1-P3CAMS/duenios/listar HTTP/1.1" 200 6783
0:0:0:0:0:0:0:1 - - [16/Jan/2024:16:42:52 -0600] "GET /Gen1-P3CAMS/duenios/alta HTTP/1.1" 200 6930
0:0:0:0:0:0:0:1 - - [16/Jan/2024:16:42:57 -0600] "GET /Gen1-P3CAMS/duenios/listar HTTP/1.1" 200 6783
127.0.0.1 - admin [16/Jan/2024:16:53:49 -0600] "PUT /manager/text/deploy?path=%2FGen1-P3CAMS&update=true HTTP/1.1" 200 82
0:0:0:0:0:0:0:1 - - [16/Jan/2024:16:53:57 -0600] "GET /Gen1-P3CAMS/duenios/listar HTTP/1.1" 200 6783
0:0:0:0:0:0:0:1 - - [16/Jan/2024:16:53:58 -0600] "GET /Gen1-P3CAMS/duenios/alta HTTP/1.1" 200 6042
127.0.0.1 - admin [16/Jan/2024:16:56:39 -0600] "PUT /manager/text/deploy?path=%2FGen1-P3CAMS&update=true HTTP/1.1" 200 82
0:0:0:0:0:0:0:1 - - [16/Jan/2024:16:56:49 -0600] "GET /Gen1-P3CAMS/duenios/alta HTTP/1.1" 200 6474
127.0.0.1 - admin [16/Jan/2024:16:57:31 -0600] "PUT /manager/text/deploy?path=%2FGen1-P3CAMS&update=true HTTP/1.1" 200 82
0:0:0:0:0:0:0:1 - - [16/Jan/2024:16:57:35 -0600] "GET /Gen1-P3CAMS/duenios/alta HTTP/1.1" 200 6255
0:0:0:0:0:0:0:1 - - [16/Jan/2024:16:57:57 -0600] "GET /Gen1-P3CAMS/duenios/listar HTTP/1.1" 200 6783
0:0:0:0:0:0:0:1 - - [16/Jan/2024:16:58:02 -0600] "GET /Gen1-P3CAMS/duenios/alta HTTP/1.1" 200 6255
0:0:0:0:0:0:0:1 - - [16/Jan/2024:16:58:10 -0600] "GET /Gen1-P3CAMS/duenios/listar HTTP/1.1" 200 6783
0:0:0:0:0:0:0:1 - - [16/Jan/2024:16:58:13 -0600] "GET /Gen1-P3CAMS/inquilinos/alta HTTP/1.1" 404 723
0:0:0:0:0:0:0:1 - - [16/Jan/2024:16:58:18 -0600] "GET /Gen1-P3CAMS/inquilinos/listar HTTP/1.1" 200 6845
0:0:0:0:0:0:0:1 - - [16/Jan/2024:16:58:24 -0600] "GET /Gen1-P3CAMS/duenios/listar HTTP/1.1" 200 6783
0:0:0:0:0:0:0:1 - - [16/Jan/2024:16:58:29 -0600] "GET /Gen1-P3CAMS/inquilinos/listar HTTP/1.1" 200 6845
0:0:0:0:0:0:0:1 - - [16/Jan/2024:16:58:38 -0600] "GET /Gen1-P3CAMS/duenios/listar HTTP/1.1" 200 6783
0:0:0:0:0:0:0:1 - - [16/Jan/2024:16:58:43 -0600] "GET /Gen1-P3CAMS/inquilinos/listar HTTP/1.1" 200 6845
127.0.0.1 - admin [16/Jan/2024:17:00:58 -0600] "PUT /manager/text/deploy?path=%2FGen1-P3CAMS&update=true HTTP/1.1" 200 82
0:0:0:0:0:0:0:1 - - [16/Jan/2024:17:01:06 -0600] "GET /Gen1-P3CAMS/duenios/alta HTTP/1.1" 200 6255
0:0:0:0:0:0:0:1 - - [16/Jan/2024:17:01:14 -0600] "GET /Gen1-P3CAMS/duenios/listar HTTP/1.1" 200 6832
0:0:0:0:0:0:0:1 - - [16/Jan/2024:17:01:16 -0600] "GET /Gen1-P3CAMS/duenios/alta HTTP/1.1" 200 6255
0:0:0:0:0:0:0:1 - - [16/Jan/2024:17:01:26 -0600] "GET /Gen1-P3CAMS/duenios/alta HTTP/1.1" 200 6255
0:0:0:0:0:0:0:1 - - [16/Jan/2024:17:01:28 -0600] "GET /Gen1-P3CAMS/duenios/listar HTTP/1.1" 200 6832
0:0:0:0:0:0:0:1 - - [16/Jan/2024:17:01:30 -0600] "GET /Gen1-P3CAMS/duenios/listar HTTP/1.1" 200 6832
0:0:0:0:0:0:0:1 - - [16/Jan/2024:17:01:32 -0600] "GET /Gen1-P3CAMS/duenios/alta HTTP/1.1" 200 6255
0:0:0:0:0:0:0:1 - - [16/Jan/2024:17:01:35 -0600] "GET /Gen1-P3CAMS/duenios/alta HTTP/1.1" 200 6255
0:0:0:0:0:0:0:1 - - [16/Jan/2024:17:01:38 -0600] "GET /Gen1-P3CAMS/duenios/listar HTTP/1.1" 200 6832
0:0:0:0:0:0:0:1 - - [16/Jan/2024:17:01:40 -0600] "GET /Gen1-P3CAMS/inquilinos/listar HTTP/1.1" 200 6845
0:0:0:0:0:0:0:1 - - [16/Jan/2024:17:01:41 -0600] "GET /Gen1-P3CAMS/duenios/alta HTTP/1.1" 200 6255
0:0:0:0:0:0:0:1 - - [16/Jan/2024:17:01:48 -0600] "GET /Gen1-P3CAMS/duenios/listar HTTP/1.1" 200 6832
0:0:0:0:0:0:0:1 - - [16/Jan/2024:17:02:03 -0600] "GET /Gen1-P3CAMS/duenios/alta HTTP/1.1" 200 6255
0:0:0:0:0:0:0:1 - - [16/Jan/2024:17:03:13 -0600] "POST /Gen1-P3CAMS/duenios/alta HTTP/1.1" 302 -
0:0:0:0:0:0:0:1 - - [16/Jan/2024:17:03:13 -0600] "GET /Gen1-P3CAMS/duenios/listar HTTP/1.1" 200 7393
0:0:0:0:0:0:0:1 - - [16/Jan/2024:17:06:32 -0600] "GET /Gen1-P3CAMS/duenios/alta HTTP/1.1" 200 6255
127.0.0.1 - admin [16/Jan/2024:17:23:59 -0600] "PUT /manager/text/deploy?path=%2FGen1-P3CAMS&update=true HTTP/1.1" 200 82
127.0.0.1 - admin [16/Jan/2024:17:28:16 -0600] "PUT /manager/text/deploy?path=%2FGen1-P3CAMS&update=true HTTP/1.1" 200 82
0:0:0:0:0:0:0:1 - - [16/Jan/2024:17:29:21 -0600] "GET /Gen1-P3CAMS/duenios/listar HTTP/1.1" 200 7393
0:0:0:0:0:0:0:1 - - [16/Jan/2024:17:29:22 -0600] "GET /Gen1-P3CAMS/inquilinos/alta HTTP/1.1" 200 -
0:0:0:0:0:0:0:1 - - [16/Jan/2024:17:29:29 -0600] "GET /Gen1-P3CAMS/inquilinos/listar HTTP/1.1" 200 6845
0:0:0:0:0:0:0:1 - - [16/Jan/2024:17:29:33 -0600] "GET /Gen1-P3CAMS/inquilinos/alta HTTP/1.1" 200 -
0:0:0:0:0:0:0:1 - - [16/Jan/2024:17:29:46 -0600] "GET /Gen1-P3CAMS/inquilinos/alta HTTP/1.1" 200 -
127.0.0.1 - admin [16/Jan/2024:17:31:55 -0600] "PUT /manager/text/deploy?path=%2FGen1-P3CAMS&update=true HTTP/1.1" 200 82
0:0:0:0:0:0:0:1 - - [16/Jan/2024:17:31:56 -0600] "GET /Gen1-P3CAMS/inquilinos/alta HTTP/1.1" 200 6271
127.0.0.1 - admin [16/Jan/2024:17:32:26 -0600] "PUT /manager/text/deploy?path=%2FGen1-P3CAMS&update=true HTTP/1.1" 200 82
0:0:0:0:0:0:0:1 - - [16/Jan/2024:17:40:02 -0600] "GET /Gen1-P3CAMS/propiedades/listar HTTP/1.1" 200 6973
127.0.0.1 - admin [16/Jan/2024:17:49:55 -0600] "PUT /manager/text/deploy?path=%2FGen1-P3CAMS&update=true HTTP/1.1" 200 82
0:0:0:0:0:0:0:1 - - [16/Jan/2024:17:50:44 -0600] "GET /Gen1-P3CAMS/duenios/listar HTTP/1.1" 200 7393
0:0:0:0:0:0:0:1 - - [16/Jan/2024:17:50:47 -0600] "GET /Gen1-P3CAMS/duenios/detalle?id=1 HTTP/1.1" 500 3797
127.0.0.1 - admin [16/Jan/2024:17:53:38 -0600] "PUT /manager/text/deploy?path=%2FGen1-P3CAMS&update=true HTTP/1.1" 200 82
127.0.0.1 - admin [16/Jan/2024:17:53:55 -0600] "PUT /manager/text/deploy?path=%2FGen1-P3CAMS&update=true HTTP/1.1" 200 82
0:0:0:0:0:0:0:1 - - [16/Jan/2024:17:53:58 -0600] "GET /Gen1-P3CAMS/duenios/detalle?id=1 HTTP/1.1" 500 15928
127.0.0.1 - admin [16/Jan/2024:17:55:45 -0600] "PUT /manager/text/deploy?path=%2FGen1-P3CAMS&update=true HTTP/1.1" 200 82
0:0:0:0:0:0:0:1 - - [16/Jan/2024:17:55:51 -0600] "GET /Gen1-P3CAMS/duenios/detalle?id=1 HTTP/1.1" 500 3577
127.0.0.1 - admin [16/Jan/2024:17:58:55 -0600] "PUT /manager/text/deploy?path=%2FGen1-P3CAMS&update=true HTTP/1.1" 200 82
0:0:0:0:0:0:0:1 - - [16/Jan/2024:17:58:58 -0600] "GET /Gen1-P3CAMS/duenios/detalle?id=1 HTTP/1.1" 200 6547
0:0:0:0:0:0:0:1 - - [16/Jan/2024:17:59:01 -0600] "GET /Gen1-P3CAMS/duenios/listar HTTP/1.1" 200 7393
0:0:0:0:0:0:0:1 - - [16/Jan/2024:17:59:05 -0600] "GET /Gen1-P3CAMS/duenios/detalle?id=2 HTTP/1.1" 200 6546
0:0:0:0:0:0:0:1 - - [16/Jan/2024:17:59:23 -0600] "GET /Gen1-P3CAMS/duenios/listar HTTP/1.1" 200 7393
0:0:0:0:0:0:0:1 - - [16/Jan/2024:18:01:37 -0600] "GET /Gen1-P3CAMS/duenios/detalle?id=1 HTTP/1.1" 200 6547
0:0:0:0:0:0:0:1 - - [16/Jan/2024:18:01:39 -0600] "GET /Gen1-P3CAMS/duenios/listar HTTP/1.1" 200 7393
127.0.0.1 - admin [16/Jan/2024:18:06:15 -0600] "PUT /manager/text/deploy?path=%2FGen1-P3CAMS&update=true HTTP/1.1" 200 82
0:0:0:0:0:0:0:1 - - [16/Jan/2024:18:06:28 -0600] "GET /Gen1-P3CAMS/duenios/detalle?id=1 HTTP/1.1" 200 6882
0:0:0:0:0:0:0:1 - - [16/Jan/2024:18:09:41 -0600] "GET /Gen1-P3CAMS/duenios/listar HTTP/1.1" 200 7393
127.0.0.1 - admin [16/Jan/2024:18:10:09 -0600] "PUT /manager/text/deploy?path=%2FGen1-P3CAMS&update=true HTTP/1.1" 200 82
0:0:0:0:0:0:0:1 - - [16/Jan/2024:18:10:17 -0600] "GET /Gen1-P3CAMS/duenios/detalle?id=1 HTTP/1.1" 200 7339
127.0.0.1 - admin [16/Jan/2024:18:11:39 -0600] "PUT /manager/text/deploy?path=%2FGen1-Rutas&update=true HTTP/1.1" 200 81
0:0:0:0:0:0:0:1 - - [16/Jan/2024:18:11:46 -0600] "GET /Gen1-P3CAMS/duenios/listar HTTP/1.1" 200 7393
0:0:0:0:0:0:0:1 - - [16/Jan/2024:18:11:50 -0600] "GET /Gen1-P3CAMS/duenios/detalle?id=1 HTTP/1.1" 200 7339
127.0.0.1 - admin [16/Jan/2024:18:13:56 -0600] "PUT /manager/text/deploy?path=%2FGen1-P3CAMS&update=true HTTP/1.1" 200 82
0:0:0:0:0:0:0:1 - - [16/Jan/2024:18:14:01 -0600] "GET /Gen1-P3CAMS/duenios/listar HTTP/1.1" 200 7393
0:0:0:0:0:0:0:1 - - [16/Jan/2024:18:14:02 -0600] "GET /Gen1-P3CAMS/duenios/detalle?id=1 HTTP/1.1" 200 7022
127.0.0.1 - admin [16/Jan/2024:18:14:31 -0600] "PUT /manager/text/deploy?path=%2FGen1-P3CAMS&update=true HTTP/1.1" 200 82
0:0:0:0:0:0:0:1 - - [16/Jan/2024:18:14:35 -0600] "GET /Gen1-P3CAMS/duenios/detalle?id=1 HTTP/1.1" 200 6878
127.0.0.1 - admin [16/Jan/2024:18:15:13 -0600] "PUT /manager/text/deploy?path=%2FGen1-P3CAMS&update=true HTTP/1.1" 200 82
0:0:0:0:0:0:0:1 - - [16/Jan/2024:18:15:17 -0600] "GET /Gen1-P3CAMS/duenios/detalle?id=1 HTTP/1.1" 200 7333
127.0.0.1 - admin [16/Jan/2024:18:15:57 -0600] "PUT /manager/text/deploy?path=%2FGen1-P3CAMS&update=true HTTP/1.1" 200 82
0:0:0:0:0:0:0:1 - - [16/Jan/2024:18:15:57 -0600] "GET /Gen1-P3CAMS/duenios/listar HTTP/1.1" 200 7393
0:0:0:0:0:0:0:1 - - [16/Jan/2024:18:16:26 -0600] "GET /Gen1-P3CAMS/duenios/detalle?id=1 HTTP/1.1" 200 7403
0:0:0:0:0:0:0:1 - - [16/Jan/2024:18:16:44 -0600] "GET /Gen1-P3CAMS/duenios/listar HTTP/1.1" 200 7393
0:0:0:0:0:0:0:1 - - [16/Jan/2024:18:16:46 -0600] "GET /Gen1-P3CAMS/duenios/detalle?id=21 HTTP/1.1" 200 7400
127.0.0.1 - admin [16/Jan/2024:18:24:11 -0600] "PUT /manager/text/deploy?path=%2FGen1-P3CAMS&update=true HTTP/1.1" 200 82
0:0:0:0:0:0:0:1 - - [16/Jan/2024:18:24:13 -0600] "GET /Gen1-P3CAMS/duenios/listar HTTP/1.1" 200 7392
0:0:0:0:0:0:0:1 - - [16/Jan/2024:18:24:15 -0600] "GET /Gen1-P3CAMS/duenios/detalle?id=1 HTTP/1.1" 200 7402
0:0:0:0:0:0:0:1 - - [16/Jan/2024:18:24:16 -0600] "GET /Gen1-P3CAMS/duenios/listar HTTP/1.1" 200 7392
0:0:0:0:0:0:0:1 - - [16/Jan/2024:18:24:19 -0600] "GET /Gen1-P3CAMS/inquilinos/listar HTTP/1.1" 200 6844
0:0:0:0:0:0:0:1 - - [16/Jan/2024:18:24:21 -0600] "GET /Gen1-P3CAMS/inquilinos/detalle?id=1 HTTP/1.1" 500 11097
127.0.0.1 - admin [16/Jan/2024:18:26:04 -0600] "PUT /manager/text/deploy?path=%2FGen1-P3CAMS&update=true HTTP/1.1" 200 82
0:0:0:0:0:0:0:1 - - [16/Jan/2024:18:26:08 -0600] "GET /Gen1-P3CAMS/inquilinos/detalle?id=1 HTTP/1.1" 200 7409
0:0:0:0:0:0:0:1 - - [16/Jan/2024:18:26:20 -0600] "GET /Gen1-P3CAMS/inquilino/listar HTTP/1.1" 404 724
0:0:0:0:0:0:0:1 - - [16/Jan/2024:18:26:24 -0600] "GET /Gen1-P3CAMS/inquilino/listar HTTP/1.1" 404 724
0:0:0:0:0:0:0:1 - - [16/Jan/2024:18:26:38 -0600] "GET /Gen1-P3CAMS/inquilinos/listar HTTP/1.1" 200 6844
0:0:0:0:0:0:0:1 - - [16/Jan/2024:18:26:44 -0600] "GET /Gen1-P3CAMS/inquilinos/detalle?id=1 HTTP/1.1" 200 7409
0:0:0:0:0:0:0:1 - - [16/Jan/2024:18:26:47 -0600] "GET /Gen1-P3CAMS/inquilino/listar HTTP/1.1" 404 724
127.0.0.1 - admin [16/Jan/2024:18:27:19 -0600] "PUT /manager/text/deploy?path=%2FGen1-P3CAMS&update=true HTTP/1.1" 200 82
0:0:0:0:0:0:0:1 - - [16/Jan/2024:18:27:22 -0600] "GET /Gen1-P3CAMS/inquilino/listar HTTP/1.1" 404 724
0:0:0:0:0:0:0:1 - - [16/Jan/2024:18:27:26 -0600] "GET /Gen1-P3CAMS/inquilino/listar HTTP/1.1" 404 724
0:0:0:0:0:0:0:1 - - [16/Jan/2024:18:27:28 -0600] "GET /Gen1-P3CAMS/inquilino/listar HTTP/1.1" 404 724
0:0:0:0:0:0:0:1 - - [16/Jan/2024:18:27:32 -0600] "GET /Gen1-P3CAMS/inquilinos/listar HTTP/1.1" 200 6844
0:0:0:0:0:0:0:1 - - [16/Jan/2024:18:27:33 -0600] "GET /Gen1-P3CAMS/inquilinos/detalle?id=1 HTTP/1.1" 200 7412
0:0:0:0:0:0:0:1 - - [16/Jan/2024:18:27:35 -0600] "GET /Gen1-P3CAMS/inquilinos/listar HTTP/1.1" 200 6844
0:0:0:0:0:0:0:1 - - [16/Jan/2024:18:27:38 -0600] "GET /Gen1-P3CAMS/inquilinos/detalle?id=1 HTTP/1.1" 200 7412
0:0:0:0:0:0:0:1 - - [16/Jan/2024:18:27:39 -0600] "GET /Gen1-P3CAMS/inquilinos/listar HTTP/1.1" 200 6844
0:0:0:0:0:0:0:1 - - [16/Jan/2024:18:28:36 -0600] "GET /Gen1-P3CAMS/inquilinos/alta HTTP/1.1" 200 6278
0:0:0:0:0:0:0:1 - - [16/Jan/2024:18:29:07 -0600] "POST /Gen1-P3CAMS/duenios/alta HTTP/1.1" 200 6783
0:0:0:0:0:0:0:1 - - [16/Jan/2024:18:29:42 -0600] "POST /Gen1-P3CAMS/duenios/alta HTTP/1.1" 302 -
0:0:0:0:0:0:0:1 - - [16/Jan/2024:18:29:42 -0600] "GET /Gen1-P3CAMS/duenios/listar HTTP/1.1" 200 7960
0:0:0:0:0:0:0:1 - - [16/Jan/2024:18:30:04 -0600] "GET /Gen1-P3CAMS/inquilinos/listar HTTP/1.1" 200 6844
0:0:0:0:0:0:0:1 - - [16/Jan/2024:18:30:05 -0600] "GET /Gen1-P3CAMS/inquilinos/alta HTTP/1.1" 200 6278
0:0:0:0:0:0:0:1 - - [16/Jan/2024:18:30:29 -0600] "POST /Gen1-P3CAMS/duenios/alta HTTP/1.1" 200 6783
0:0:0:0:0:0:0:1 - - [16/Jan/2024:18:31:38 -0600] "GET /Gen1-P3CAMS/inquilinos/alta HTTP/1.1" 404 723
127.0.0.1 - admin [16/Jan/2024:18:31:38 -0600] "PUT /manager/text/deploy?path=%2FGen1-P3CAMS&update=true HTTP/1.1" 200 82
0:0:0:0:0:0:0:1 - - [16/Jan/2024:18:31:48 -0600] "GET /Gen1-P3CAMS/inquilinos/alta HTTP/1.1" 200 6281
0:0:0:0:0:0:0:1 - - [16/Jan/2024:18:32:11 -0600] "POST /Gen1-P3CAMS/inquilinos/alta HTTP/1.1" 302 -
0:0:0:0:0:0:0:1 - - [16/Jan/2024:18:32:11 -0600] "GET /Gen1-P3CAMS/inquilinos/listar HTTP/1.1" 200 7415
127.0.0.1 - admin [16/Jan/2024:20:44:24 -0600] "PUT /manager/text/deploy?path=%2FGen1-P3CAMS&update=true HTTP/1.1" 200 82
0:0:0:0:0:0:0:1 - - [16/Jan/2024:20:44:28 -0600] "GET /Gen1-P3CAMS/duenios/listar HTTP/1.1" 200 7960
0:0:0:0:0:0:0:1 - - [16/Jan/2024:20:44:34 -0600] "GET /Gen1-P3CAMS/duenios/alta HTTP/1.1" 200 6258
0:0:0:0:0:0:0:1 - - [16/Jan/2024:20:44:53 -0600] "POST /Gen1-P3CAMS/duenios/alta HTTP/1.1" 302 -
0:0:0:0:0:0:0:1 - - [16/Jan/2024:20:44:53 -0600] "GET /Gen1-P3CAMS/duenios/listar HTTP/1.1" 200 8542
0:0:0:0:0:0:0:1 - - [16/Jan/2024:20:44:58 -0600] "GET /Gen1-P3CAMS/duenios/detalle?id=23 HTTP/1.1" 200 7400
0:0:0:0:0:0:0:1 - - [16/Jan/2024:20:45:00 -0600] "GET /Gen1-P3CAMS/duenios/listar HTTP/1.1" 200 8542
0:0:0:0:0:0:0:1 - - [16/Jan/2024:20:45:02 -0600] "GET /Gen1-P3CAMS/duenios/eliminar?id=23 HTTP/1.1" 302 -
0:0:0:0:0:0:0:1 - - [16/Jan/2024:20:45:02 -0600] "GET /Gen1-P3CAMS/duenios/listar HTTP/1.1" 200 7960
127.0.0.1 - admin [16/Jan/2024:20:47:56 -0600] "PUT /manager/text/deploy?path=%2FGen1-P3CAMS&update=true HTTP/1.1" 200 82
127.0.0.1 - admin [16/Jan/2024:20:52:25 -0600] "PUT /manager/text/deploy?path=%2FGen1-P3CAMS&update=true HTTP/1.1" 200 82
0:0:0:0:0:0:0:1 - - [16/Jan/2024:20:52:33 -0600] "GET /Gen1-P3CAMS/duenios/listar HTTP/1.1" 200 8035
127.0.0.1 - admin [16/Jan/2024:20:54:18 -0600] "PUT /manager/text/deploy?path=%2FGen1-P3CAMS&update=true HTTP/1.1" 200 82
0:0:0:0:0:0:0:1 - - [16/Jan/2024:20:54:24 -0600] "GET /Gen1-P3CAMS/duenios/listar HTTP/1.1" 200 8047
0:0:0:0:0:0:0:1 - - [16/Jan/2024:20:54:27 -0600] "GET /Gen1-P3CAMS/duenios/listar HTTP/1.1" 200 8047
127.0.0.1 - admin [16/Jan/2024:20:57:44 -0600] "PUT /manager/text/deploy?path=%2FGen1-P3CAMS&update=true HTTP/1.1" 200 82
0:0:0:0:0:0:0:1 - - [16/Jan/2024:20:57:49 -0600] "GET /Gen1-P3CAMS/duenios/listar HTTP/1.1" 200 8060
127.0.0.1 - admin [16/Jan/2024:20:58:11 -0600] "PUT /manager/text/deploy?path=%2FGen1-P3CAMS&update=true HTTP/1.1" 200 82
0:0:0:0:0:0:0:1 - - [16/Jan/2024:20:58:14 -0600] "GET /Gen1-P3CAMS/duenios/listar HTTP/1.1" 200 8048
127.0.0.1 - admin [16/Jan/2024:20:58:34 -0600] "PUT /manager/text/deploy?path=%2FGen1-P3CAMS&update=true HTTP/1.1" 200 82
0:0:0:0:0:0:0:1 - - [16/Jan/2024:20:58:47 -0600] "GET /Gen1-P3CAMS/duenios/listar HTTP/1.1" 200 8047
127.0.0.1 - admin [16/Jan/2024:20:59:08 -0600] "PUT /manager/text/deploy?path=%2FGen1-P3CAMS&update=true HTTP/1.1" 200 82
0:0:0:0:0:0:0:1 - - [16/Jan/2024:20:59:12 -0600] "GET /Gen1-P3CAMS/duenios/listar HTTP/1.1" 200 8047
127.0.0.1 - admin [16/Jan/2024:21:20:00 -0600] "PUT /manager/text/deploy?path=%2FGen1-P3CAMS&update=true HTTP/1.1" 200 82
0:0:0:0:0:0:0:1 - - [16/Jan/2024:21:20:06 -0600] "GET /Gen1-P3CAMS/duenios/editar?id=1 HTTP/1.1" 500 22300
127.0.0.1 - admin [16/Jan/2024:21:20:59 -0600] "PUT /manager/text/deploy?path=%2FGen1-P3CAMS&update=true HTTP/1.1" 200 82
0:0:0:0:0:0:0:1 - - [16/Jan/2024:21:21:01 -0600] "GET /Gen1-P3CAMS/duenios/editar?id=1 HTTP/1.1" 500 4631
127.0.0.1 - admin [16/Jan/2024:21:22:51 -0600] "PUT /manager/text/deploy?path=%2FGen1-P3CAMS&update=true HTTP/1.1" 200 82
0:0:0:0:0:0:0:1 - - [16/Jan/2024:21:22:55 -0600] "GET /Gen1-P3CAMS/duenios/editar?id=1 HTTP/1.1" 500 22300
127.0.0.1 - admin [16/Jan/2024:21:24:13 -0600] "PUT /manager/text/deploy?path=%2FGen1-P3CAMS&update=true HTTP/1.1" 200 82
0:0:0:0:0:0:0:1 - - [16/Jan/2024:21:24:14 -0600] "GET /Gen1-P3CAMS/duenios/editar?id=1 HTTP/1.1" 500 22300
0:0:0:0:0:0:0:1 - - [16/Jan/2024:21:24:18 -0600] "GET /Gen1-P3CAMS/duenios/editar?id=1 HTTP/1.1" 500 4344
127.0.0.1 - admin [16/Jan/2024:21:25:10 -0600] "PUT /manager/text/deploy?path=%2FGen1-P3CAMS&update=true HTTP/1.1" 200 82
0:0:0:0:0:0:0:1 - - [16/Jan/2024:21:25:19 -0600] "GET /Gen1-P3CAMS/duenios/editar?id=1 HTTP/1.1" 200 7799
0:0:0:0:0:0:0:1 - - [16/Jan/2024:21:25:34 -0600] "POST /Gen1-P3CAMS/duenios/editar HTTP/1.1" 302 -
0:0:0:0:0:0:0:1 - - [16/Jan/2024:21:25:34 -0600] "GET /Gen1-P3CAMS/duenios/listar HTTP/1.1" 200 8047
0:0:0:0:0:0:0:1 - - [16/Jan/2024:21:25:43 -0600] "GET /Gen1-P3CAMS/duenios/editar?id=1 HTTP/1.1" 200 7799
0:0:0:0:0:0:0:1 - - [16/Jan/2024:21:25:50 -0600] "POST /Gen1-P3CAMS/duenios/editar HTTP/1.1" 302 -
0:0:0:0:0:0:0:1 - - [16/Jan/2024:21:25:50 -0600] "GET /Gen1-P3CAMS/duenios/listar HTTP/1.1" 200 8047
0:0:0:0:0:0:0:1 - - [16/Jan/2024:21:26:06 -0600] "GET /Gen1-P3CAMS/duenios/editar?id=2 HTTP/1.1" 200 7798
0:0:0:0:0:0:0:1 - - [16/Jan/2024:21:26:10 -0600] "GET /Gen1-P3CAMS/duenios/listar HTTP/1.1" 200 8047
0:0:0:0:0:0:0:1 - - [16/Jan/2024:21:26:13 -0600] "GET /Gen1-P3CAMS/duenios/alta HTTP/1.1" 200 6329
0:0:0:0:0:0:0:1 - - [16/Jan/2024:21:26:15 -0600] "GET /Gen1-P3CAMS/duenios/listar HTTP/1.1" 200 8047
0:0:0:0:0:0:0:1 - - [16/Jan/2024:21:31:04 -0600] "GET /Gen1-P3CAMS/duenios/editar?id=1 HTTP/1.1" 200 7799
0:0:0:0:0:0:0:1 - - [16/Jan/2024:21:31:08 -0600] "POST /Gen1-P3CAMS/duenios/editar HTTP/1.1" 302 -
0:0:0:0:0:0:0:1 - - [16/Jan/2024:21:31:08 -0600] "GET /Gen1-P3CAMS/duenios/listar HTTP/1.1" 200 8047
0:0:0:0:0:0:0:1 - - [16/Jan/2024:21:31:32 -0600] "GET /Gen1-P3CAMS/propiedades/listar HTTP/1.1" 200 7059
0:0:0:0:0:0:0:1 - - [16/Jan/2024:21:31:45 -0600] "GET /Gen1-P3CAMS/inquilinos/listar HTTP/1.1" 200 7502
0:0:0:0:0:0:0:1 - - [16/Jan/2024:21:31:48 -0600] "GET /Gen1-P3CAMS/duenios/listar HTTP/1.1" 200 8047
0:0:0:0:0:0:0:1 - - [16/Jan/2024:21:32:12 -0600] "GET /Gen1-P3CAMS/propiedades/listar HTTP/1.1" 200 7059
0:0:0:0:0:0:0:1 - - [16/Jan/2024:21:32:20 -0600] "GET /Gen1-P3CAMS/duenios/listar HTTP/1.1" 200 8047
0:0:0:0:0:0:0:1 - - [16/Jan/2024:21:32:21 -0600] "GET /Gen1-P3CAMS/duenios/detalle?id=1 HTTP/1.1" 200 7485
127.0.0.1 - admin [16/Jan/2024:21:44:05 -0600] "PUT /manager/text/deploy?path=%2FGen1-P3CAMS&update=true HTTP/1.1" 200 82
0:0:0:0:0:0:0:1 - - [16/Jan/2024:21:44:14 -0600] "GET /Gen1-P3CAMS/duenios/editar?id=1 HTTP/1.1" 200 7639
0:0:0:0:0:0:0:1 - - [16/Jan/2024:21:44:18 -0600] "POST /Gen1-P3CAMS/duenios/editar HTTP/1.1" 500 1423
127.0.0.1 - admin [16/Jan/2024:21:47:18 -0600] "PUT /manager/text/deploy?path=%2FGen1-P3CAMS&update=true HTTP/1.1" 200 82
0:0:0:0:0:0:0:1 - - [16/Jan/2024:21:47:23 -0600] "POST /Gen1-P3CAMS/duenios/editar HTTP/1.1" 500 1423
127.0.0.1 - admin [16/Jan/2024:21:53:14 -0600] "PUT /manager/text/deploy?path=%2FGen1-P3CAMS&update=true HTTP/1.1" 200 82
0:0:0:0:0:0:0:1 - - [16/Jan/2024:21:53:22 -0600] "POST /Gen1-P3CAMS/duenios/editar HTTP/1.1" 302 -
0:0:0:0:0:0:0:1 - - [16/Jan/2024:21:53:23 -0600] "GET /Gen1-P3CAMS/duenios/listar HTTP/1.1" 200 8634
0:0:0:0:0:0:0:1 - - [16/Jan/2024:21:53:26 -0600] "GET /Gen1-P3CAMS/duenios/eliminar?id=24 HTTP/1.1" 302 -
0:0:0:0:0:0:0:1 - - [16/Jan/2024:21:53:26 -0600] "GET /Gen1-P3CAMS/duenios/listar HTTP/1.1" 200 8047
0:0:0:0:0:0:0:1 - - [16/Jan/2024:21:54:40 -0600] "GET /Gen1-P3CAMS/duenios/detalle?id=1 HTTP/1.1" 200 7485
0:0:0:0:0:0:0:1 - - [16/Jan/2024:21:54:43 -0600] "GET /Gen1-P3CAMS/duenios/editar?id=1 HTTP/1.1" 200 7641
127.0.0.1 - admin [16/Jan/2024:21:56:23 -0600] "PUT /manager/text/deploy?path=%2FGen1-P3CAMS&update=true HTTP/1.1" 200 82
0:0:0:0:0:0:0:1 - - [16/Jan/2024:21:56:29 -0600] "POST /Gen1-P3CAMS/duenios/editar HTTP/1.1" 302 -
0:0:0:0:0:0:0:1 - - [16/Jan/2024:21:56:30 -0600] "GET /Gen1-P3CAMS/duenios/listar HTTP/1.1" 200 8047
127.0.0.1 - admin [16/Jan/2024:22:20:19 -0600] "PUT /manager/text/deploy?path=%2FGen1-P3CAMS&update=true HTTP/1.1" 200 82
0:0:0:0:0:0:0:1 - - [16/Jan/2024:22:20:29 -0600] "GET /Gen1-P3CAMS/duenios/editar?id=1 HTTP/1.1" 200 7154
0:0:0:0:0:0:0:1 - - [16/Jan/2024:22:20:31 -0600] "POST /Gen1-P3CAMS/duenios/editar HTTP/1.1" 302 -
0:0:0:0:0:0:0:1 - - [16/Jan/2024:22:20:31 -0600] "GET /Gen1-P3CAMS/duenios/listar HTTP/1.1" 200 8047
127.0.0.1 - admin [16/Jan/2024:22:20:44 -0600] "PUT /manager/text/deploy?path=%2FGen1-P3CAMS&update=true HTTP/1.1" 200 82
127.0.0.1 - admin [16/Jan/2024:22:21:16 -0600] "PUT /manager/text/deploy?path=%2FGen1-P3CAMS&update=true HTTP/1.1" 200 82
0:0:0:0:0:0:0:1 - - [16/Jan/2024:22:21:23 -0600] "GET /Gen1-P3CAMS/duenios/detalle?id=1 HTTP/1.1" 200 7485
0:0:0:0:0:0:0:1 - - [16/Jan/2024:22:21:25 -0600] "GET /Gen1-P3CAMS/duenios/editar?id=1 HTTP/1.1" 200 7154
0:0:0:0:0:0:0:1 - - [16/Jan/2024:22:21:29 -0600] "POST /Gen1-P3CAMS/duenios/editar HTTP/1.1" 302 -
0:0:0:0:0:0:0:1 - - [16/Jan/2024:22:21:29 -0600] "GET /Gen1-P3CAMS/duenios/listar HTTP/1.1" 200 8046
0:0:0:0:0:0:0:1 - - [16/Jan/2024:22:21:32 -0600] "GET /Gen1-P3CAMS/duenios/editar?id=1 HTTP/1.1" 200 7153
0:0:0:0:0:0:0:1 - - [16/Jan/2024:22:21:36 -0600] "POST /Gen1-P3CAMS/duenios/editar HTTP/1.1" 302 -
0:0:0:0:0:0:0:1 - - [16/Jan/2024:22:21:37 -0600] "GET /Gen1-P3CAMS/duenios/listar HTTP/1.1" 200 8046
127.0.0.1 - admin [16/Jan/2024:22:28:31 -0600] "PUT /manager/text/deploy?path=%2FGen1-P3CAMS&update=true HTTP/1.1" 200 82
0:0:0:0:0:0:0:1 - - [16/Jan/2024:22:28:42 -0600] "GET /Gen1-P3CAMS/duenios/editar?id=1 HTTP/1.1" 200 7344
0:0:0:0:0:0:0:1 - - [16/Jan/2024:22:28:48 -0600] "POST /Gen1-P3CAMS/duenios/editar HTTP/1.1" 500 1423
127.0.0.1 - admin [16/Jan/2024:22:29:25 -0600] "PUT /manager/text/deploy?path=%2FGen1-P3CAMS&update=true HTTP/1.1" 200 82
0:0:0:0:0:0:0:1 - - [16/Jan/2024:22:29:38 -0600] "POST /Gen1-P3CAMS/duenios/editar HTTP/1.1" 500 1423
127.0.0.1 - admin [16/Jan/2024:22:30:30 -0600] "PUT /manager/text/deploy?path=%2FGen1-P3CAMS&update=true HTTP/1.1" 200 82
0:0:0:0:0:0:0:1 - - [16/Jan/2024:22:30:34 -0600] "GET /Gen1-P3CAMS/duenios/editar?id=1 HTTP/1.1" 200 7389
0:0:0:0:0:0:0:1 - - [16/Jan/2024:22:30:43 -0600] "POST /Gen1-P3CAMS/duenios/editar HTTP/1.1" 302 -
0:0:0:0:0:0:0:1 - - [16/Jan/2024:22:30:43 -0600] "GET /Gen1-P3CAMS/duenios/listar HTTP/1.1" 200 8047
0:0:0:0:0:0:0:1 - - [16/Jan/2024:22:30:46 -0600] "GET /Gen1-P3CAMS/duenios/editar?id=1 HTTP/1.1" 200 7390
0:0:0:0:0:0:0:1 - - [16/Jan/2024:22:30:51 -0600] "POST /Gen1-P3CAMS/duenios/editar HTTP/1.1" 302 -
0:0:0:0:0:0:0:1 - - [16/Jan/2024:22:30:51 -0600] "GET /Gen1-P3CAMS/duenios/listar HTTP/1.1" 200 8047
127.0.0.1 - admin [16/Jan/2024:22:33:06 -0600] "PUT /manager/text/deploy?path=%2FGen1-P3CAMS&update=true HTTP/1.1" 200 82
0:0:0:0:0:0:0:1 - - [16/Jan/2024:22:33:15 -0600] "GET /Gen1-P3CAMS/inquilinos/listar HTTP/1.1" 200 7502
0:0:0:0:0:0:0:1 - - [16/Jan/2024:22:33:19 -0600] "GET /Gen1-P3CAMS/inquilinos/editar?id=1 HTTP/1.1" 200 7397
0:0:0:0:0:0:0:1 - - [16/Jan/2024:22:33:23 -0600] "POST /Gen1-P3CAMS/inquilinos/editar HTTP/1.1" 500 3792
127.0.0.1 - admin [16/Jan/2024:22:34:45 -0600] "PUT /manager/text/deploy?path=%2FGen1-P3CAMS&update=true HTTP/1.1" 200 82
0:0:0:0:0:0:0:1 - - [16/Jan/2024:22:34:52 -0600] "POST /Gen1-P3CAMS/inquilinos/editar HTTP/1.1" 302 -
0:0:0:0:0:0:0:1 - - [16/Jan/2024:22:34:52 -0600] "GET /Gen1-P3CAMS/inquilinos/listar HTTP/1.1" 200 7501
0:0:0:0:0:0:0:1 - - [16/Jan/2024:22:35:02 -0600] "GET /Gen1-P3CAMS/inquilinos/editar?id=1 HTTP/1.1" 200 7396
0:0:0:0:0:0:0:1 - - [16/Jan/2024:22:35:08 -0600] "POST /Gen1-P3CAMS/inquilinos/editar HTTP/1.1" 302 -
0:0:0:0:0:0:0:1 - - [16/Jan/2024:22:35:08 -0600] "GET /Gen1-P3CAMS/inquilinos/listar HTTP/1.1" 200 7501
